Archive member included because of file (symbol)

/usr/local/bin/../lib/gcc/msp430/4.7.2/mmpy-16/libgcc.a(_mulsi3.o)
                              build/sky/obj/cfs-coffee.o (__mulsi3)
/usr/local/bin/../lib/gcc/msp430/4.7.2/mmpy-16/libgcc.a(_udivmod16.o)
                              build/sky/obj/cfs-coffee.o (__udivhi3)
/usr/local/bin/../lib/gcc/msp430/4.7.2/mmpy-16/libgcc.a(_divmod16.o)
                              build/sky/obj/link-stats.o (__divhi3)
/usr/local/bin/../lib/gcc/msp430/4.7.2/mmpy-16/libgcc.a(_udivmod32.o)
                              build/sky/obj/ifft.o (__udivsi3)
/usr/local/bin/../lib/gcc/msp430/4.7.2/mmpy-16/libgcc.a(_divmod32.o)
                              build/sky/obj/cfs-coffee.o (__divsi3)
/usr/local/bin/../lib/gcc/msp430/4.7.2/../../../../msp430/lib/mmpy-16/libc.a(printf.o)
                              build/sky/obj/assert.o (printf)
/usr/local/bin/../lib/gcc/msp430/4.7.2/../../../../msp430/lib/mmpy-16/libc.a(sprintf.o)
                              build/sky/obj/log.o (snprintf)
/usr/local/bin/../lib/gcc/msp430/4.7.2/../../../../msp430/lib/mmpy-16/libc.a(vuprintf.o)
                              /usr/local/bin/../lib/gcc/msp430/4.7.2/../../../../msp430/lib/mmpy-16/libc.a(printf.o) (vuprintf)
/usr/local/bin/../lib/gcc/msp430/4.7.2/../../../../msp430/lib/mmpy-16/libc.a(puts.o)
                              build/sky/obj/assert.o (puts)
/usr/local/bin/../lib/gcc/msp430/4.7.2/../../../../msp430/lib/mmpy-16/libc.a(rand.o)
                              build/sky/obj/random.o (rand)
/usr/local/bin/../lib/gcc/msp430/4.7.2/../../../../msp430/lib/mmpy-16/libc.a(strcmp.o)
                              build/sky/obj/cfs-coffee.o (strcmp)
/usr/local/bin/../lib/gcc/msp430/4.7.2/../../../../msp430/lib/mmpy-16/libc.a(strncmp.o)
                              build/sky/obj/sensors.o (strncmp)
/usr/local/bin/../lib/gcc/msp430/4.7.2/../../../../msp430/lib/mmpy-16/libc.a(memcmp.o)
                              build/sky/obj/ip64-addr.o (memcmp)
/usr/local/bin/../lib/gcc/msp430/4.7.2/../../../../msp430/lib/mmpy-16/libc.a(strncpy.o)
                              build/sky/obj/cfs-coffee.o (strncpy)
/usr/local/bin/../lib/gcc/msp430/4.7.2/../../../../msp430/lib/mmpy-16/libc.a(memcpy.o)
                              build/sky/obj/aes-128.o (memcpy)
/usr/local/bin/../lib/gcc/msp430/4.7.2/../../../../msp430/lib/mmpy-16/libc.a(memmove.o)
                              build/sky/obj/rpl-ext-header.o (memmove)
/usr/local/bin/../lib/gcc/msp430/4.7.2/../../../../msp430/lib/mmpy-16/libc.a(memset.o)
                              build/sky/obj/cfs-coffee.o (memset)
/usr/local/bin/../lib/gcc/msp430/4.7.2/mmpy-16/libgcc.a(_udivmod64.o)
                              /usr/local/bin/../lib/gcc/msp430/4.7.2/../../../../msp430/lib/mmpy-16/libc.a(vuprintf.o) (__udivdi3)
/usr/local/bin/../lib/gcc/msp430/4.7.2/mmpy-16/libcrt0.a(_reset_vector__.o)
                              (_reset_vector__)
/usr/local/bin/../lib/gcc/msp430/4.7.2/mmpy-16/libcrt0.a(__watchdog_support.o)
                              /usr/local/bin/../lib/gcc/msp430/4.7.2/mmpy-16/libcrt0.a(_reset_vector__.o) (__watchdog_support)
/usr/local/bin/../lib/gcc/msp430/4.7.2/mmpy-16/libcrt0.a(__init_stack.o)
                              /usr/local/bin/../lib/gcc/msp430/4.7.2/mmpy-16/libcrt0.a(_reset_vector__.o) (__init_stack)
/usr/local/bin/../lib/gcc/msp430/4.7.2/mmpy-16/libcrt0.a(__low_level_init.o)
                              /usr/local/bin/../lib/gcc/msp430/4.7.2/mmpy-16/libcrt0.a(_reset_vector__.o) (__low_level_init)
/usr/local/bin/../lib/gcc/msp430/4.7.2/mmpy-16/libcrt0.a(_copy_data.o)
                              /usr/local/bin/../lib/gcc/msp430/4.7.2/mmpy-16/libcrt0.a(_reset_vector__.o) (__do_copy_data)
/usr/local/bin/../lib/gcc/msp430/4.7.2/mmpy-16/libcrt0.a(_clear_bss.o)
                              /usr/local/bin/../lib/gcc/msp430/4.7.2/mmpy-16/libcrt0.a(_reset_vector__.o) (__do_clear_bss)
/usr/local/bin/../lib/gcc/msp430/4.7.2/mmpy-16/libcrt0.a(__stop_progExec__.o)
                              /usr/local/bin/../lib/gcc/msp430/4.7.2/mmpy-16/libcrt0.a(_reset_vector__.o) (__stop_progExec__)
/usr/local/bin/../lib/gcc/msp430/4.7.2/mmpy-16/libcrt0.a(_endless_loop__.o)
                              /usr/local/bin/../lib/gcc/msp430/4.7.2/mmpy-16/libcrt0.a(_reset_vector__.o) (_endless_loop__)
/usr/local/bin/../lib/gcc/msp430/4.7.2/mmpy-16/libcrt0.a(_unexpected_.o)
                              /usr/local/bin/../lib/gcc/msp430/4.7.2/mmpy-16/crt0ivtbl16.o (_unexpected_)

Allocating common symbols
Common symbol       size              file

compower_idle_activity
                    0x10              build/sky/obj/compower.o
uip_ds6_timer_ra    0x8               build/sky/obj/uip-ds6.o
cc2420_last_rssi    0x1               build/sky/obj/cc2420.o
uip_ds6_if          0x110             build/sky/obj/uip-ds6.o
uip_ds6_netif_addr_list_offset
                    0x1               build/sky/obj/uip-ds6.o
[...]
Memory Configuration

Name             Origin             Length             Attributes
sfr              0x00000000         0x00000010
peripheral_8bit  0x00000010         0x000000f0
peripheral_16bit 0x00000100         0x00000100
ram_mirror       0x00000200         0x00000800         xw
infomem          0x00001000         0x00000100
infob            0x00001000         0x00000080
infoa            0x00001080         0x00000080
ram              0x00001100         0x00002800         xw
rom              0x00004000         0x0000bfe0         xr
vectors          0x0000ffe0         0x00000020
bsl              0x00000000         0x00000000
infoc            0x00000000         0x00000000
infod            0x00000000         0x00000000
ram2             0x00000000         0x00000000         xw
usbram           0x00000000         0x00000000         xw
far_rom          0x00000000         0x00000000
*default*        0x00000000         0xffffffff

Linker script and memory map

LOAD /usr/local/bin/../lib/gcc/msp430/4.7.2/mmpy-16/crt0ivtbl16.o
                0x00002fb4                _stack = _end
LOAD build/sky/obj/aes-128.o
LOAD build/sky/obj/anti-replay.o
LOAD build/sky/obj/assert.o
LOAD build/sky/obj/atomic.o
LOAD build/sky/obj/autostart.o
LOAD build/sky/obj/battery-sensor.o
LOAD build/sky/obj/button-hal.o
LOAD build/sky/obj/button-sensor.o
LOAD build/sky/obj/cc2420-arch-sfd.o
LOAD build/sky/obj/cc2420-arch.o
LOAD build/sky/obj/cc2420-tsch-15ms.o
LOAD build/sky/obj/cc2420.o
LOAD build/sky/obj/ccm-star-packetbuf.o
LOAD build/sky/obj/ccm-star.o
LOAD build/sky/obj/cfs-coffee.o
LOAD build/sky/obj/circular-list.o
LOAD build/sky/obj/clock.o
LOAD build/sky/obj/compower.o
LOAD build/sky/obj/contiki-main.o
LOAD build/sky/obj/contiki-sky-platform.o
LOAD build/sky/obj/crc16.o
LOAD build/sky/obj/csma-output.o
LOAD build/sky/obj/csma-security.o
LOAD build/sky/obj/csma.o
LOAD build/sky/obj/ctimer.o
LOAD build/sky/obj/dbl-circ-list.o
LOAD build/sky/obj/dbl-list.o
LOAD build/sky/obj/ds2411.o
LOAD build/sky/obj/energest.o
LOAD build/sky/obj/etimer.o
LOAD build/sky/obj/flash.o
LOAD build/sky/obj/frame802154.o
LOAD build/sky/obj/frame802154e-ie.o
LOAD build/sky/obj/framer-802154.o
LOAD build/sky/obj/gpio-hal.o
LOAD build/sky/obj/heapmem.o
LOAD build/sky/obj/hexconv.o
LOAD build/sky/obj/i2c.o
LOAD build/sky/obj/ifft.o
LOAD build/sky/obj/int-master.o
LOAD build/sky/obj/ip64-addr.o
LOAD build/sky/obj/leds-arch.o
LOAD build/sky/obj/leds.o
LOAD build/sky/obj/light-sensor.o
LOAD build/sky/obj/link-stats.o
LOAD build/sky/obj/linkaddr.o
LOAD build/sky/obj/list.o
LOAD build/sky/obj/log.o
LOAD build/sky/obj/lpm.o
LOAD build/sky/obj/mac-sequence.o
LOAD build/sky/obj/mac.o
LOAD build/sky/obj/memb.o
LOAD build/sky/obj/msp430.o
LOAD build/sky/obj/mutex.o
LOAD build/sky/obj/nbr-table.o
LOAD build/sky/obj/net-debug.o
LOAD build/sky/obj/netstack.o
LOAD build/sky/obj/node-id.o
LOAD build/sky/obj/nullframer.o
LOAD build/sky/obj/nullradio.o
LOAD build/sky/obj/packetbuf.o
LOAD build/sky/obj/platform.o
LOAD build/sky/obj/process.o
LOAD build/sky/obj/psock.o
LOAD build/sky/obj/queuebuf.o
LOAD build/sky/obj/random.o
LOAD build/sky/obj/ringbuf.o
LOAD build/sky/obj/ringbufindex.o
LOAD build/sky/obj/rpl-dag-root.o
LOAD build/sky/obj/rpl-dag.o
LOAD build/sky/obj/rpl-ext-header.o
LOAD build/sky/obj/rpl-icmp6.o
LOAD build/sky/obj/rpl-mrhof.o
LOAD build/sky/obj/rpl-nbr-policy.o
LOAD build/sky/obj/rpl-neighbor.o
LOAD build/sky/obj/rpl-of0.o
LOAD build/sky/obj/rpl-timers.o
LOAD build/sky/obj/rpl.o
LOAD build/sky/obj/rtimer-arch.o
LOAD build/sky/obj/rtimer.o
LOAD build/sky/obj/sensors.o
LOAD build/sky/obj/serial-line.o
LOAD build/sky/obj/sht11-sensor.o
LOAD build/sky/obj/sht11.o
LOAD build/sky/obj/sicslowpan.o
LOAD build/sky/obj/simple-udp.o
LOAD build/sky/obj/sky-sensors.o
LOAD build/sky/obj/slip.o
LOAD build/sky/obj/slip_uart1.o
LOAD build/sky/obj/spi-legacy.o
LOAD build/sky/obj/spi.o
LOAD build/sky/obj/stack-check.o
LOAD build/sky/obj/stimer.o
LOAD build/sky/obj/tcp-socket.o
LOAD build/sky/obj/tcpip.o
LOAD build/sky/obj/timer.o
LOAD build/sky/obj/trickle-timer.o
LOAD build/sky/obj/uart1-putchar.o
LOAD build/sky/obj/uart1.o
LOAD build/sky/obj/udp-client.o
LOAD build/sky/obj/udp-socket.o
LOAD build/sky/obj/uip-ds6-nbr.o
LOAD build/sky/obj/uip-ds6-route.o
LOAD build/sky/obj/uip-ds6.o
LOAD build/sky/obj/uip-icmp6.o
LOAD build/sky/obj/uip-ipchksum.o
LOAD build/sky/obj/uip-nameserver.o
LOAD build/sky/obj/uip-nd6.o
LOAD build/sky/obj/uip-packetqueue.o
LOAD build/sky/obj/uip-sr.o
LOAD build/sky/obj/uip-udp-packet.o
LOAD build/sky/obj/uip6.o
LOAD build/sky/obj/uipbuf.o
LOAD build/sky/obj/uiplib.o
LOAD build/sky/obj/watchdog.o
LOAD build/sky/obj/xmem.o
LOAD /usr/local/bin/../lib/gcc/msp430/4.7.2/mmpy-16/libgcc.a
LOAD /usr/local/bin/../lib/gcc/msp430/4.7.2/../../../../msp430/lib/mmpy-16/libc.a
LOAD /usr/local/bin/../lib/gcc/msp430/4.7.2/mmpy-16/libgcc.a
LOAD /usr/local/bin/../lib/gcc/msp430/4.7.2/mmpy-16/libcrt0.a
                0x00000080                PROVIDE (__info_segment_size, 0x80)
                0x00001000                PROVIDE (__infob, 0x1000)
                0x00001080                PROVIDE (__infoa, 0x1080)
                0x00000000                __IE1 = 0x0
                0x00000002                __IFG1 = 0x2
                0x00000004                __ME1 = 0x4
                0x00000001                __IE2 = 0x1
                0x00000003                __IFG2 = 0x3
                0x00000005                __ME2 = 0x5
                0x00000120                __WDTCTL = 0x120
                0x00000130                __MPY = 0x130
                0x00000132                __MPYS = 0x132
                0x00000134                __MAC = 0x134
                0x00000136                __MACS = 0x136
                0x00000138                __OP2 = 0x138
                0x0000013a                __RESLO = 0x13a
                0x0000013c                __RESHI = 0x13c
                0x0000013e                __SUMEXT = 0x13e
                0x00000020                __P1IN = 0x20
                0x00000021                __P1OUT = 0x21
                0x00000022                __P1DIR = 0x22
                0x00000023                __P1IFG = 0x23
                0x00000024                __P1IES = 0x24
                0x00000025                __P1IE = 0x25
                0x00000026                __P1SEL = 0x26
                0x00000028                __P2IN = 0x28
                0x00000029                __P2OUT = 0x29
                0x0000002a                __P2DIR = 0x2a
                0x0000002b                __P2IFG = 0x2b
                0x0000002c                __P2IES = 0x2c
                0x0000002d                __P2IE = 0x2d
                0x0000002e                __P2SEL = 0x2e
                0x00000018                __P3IN = 0x18
                0x00000019                __P3OUT = 0x19
                0x0000001a                __P3DIR = 0x1a
                0x0000001b                __P3SEL = 0x1b
                0x0000001c                __P4IN = 0x1c
                0x0000001d                __P4OUT = 0x1d
                0x0000001e                __P4DIR = 0x1e
                0x0000001f                __P4SEL = 0x1f
                0x00000030                __P5IN = 0x30
                0x00000031                __P5OUT = 0x31
                0x00000032                __P5DIR = 0x32
                0x00000033                __P5SEL = 0x33
                0x00000034                __P6IN = 0x34
                0x00000035                __P6OUT = 0x35
                0x00000036                __P6DIR = 0x36
                0x00000037                __P6SEL = 0x37
                0x00000070                __U0CTL = 0x70
                0x00000071                __U0TCTL = 0x71
                0x00000072                __U0RCTL = 0x72
                0x00000073                __U0MCTL = 0x73
                0x00000074                __U0BR0 = 0x74
                0x00000075                __U0BR1 = 0x75
                0x00000076                __U0RXBUF = 0x76
                0x00000077                __U0TXBUF = 0x77
                0x00000078                __U1CTL = 0x78
                0x00000079                __U1TCTL = 0x79
                0x0000007a                __U1RCTL = 0x7a
                0x0000007b                __U1MCTL = 0x7b
                0x0000007c                __U1BR0 = 0x7c
                0x0000007d                __U1BR1 = 0x7d
                0x0000007e                __U1RXBUF = 0x7e
                0x0000007f                __U1TXBUF = 0x7f
                0x00000050                __I2CIE = 0x50
                0x00000051                __I2CIFG = 0x51
                0x00000052                __I2CNDAT = 0x52
                0x00000071                __I2CTCTL = 0x71
                0x00000072                __I2CDCTL = 0x72
                0x00000073                __I2CPSC = 0x73
                0x00000074                __I2CSCLH = 0x74
                0x00000075                __I2CSCLL = 0x75
                0x00000076                __I2CDRB = 0x76
                0x00000076                __I2CDRW = 0x76
                0x00000118                __I2COA = 0x118
                0x0000011a                __I2CSA = 0x11a
                0x0000011c                __I2CIV = 0x11c
                0x0000012e                __TAIV = 0x12e
                0x00000160                __TACTL = 0x160
                0x00000162                __TACCTL0 = 0x162
                0x00000164                __TACCTL1 = 0x164
                0x00000166                __TACCTL2 = 0x166
                0x00000170                __TAR = 0x170
                0x00000172                __TACCR0 = 0x172
                0x00000174                __TACCR1 = 0x174
                0x00000176                __TACCR2 = 0x176
                0x0000011e                __TBIV = 0x11e
                0x00000180                __TBCTL = 0x180
                0x00000182                __TBCCTL0 = 0x182
                0x00000184                __TBCCTL1 = 0x184
                0x00000186                __TBCCTL2 = 0x186
                0x00000188                __TBCCTL3 = 0x188
                0x0000018a                __TBCCTL4 = 0x18a
                0x0000018c                __TBCCTL5 = 0x18c
                0x0000018e                __TBCCTL6 = 0x18e
                0x00000190                __TBR = 0x190
                0x00000192                __TBCCR0 = 0x192
                0x00000194                __TBCCR1 = 0x194
                0x00000196                __TBCCR2 = 0x196
                0x00000198                __TBCCR3 = 0x198
                0x0000019a                __TBCCR4 = 0x19a
                0x0000019c                __TBCCR5 = 0x19c
                0x0000019e                __TBCCR6 = 0x19e
                0x00000056                __DCOCTL = 0x56
                0x00000057                __BCSCTL1 = 0x57
                0x00000058                __BCSCTL2 = 0x58
                0x00000055                __SVSCTL = 0x55
                0x00000128                __FCTL1 = 0x128
                0x0000012a                __FCTL2 = 0x12a
                0x0000012c                __FCTL3 = 0x12c
                0x00000059                __CACTL1 = 0x59
                0x0000005a                __CACTL2 = 0x5a
                0x0000005b                __CAPD = 0x5b
                0x000001a0                __ADC12CTL0 = 0x1a0
                0x000001a2                __ADC12CTL1 = 0x1a2
                0x000001a4                __ADC12IFG = 0x1a4
                0x000001a6                __ADC12IE = 0x1a6
                0x000001a8                __ADC12IV = 0x1a8
                0x00000140                __ADC12MEM0 = 0x140
                0x00000142                __ADC12MEM1 = 0x142
                0x00000144                __ADC12MEM2 = 0x144
                0x00000146                __ADC12MEM3 = 0x146
                0x00000148                __ADC12MEM4 = 0x148
                0x0000014a                __ADC12MEM5 = 0x14a
                0x0000014c                __ADC12MEM6 = 0x14c
                0x0000014e                __ADC12MEM7 = 0x14e
                0x00000150                __ADC12MEM8 = 0x150
                0x00000152                __ADC12MEM9 = 0x152
                0x00000154                __ADC12MEM10 = 0x154
                0x00000156                __ADC12MEM11 = 0x156
                0x00000158                __ADC12MEM12 = 0x158
                0x0000015a                __ADC12MEM13 = 0x15a
                0x0000015c                __ADC12MEM14 = 0x15c
                0x0000015e                __ADC12MEM15 = 0x15e
                0x00000080                __ADC12MCTL0 = 0x80
                0x00000081                __ADC12MCTL1 = 0x81
                0x00000082                __ADC12MCTL2 = 0x82
                0x00000083                __ADC12MCTL3 = 0x83
                0x00000084                __ADC12MCTL4 = 0x84
                0x00000085                __ADC12MCTL5 = 0x85
                0x00000086                __ADC12MCTL6 = 0x86
                0x00000087                __ADC12MCTL7 = 0x87
                0x00000088                __ADC12MCTL8 = 0x88
                0x00000089                __ADC12MCTL9 = 0x89
                0x0000008a                __ADC12MCTL10 = 0x8a
                0x0000008b                __ADC12MCTL11 = 0x8b
                0x0000008c                __ADC12MCTL12 = 0x8c
                0x0000008d                __ADC12MCTL13 = 0x8d
                0x0000008e                __ADC12MCTL14 = 0x8e
                0x0000008f                __ADC12MCTL15 = 0x8f
                0x000001c0                __DAC12_0CTL = 0x1c0
                0x000001c2                __DAC12_1CTL = 0x1c2
                0x000001c8                __DAC12_0DAT = 0x1c8
                0x000001ca                __DAC12_1DAT = 0x1ca
                0x00000122                __DMACTL0 = 0x122
                0x00000124                __DMACTL1 = 0x124
                0x000001e0                __DMA0CTL = 0x1e0
                0x000001e8                __DMA1CTL = 0x1e8
                0x000001f0                __DMA2CTL = 0x1f0
                0x000001e2                __DMA0SA = 0x1e2
                0x000001e4                __DMA0DA = 0x1e4
                0x000001e6                __DMA0SZ = 0x1e6
                0x000001ea                __DMA1SA = 0x1ea
                0x000001ec                __DMA1DA = 0x1ec
                0x000001ee                __DMA1SZ = 0x1ee
                0x000001f2                __DMA2SA = 0x1f2
                0x000001f4                __DMA2DA = 0x1f4
                0x000001f6                __DMA2SZ = 0x1f6

.hash
 *(SORT(.hash))

.dynsym
 *(SORT(.dynsym))

.dynstr
 *(SORT(.dynstr))

.gnu.version
 *(SORT(.gnu.version))

.gnu.version_d
 *(SORT(.gnu.version_d))

.gnu.version_r
 *(SORT(.gnu.version_r))

.rel.init
 *(SORT(.rel.init))

.rela.init
 *(SORT(.rela.init))

.rel.fini
 *(SORT(.rel.fini))

.rela.fini
 *(SORT(.rela.fini))

.rel.text
 *(SORT(.rel.text) SORT(.rel.text.*) SORT(.rel.gnu.linkonce.t.*))

.rela.text
 *(SORT(.rela.text) SORT(.rela.text.*) SORT(.rela.gnu.linkonce.t.*))

.rel.rodata
 *(SORT(.rel.rodata) SORT(.rel.rodata.*) SORT(.rel.gnu.linkonce.r.*))

.rela.rodata
 *(SORT(.rela.rodata) SORT(.rela.rodata.*) SORT(.rela.gnu.linkonce.r.*))

.rel.data
 *(SORT(.rel.data) SORT(.rel.data.*) SORT(.rel.gnu.linkonce.d.*))

.rela.data
 *(SORT(.rela.data) SORT(.rela.data.*) SORT(.rela.gnu.linkonce.d.*))

.rel.bss
 *(SORT(.rel.bss) SORT(.rel.bss.*) SORT(.rel.gnu.linkonce.b.*))

.rela.bss
 *(SORT(.rela.bss) SORT(.rela.bss.*) SORT(.rela.gnu.linkonce.b.*))

.rel.ctors
 *(SORT(.rel.ctors))

.rela.ctors
 *(SORT(.rela.ctors))

.rel.dtors
 *(SORT(.rel.dtors))

.rela.dtors
 *(SORT(.rela.dtors))

.rel.got
 *(SORT(.rel.got))

.rela.got
 *(SORT(.rela.got))

.rel.plt
 *(SORT(.rel.plt))

.rela.plt
 *(SORT(.rela.plt))

.text           0x00004000     0xa6c6
                0x00004000                . = ALIGN (0x2)
 *(SORT(.init) SORT(.init.*))
 *(SORT(.init0))
 .init0         0x00004000        0x0 /usr/local/bin/../lib/gcc/msp430/4.7.2/mmpy-16/libcrt0.a(_reset_vector__.o)
                0x00004000                _reset_vector__
 *(SORT(.init1))
 .init1         0x00004000        0xc /usr/local/bin/../lib/gcc/msp430/4.7.2/mmpy-16/libcrt0.a(__watchdog_support.o)
                0x00004000                __watchdog_support
 *(SORT(.init2))
 .init2         0x0000400c        0x4 /usr/local/bin/../lib/gcc/msp430/4.7.2/mmpy-16/libcrt0.a(__init_stack.o)
                0x0000400c                __init_stack
 *(SORT(.init3))
 .init3         0x00004010        0x0 /usr/local/bin/../lib/gcc/msp430/4.7.2/mmpy-16/libcrt0.a(__low_level_init.o)
                0x00004010                __low_level_init
 *(SORT(.init4))
 .init4         0x00004010       0x18 /usr/local/bin/../lib/gcc/msp430/4.7.2/mmpy-16/libcrt0.a(_copy_data.o)
                0x00004010                __do_copy_data
 .init4         0x00004028       0x16 /usr/local/bin/../lib/gcc/msp430/4.7.2/mmpy-16/libcrt0.a(_clear_bss.o)
                0x00004028                __do_clear_bss
 *(SORT(.init5))
 *(SORT(.init6))
 *(SORT(.init7))
 *(SORT(.init8))
 *(SORT(.init9))
 .init9         0x0000403e      0x232 build/sky/obj/contiki-main.o
                0x0000403e                main
 *(SORT(.fini9))
 .fini9         0x00004270        0x0 /usr/local/bin/../lib/gcc/msp430/4.7.2/mmpy-16/libcrt0.a(__stop_progExec__.o)
                0x00004270                __stop_progExec__
 *(SORT(.fini8))
 *(SORT(.fini7))
 *(SORT(.fini6))
 *(SORT(.fini5))
 *(SORT(.fini4))
 *(SORT(.fini3))
 *(SORT(.fini2))
 *(SORT(.fini1))
 *(SORT(.fini0))
 .fini0         0x00004270        0x6 /usr/local/bin/../lib/gcc/msp430/4.7.2/mmpy-16/libcrt0.a(_endless_loop__.o)
                0x00004270                _endless_loop__
 *(SORT(.fini) SORT(.fini.*))
                0x00004276                . = ALIGN (0x2)
                0x00004276                __ctors_start = .
 *(SORT(.ctors))
                0x00004276                __ctors_end = .
                0x00004276                __dtors_start = .
 *(SORT(.dtors))
                0x00004276                __dtors_end = .
                0x00004276                . = ALIGN (0x2)
 *(SORT(.text) SORT(.text.*) SORT(.gnu.linkonce.t.*))
 .text          0x00004276        0x4 /usr/local/bin/../lib/gcc/msp430/4.7.2/mmpy-16/crt0ivtbl16.o
                0x00004276                __isr_14
                0x00004276                __isr_11
                0x00004276                __isr_2
                0x00004276                __isr_7
                0x00004276                __isr_0
                0x00004276                __isr_8
                0x00004276                __isr_3
                0x00004276                __isr_13
                0x00004276                __isr_9
 .text.autostart_start
                0x0000427a       0x16 build/sky/obj/autostart.o
                0x0000427a                autostart_start
 .text.status   0x00004290       0x18 build/sky/obj/button-sensor.o
 .text.value    0x000042a8       0x20 build/sky/obj/button-sensor.o
 .text.configure
                0x000042c8       0x4c build/sky/obj/button-sensor.o
 .text.irq_p2   0x00004314       0x46 build/sky/obj/button-sensor.o
                0x00004314                irq_p2
                0x00004314                __isr_1
 .text.cc2420_timerb1_interrupt
                0x0000435a       0x26 build/sky/obj/cc2420-arch-sfd.o
                0x0000435a                cc2420_timerb1_interrupt
                0x0000435a                __isr_12
 .text.cc2420_port1_interrupt
                0x00004380       0x20 build/sky/obj/cc2420-arch.o
                0x00004380                __isr_4
                0x00004380                cc2420_port1_interrupt
 .text.cc2420_arch_init
                0x000043a0       0x1a build/sky/obj/cc2420-arch.o
                0x000043a0                cc2420_arch_init
 .text.get_object
                0x000043ba        0x4 build/sky/obj/cc2420.o
 .text.set_object
                0x000043be        0x4 build/sky/obj/cc2420.o
 .text.strobe   0x000043c2       0x1c build/sky/obj/cc2420.o
 .text.getreg   0x000043de       0x4c build/sky/obj/cc2420.o
 .text.setreg   0x0000442a       0x4c build/sky/obj/cc2420.o
 .text.write_ram
                0x00004476       0x7c build/sky/obj/cc2420.o
 .text.write_fifo_buf
                0x000044f2       0x3c build/sky/obj/cc2420.o
 .text.get_status
                0x0000452e       0x20 build/sky/obj/cc2420.o
 .text.on       0x0000454e       0x1a build/sky/obj/cc2420.o
 .text.cc2420_receiving_packet
                0x00004568        0xc build/sky/obj/cc2420.o
 .text.pending_packet
                0x00004574        0x8 build/sky/obj/cc2420.o
 .text.wait_for_transmission
                0x0000457c       0x22 build/sky/obj/cc2420.o
 .text.wait_for_status
                0x0000459e       0x28 build/sky/obj/cc2420.o
 .text.getrxdata
                0x000045c6       0x50 build/sky/obj/cc2420.o
 .text.flushrx  0x00004616       0x1a build/sky/obj/cc2420.o
 .text.off      0x00004630       0x28 build/sky/obj/cc2420.o
 .text.RELEASE_LOCK
                0x00004658       0x28 build/sky/obj/cc2420.o
 .text.set_key  0x00004680       0x18 build/sky/obj/cc2420.o
 .text.set_frame_filtering
                0x00004698       0x30 build/sky/obj/cc2420.o
 .text.set_auto_ack
                0x000046c8       0x30 build/sky/obj/cc2420.o
 .text.set_poll_mode
                0x000046f8       0x2c build/sky/obj/cc2420.o
 .text.cc2420_prepare
                0x00004724       0x46 build/sky/obj/cc2420.o
 .text.cc2420_on
                0x0000476a       0x22 build/sky/obj/cc2420.o
                0x0000476a                cc2420_on
 .text.cc2420_transmit
                0x0000478c       0x66 build/sky/obj/cc2420.o
 .text.cc2420_send
                0x000047f2       0x12 build/sky/obj/cc2420.o
 .text.cc2420_off
                0x00004804       0x30 build/sky/obj/cc2420.o
                0x00004804                cc2420_off
 .text.cc2420_cca
                0x00004834       0x68 build/sky/obj/cc2420.o
 .text.cc2420_read
                0x0000489c       0xbe build/sky/obj/cc2420.o
 .text.process_thread_cc2420_process
                0x0000495a       0x56 build/sky/obj/cc2420.o
 .text.encrypt  0x000049b0       0x88 build/sky/obj/cc2420.o
 .text.cc2420_set_channel
                0x00004a38       0x3c build/sky/obj/cc2420.o
                0x00004a38                cc2420_set_channel
 .text.cc2420_set_pan_addr
                0x00004a74       0x4c build/sky/obj/cc2420.o
                0x00004a74                cc2420_set_pan_addr
 .text.cc2420_interrupt
                0x00004ac0       0x16 build/sky/obj/cc2420.o
                0x00004ac0                cc2420_interrupt
 .text.cc2420_set_txpower
                0x00004ad6       0x2c build/sky/obj/cc2420.o
                0x00004ad6                cc2420_set_txpower
 .text.cc2420_get_txpower
                0x00004b02       0x1e build/sky/obj/cc2420.o
                0x00004b02                cc2420_get_txpower
 .text.cc2420_rssi
                0x00004b20       0x4c build/sky/obj/cc2420.o
                0x00004b20                cc2420_rssi
 .text.get_value
                0x00004b6c      0x11e build/sky/obj/cc2420.o
 .text.cc2420_set_cca_threshold
                0x00004c8a       0x16 build/sky/obj/cc2420.o
                0x00004c8a                cc2420_set_cca_threshold
 .text.set_value
                0x00004ca0      0x150 build/sky/obj/cc2420.o
 .text.cc2420_init
                0x00004df0       0xea build/sky/obj/cc2420.o
                0x00004df0                cc2420_init
 .text.timera1  0x00004eda       0xdc build/sky/obj/clock.o
                0x00004eda                __isr_5
                0x00004eda                timera1
 .text.clock_time
                0x00004fb6       0x1a build/sky/obj/clock.o
                0x00004fb6                clock_time
 .text.clock_init
                0x00004fd0       0x28 build/sky/obj/clock.o
                0x00004fd0                clock_init
 .text.clock_delay
                0x00004ff8        0xc build/sky/obj/clock.o
                0x00004ff8                clock_delay
 .text.clock_seconds
                0x00005004       0x1a build/sky/obj/clock.o
                0x00005004                clock_seconds
 .text.init_platform
                0x0000501e        0xc build/sky/obj/contiki-sky-platform.o
                0x0000501e                init_platform
 .text.schedule_transmission
                0x0000502a       0x70 build/sky/obj/csma-output.o
 .text.tx_done  0x0000509a       0x9a build/sky/obj/csma-output.o
 .text.transmit_from_queue
                0x00005134      0x1c0 build/sky/obj/csma-output.o
 .text.csma_output_packet
                0x000052f4      0x158 build/sky/obj/csma-output.o
                0x000052f4                csma_output_packet
 .text.csma_output_init
                0x0000544c       0x1a build/sky/obj/csma-output.o
                0x0000544c                csma_output_init
 .text.csma_security_create_frame
                0x00005466       0x10 build/sky/obj/csma-security.o
                0x00005466                csma_security_create_frame
 .text.csma_security_parse_frame
                0x00005476        0x6 build/sky/obj/csma-security.o
                0x00005476                csma_security_parse_frame
 .text.on       0x0000547c        0x6 build/sky/obj/csma.o
 .text.off      0x00005482        0x6 build/sky/obj/csma.o
 .text.max_payload
                0x00005488       0x38 build/sky/obj/csma.o
 .text.send_packet
                0x000054c0        0x6 build/sky/obj/csma.o
 .text.input_packet
                0x000054c6       0x60 build/sky/obj/csma.o
 .text.init     0x00005526       0x20 build/sky/obj/csma.o
 .text.process_thread_ctimer_process
                0x00005546       0xa8 build/sky/obj/ctimer.o
 .text.ctimer_init
                0x000055ee       0x18 build/sky/obj/ctimer.o
                0x000055ee                ctimer_init
 .text.ctimer_set_with_process
                0x00005606       0x4e build/sky/obj/ctimer.o
                0x00005606                ctimer_set_with_process
 .text.ctimer_set
                0x00005654       0x10 build/sky/obj/ctimer.o
                0x00005654                ctimer_set
 .text.ctimer_reset
                0x00005664       0x30 build/sky/obj/ctimer.o
                0x00005664                ctimer_reset
 .text.ctimer_stop
                0x00005694       0x28 build/sky/obj/ctimer.o
                0x00005694                ctimer_stop
 .text.ctimer_expired
                0x000056bc       0x30 build/sky/obj/ctimer.o
                0x000056bc                ctimer_expired
 .text.owreadb  0x000056ec       0x50 build/sky/obj/ds2411.o
 .text.ds2411_init
                0x0000573c      0x120 build/sky/obj/ds2411.o
                0x0000573c                ds2411_init
 .text.energest_init
                0x0000585c        0x2 build/sky/obj/energest.o
                0x0000585c                energest_init
 .text.energest_flush
                0x0000585e        0x2 build/sky/obj/energest.o
                0x0000585e                energest_flush
 .text.update_time
                0x00005860       0x78 build/sky/obj/etimer.o
 .text.etimer_request_poll
                0x000058d8        0xa build/sky/obj/etimer.o
                0x000058d8                etimer_request_poll
 .text.process_thread_etimer_process
                0x000058e2       0xcc build/sky/obj/etimer.o
 .text.add_timer
                0x000059ae       0x40 build/sky/obj/etimer.o
 .text.etimer_set
                0x000059ee       0x12 build/sky/obj/etimer.o
                0x000059ee                etimer_set
 .text.etimer_reset
                0x00005a00       0x12 build/sky/obj/etimer.o
                0x00005a00                etimer_reset
 .text.etimer_expired
                0x00005a12        0xe build/sky/obj/etimer.o
                0x00005a12                etimer_expired
 .text.etimer_pending
                0x00005a20        0xc build/sky/obj/etimer.o
                0x00005a20                etimer_pending
 .text.etimer_next_expiration_time
                0x00005a2c       0x16 build/sky/obj/etimer.o
                0x00005a2c                etimer_next_expiration_time
 .text.etimer_stop
                0x00005a42       0x3e build/sky/obj/etimer.o
                0x00005a42                etimer_stop
 .text.frame802154_get_pan_id
                0x00005a80        0x6 build/sky/obj/frame802154.o
                0x00005a80                frame802154_get_pan_id
 .text.frame802154_has_panid
                0x00005a86       0xe0 build/sky/obj/frame802154.o
                0x00005a86                frame802154_has_panid
 .text.field_len
                0x00005b66       0xac build/sky/obj/frame802154.o
 .text.frame802154_is_broadcast_addr
                0x00005c12       0x28 build/sky/obj/frame802154.o
                0x00005c12                frame802154_is_broadcast_addr
 .text.frame802154_hdrlen
                0x00005c3a       0x32 build/sky/obj/frame802154.o
                0x00005c3a                frame802154_hdrlen
 .text.frame802154_create_fcf
                0x00005c6c       0x96 build/sky/obj/frame802154.o
                0x00005c6c                frame802154_create_fcf
 .text.frame802154_create
                0x00005d02       0xe4 build/sky/obj/frame802154.o
                0x00005d02                frame802154_create
 .text.frame802154_parse_fcf
                0x00005de6       0xbc build/sky/obj/frame802154.o
                0x00005de6                frame802154_parse_fcf
 .text.frame802154_parse
                0x00005ea2      0x168 build/sky/obj/frame802154.o
                0x00005ea2                frame802154_parse
 .text.parse    0x0000600a       0xa2 build/sky/obj/framer-802154.o
 .text.framer_802154_setup_params
                0x000060ac       0xb8 build/sky/obj/framer-802154.o
                0x000060ac                framer_802154_setup_params
 .text.create_frame
                0x00006164       0xa2 build/sky/obj/framer-802154.o
 .text.create   0x00006206        0x8 build/sky/obj/framer-802154.o
 .text.hdr_length
                0x0000620e        0x8 build/sky/obj/framer-802154.o
 .text.leds_arch_init
                0x00006216        0xe build/sky/obj/leds-arch.o
                0x00006216                leds_arch_init
 .text.leds_arch_get
                0x00006224       0x34 build/sky/obj/leds-arch.o
                0x00006224                leds_arch_get
 .text.leds_arch_set
                0x00006258       0x3e build/sky/obj/leds-arch.o
                0x00006258                leds_arch_set
 .text.leds_init
                0x00006296        0x6 build/sky/obj/leds.o
                0x00006296                leds_init
 .text.leds_on  0x0000629c       0x12 build/sky/obj/leds.o
                0x0000629c                leds_on
 .text.leds_off
                0x000062ae       0x12 build/sky/obj/leds.o
                0x000062ae                leds_off
 .text.periodic
                0x000062c0       0x28 build/sky/obj/link-stats.o
 .text.link_stats_from_lladdr
                0x000062e8        0xc build/sky/obj/link-stats.o
                0x000062e8                link_stats_from_lladdr
 .text.link_stats_is_fresh
                0x000062f4       0x30 build/sky/obj/link-stats.o
                0x000062f4                link_stats_is_fresh
 .text.link_stats_packet_sent
                0x00006324       0xf4 build/sky/obj/link-stats.o
                0x00006324                link_stats_packet_sent
 .text.link_stats_input_callback
                0x00006418      0x106 build/sky/obj/link-stats.o
                0x00006418                link_stats_input_callback
 .text.link_stats_reset
                0x0000651e       0x2a build/sky/obj/link-stats.o
                0x0000651e                link_stats_reset
 .text.link_stats_init
                0x00006548       0x22 build/sky/obj/link-stats.o
                0x00006548                link_stats_init
 .text.linkaddr_copy
                0x0000656a        0x8 build/sky/obj/linkaddr.o
                0x0000656a                linkaddr_copy
 .text.linkaddr_cmp
                0x00006572       0x12 build/sky/obj/linkaddr.o
                0x00006572                linkaddr_cmp
 .text.linkaddr_set_node_addr
                0x00006584        0xc build/sky/obj/linkaddr.o
                0x00006584                linkaddr_set_node_addr
 .text.list_init
                0x00006590        0x6 build/sky/obj/list.o
                0x00006590                list_init
 .text.list_head
                0x00006596        0x4 build/sky/obj/list.o
                0x00006596                list_head
 .text.list_tail
                0x0000659a       0x12 build/sky/obj/list.o
                0x0000659a                list_tail
 .text.list_remove
                0x000065ac       0x34 build/sky/obj/list.o
                0x000065ac                list_remove
 .text.list_push
                0x000065e0       0x1a build/sky/obj/list.o
                0x000065e0                list_push
 .text.list_add
                0x000065fa       0x2a build/sky/obj/list.o
                0x000065fa                list_add
 .text.list_length
                0x00006624       0x10 build/sky/obj/list.o
                0x00006624                list_length
 .text.list_item_next
                0x00006634        0xc build/sky/obj/list.o
                0x00006634                list_item_next
 .text.log_6addr
                0x00006640       0x32 build/sky/obj/log.o
                0x00006640                log_6addr
 .text.log_lladdr
                0x00006672       0x44 build/sky/obj/log.o
                0x00006672                log_lladdr
 .text.mac_sequence_init
                0x000066b6        0xa build/sky/obj/mac-sequence.o
                0x000066b6                mac_sequence_init
 .text.mac_sequence_set_dsn
                0x000066c0       0x18 build/sky/obj/mac-sequence.o
                0x000066c0                mac_sequence_set_dsn
 .text.mac_sequence_is_duplicate
                0x000066d8       0x84 build/sky/obj/mac-sequence.o
                0x000066d8                mac_sequence_is_duplicate
 .text.mac_sequence_register_seqno
                0x0000675c       0x90 build/sky/obj/mac-sequence.o
                0x0000675c                mac_sequence_register_seqno
 .text.mac_call_sent_callback
                0x000067ec       0x14 build/sky/obj/mac.o
                0x000067ec                mac_call_sent_callback
 .text.memb_init
                0x00006800       0x36 build/sky/obj/memb.o
                0x00006800                memb_init
 .text.memb_alloc
                0x00006836       0x3e build/sky/obj/memb.o
                0x00006836                memb_alloc
 .text.memb_free
                0x00006874       0x32 build/sky/obj/memb.o
                0x00006874                memb_free
 .text.memb_inmemb
                0x000068a6       0x2a build/sky/obj/memb.o
                0x000068a6                memb_inmemb
 .text.memb_numfree
                0x000068d0       0x26 build/sky/obj/memb.o
                0x000068d0                memb_numfree
 .text.msp430_init_dco
                0x000068f6       0x82 build/sky/obj/msp430.o
                0x000068f6                msp430_init_dco
 .text.msp430_add_lpm_req
                0x00006978        0xc build/sky/obj/msp430.o
                0x00006978                msp430_add_lpm_req
 .text.msp430_cpu_init
                0x00006984       0x2a build/sky/obj/msp430.o
                0x00006984                msp430_cpu_init
 .text.splhigh_
                0x000069ae        0xa build/sky/obj/msp430.o
                0x000069ae                splhigh_
 .text.msp430_sync_dco
                0x000069b8       0x6c build/sky/obj/msp430.o
                0x000069b8                msp430_sync_dco
 .text.item_from_index
                0x00006a24       0x2a build/sky/obj/nbr-table.o
 .text.index_from_key
                0x00006a4e       0x26 build/sky/obj/nbr-table.o
 .text.index_from_item
                0x00006a74       0x1e build/sky/obj/nbr-table.o
 .text.nbr_set_bit
                0x00006a92       0x58 build/sky/obj/nbr-table.o
 .text.index_from_lladdr
                0x00006aea       0x42 build/sky/obj/nbr-table.o
 .text.nbr_get_bit.constprop.3
                0x00006b2c       0x2e build/sky/obj/nbr-table.o
 .text.remove_key
                0x00006b5a       0x84 build/sky/obj/nbr-table.o
 .text.nbr_table_is_registered
                0x00006bde       0x22 build/sky/obj/nbr-table.o
                0x00006bde                nbr_table_is_registered
 .text.nbr_table_register
                0x00006c00       0x40 build/sky/obj/nbr-table.o
                0x00006c00                nbr_table_register
 .text.nbr_table_next
                0x00006c40       0x54 build/sky/obj/nbr-table.o
                0x00006c40                nbr_table_next
 .text.nbr_table_head
                0x00006c94       0x3a build/sky/obj/nbr-table.o
                0x00006c94                nbr_table_head
 .text.nbr_table_get_from_lladdr
                0x00006cce       0x2c build/sky/obj/nbr-table.o
                0x00006cce                nbr_table_get_from_lladdr
 .text.entry_is_allowed.isra.2
                0x00006cfa       0x80 build/sky/obj/nbr-table.o
 .text.nbr_table_add_lladdr
                0x00006d7a       0xc2 build/sky/obj/nbr-table.o
                0x00006d7a                nbr_table_add_lladdr
 .text.nbr_table_remove
                0x00006e3c       0x32 build/sky/obj/nbr-table.o
                0x00006e3c                nbr_table_remove
 .text.nbr_table_lock
                0x00006e6e       0x10 build/sky/obj/nbr-table.o
                0x00006e6e                nbr_table_lock
 .text.nbr_table_unlock
                0x00006e7e       0x10 build/sky/obj/nbr-table.o
                0x00006e7e                nbr_table_unlock
 .text.nbr_table_get_lladdr
                0x00006e8e       0x22 build/sky/obj/nbr-table.o
                0x00006e8e                nbr_table_get_lladdr
 .text.netstack_process_ip_callback
                0x00006eb0       0x4e build/sky/obj/netstack.o
                0x00006eb0                netstack_process_ip_callback
 .text.netstack_init
                0x00006efe        0xe build/sky/obj/netstack.o
                0x00006efe                netstack_init
 .text.node_id_init
                0x00006f0c       0x14 build/sky/obj/node-id.o
                0x00006f0c                node_id_init
 .text.packetbuf_hdrreduce
                0x00006f20       0x1a build/sky/obj/packetbuf.o
                0x00006f20                packetbuf_hdrreduce
 .text.packetbuf_set_datalen
                0x00006f3a        0x6 build/sky/obj/packetbuf.o
                0x00006f3a                packetbuf_set_datalen
 .text.packetbuf_hdrptr
                0x00006f40        0x6 build/sky/obj/packetbuf.o
                0x00006f40                packetbuf_hdrptr
 .text.packetbuf_datalen
                0x00006f46        0x6 build/sky/obj/packetbuf.o
                0x00006f46                packetbuf_datalen
 .text.packetbuf_hdrlen
                0x00006f4c        0xa build/sky/obj/packetbuf.o
                0x00006f4c                packetbuf_hdrlen
 .text.packetbuf_dataptr
                0x00006f56        0xc build/sky/obj/packetbuf.o
                0x00006f56                packetbuf_dataptr
 .text.packetbuf_copyto
                0x00006f62       0x46 build/sky/obj/packetbuf.o
                0x00006f62                packetbuf_copyto
 .text.packetbuf_totlen
                0x00006fa8        0xc build/sky/obj/packetbuf.o
                0x00006fa8                packetbuf_totlen
 .text.packetbuf_hdralloc
                0x00006fb4       0x3c build/sky/obj/packetbuf.o
                0x00006fb4                packetbuf_hdralloc
 .text.packetbuf_attr_clear
                0x00006ff0       0x28 build/sky/obj/packetbuf.o
                0x00006ff0                packetbuf_attr_clear
 .text.packetbuf_clear
                0x00007018       0x12 build/sky/obj/packetbuf.o
                0x00007018                packetbuf_clear
 .text.packetbuf_copyfrom
                0x0000702a       0x2e build/sky/obj/packetbuf.o
                0x0000702a                packetbuf_copyfrom
 .text.packetbuf_attr_copyto
                0x00007058       0x22 build/sky/obj/packetbuf.o
                0x00007058                packetbuf_attr_copyto
 .text.packetbuf_attr_copyfrom
                0x0000707a       0x24 build/sky/obj/packetbuf.o
                0x0000707a                packetbuf_attr_copyfrom
 .text.packetbuf_set_attr
                0x0000709e        0xc build/sky/obj/packetbuf.o
                0x0000709e                packetbuf_set_attr
 .text.packetbuf_attr
                0x000070aa        0xa build/sky/obj/packetbuf.o
                0x000070aa                packetbuf_attr
 .text.packetbuf_set_addr
                0x000070b4       0x18 build/sky/obj/packetbuf.o
                0x000070b4                packetbuf_set_addr
 .text.packetbuf_addr
                0x000070cc       0x12 build/sky/obj/packetbuf.o
                0x000070cc                packetbuf_addr
 .text.packetbuf_holds_broadcast
                0x000070de        0xe build/sky/obj/packetbuf.o
                0x000070de                packetbuf_holds_broadcast
 .text.platform_init_stage_one
                0x000070ec       0x12 build/sky/obj/platform.o
                0x000070ec                platform_init_stage_one
 .text.platform_init_stage_two
                0x000070fe       0x64 build/sky/obj/platform.o
                0x000070fe                platform_init_stage_two
 .text.platform_init_stage_three
                0x00007162       0x7a build/sky/obj/platform.o
                0x00007162                platform_init_stage_three
 .text.platform_idle
                0x000071dc       0x54 build/sky/obj/platform.o
                0x000071dc                platform_idle
 .text.call_process
                0x00007230       0x46 build/sky/obj/process.o
 .text.exit_process
                0x00007276       0x96 build/sky/obj/process.o
 .text.do_poll  0x0000730c       0x30 build/sky/obj/process.o
 .text.process_alloc_event
                0x0000733c        0xe build/sky/obj/process.o
                0x0000733c                process_alloc_event
 .text.process_init
                0x0000734a       0x18 build/sky/obj/process.o
                0x0000734a                process_init
 .text.process_run
                0x00007362       0x92 build/sky/obj/process.o
                0x00007362                process_run
 .text.process_nevents
                0x000073f4        0xe build/sky/obj/process.o
                0x000073f4                process_nevents
 .text.process_post
                0x00007402       0x42 build/sky/obj/process.o
                0x00007402                process_post
 .text.process_post_synch
                0x00007444       0x12 build/sky/obj/process.o
                0x00007444                process_post_synch
 .text.process_start
                0x00007456       0x36 build/sky/obj/process.o
                0x00007456                process_start
 .text.process_poll
                0x0000748c       0x18 build/sky/obj/process.o
                0x0000748c                process_poll
 .text.queuebuf_init
                0x000074a4       0x12 build/sky/obj/queuebuf.o
                0x000074a4                queuebuf_init
 .text.queuebuf_numfree
                0x000074b6        0xa build/sky/obj/queuebuf.o
                0x000074b6                queuebuf_numfree
 .text.queuebuf_new_from_packetbuf
                0x000074c0       0x52 build/sky/obj/queuebuf.o
                0x000074c0                queuebuf_new_from_packetbuf
 .text.queuebuf_update_attr_from_packetbuf
                0x00007512       0x12 build/sky/obj/queuebuf.o
                0x00007512                queuebuf_update_attr_from_packetbuf
 .text.queuebuf_free
                0x00007524       0x2a build/sky/obj/queuebuf.o
                0x00007524                queuebuf_free
 .text.queuebuf_to_packetbuf
                0x0000754e       0x32 build/sky/obj/queuebuf.o
                0x0000754e                queuebuf_to_packetbuf
 .text.random_init
                0x00007580        0x6 build/sky/obj/random.o
                0x00007580                random_init
 .text.random_rand
                0x00007586        0x6 build/sky/obj/random.o
                0x00007586                random_rand
 .text.rpl_dag_root_set_prefix
                0x0000758c       0x62 build/sky/obj/rpl-dag-root.o
                0x0000758c                rpl_dag_root_set_prefix
 .text.rpl_dag_root_start
                0x000075ee       0x8e build/sky/obj/rpl-dag-root.o
                0x000075ee                rpl_dag_root_start
 .text.rpl_dag_root_is_root
                0x0000767c       0x14 build/sky/obj/rpl-dag-root.o
                0x0000767c                rpl_dag_root_is_root
 .text.init_dag
                0x00007690       0x84 build/sky/obj/rpl-dag.o
 .text.process_dio_init_dag
                0x00007714       0xb0 build/sky/obj/rpl-dag.o
 .text.rpl_dag_get_root_ipaddr
                0x000077c4       0x1e build/sky/obj/rpl-dag.o
                0x000077c4                rpl_dag_get_root_ipaddr
 .text.rpl_dag_leave
                0x000077e2       0x4a build/sky/obj/rpl-dag.o
                0x000077e2                rpl_dag_leave
 .text.rpl_dag_poison_and_leave
                0x0000782c        0xc build/sky/obj/rpl-dag.o
                0x0000782c                rpl_dag_poison_and_leave
 .text.rpl_dag_periodic
                0x00007838       0x6a build/sky/obj/rpl-dag.o
                0x00007838                rpl_dag_periodic
 .text.rpl_is_addr_in_our_dag
                0x000078a2       0x34 build/sky/obj/rpl-dag.o
                0x000078a2                rpl_is_addr_in_our_dag
 .text.rpl_local_repair
                0x000078d6       0x2a build/sky/obj/rpl-dag.o
                0x000078d6                rpl_local_repair
 .text.rpl_global_repair
                0x00007900       0x2e build/sky/obj/rpl-dag.o
                0x00007900                rpl_global_repair
 .text.rpl_dag_ready_to_advertise
                0x0000792e       0x22 build/sky/obj/rpl-dag.o
                0x0000792e                rpl_dag_ready_to_advertise
 .text.rpl_dag_update_state
                0x00007950      0x140 build/sky/obj/rpl-dag.o
                0x00007950                rpl_dag_update_state
 .text.rpl_process_dio
                0x00007a90      0x1b6 build/sky/obj/rpl-dag.o
                0x00007a90                rpl_process_dio
 .text.rpl_process_dis
                0x00007c46       0x2a build/sky/obj/rpl-dag.o
                0x00007c46                rpl_process_dis
 .text.rpl_process_dao
                0x00007c70       0x6c build/sky/obj/rpl-dag.o
                0x00007c70                rpl_process_dao
 .text.rpl_process_dao_ack
                0x00007cdc       0x54 build/sky/obj/rpl-dag.o
                0x00007cdc                rpl_process_dao_ack
 .text.rpl_process_hbh
                0x00007d30       0x2e build/sky/obj/rpl-dag.o
                0x00007d30                rpl_process_hbh
 .text.rpl_dag_init_root
                0x00007d5e       0xbc build/sky/obj/rpl-dag.o
                0x00007d5e                rpl_dag_init_root
 .text.rpl_dag_init
                0x00007e1a       0x10 build/sky/obj/rpl-dag.o
                0x00007e1a                rpl_dag_init
 .text.update_hbh_header
                0x00007e2a       0x4a build/sky/obj/rpl-ext-header.o
 .text.rpl_ext_header_srh_get_next_hop
                0x00007e74       0xb6 build/sky/obj/rpl-ext-header.o
                0x00007e74                rpl_ext_header_srh_get_next_hop
 .text.rpl_ext_header_srh_update
                0x00007f2a      0x118 build/sky/obj/rpl-ext-header.o
                0x00007f2a                rpl_ext_header_srh_update
 .text.rpl_ext_header_hbh_update
                0x00008042       0x9e build/sky/obj/rpl-ext-header.o
                0x00008042                rpl_ext_header_hbh_update
 .text.rpl_ext_header_remove
                0x000080e0       0xcc build/sky/obj/rpl-ext-header.o
                0x000080e0                rpl_ext_header_remove
 .text.rpl_ext_header_update
                0x000081ac      0x2aa build/sky/obj/rpl-ext-header.o
                0x000081ac                rpl_ext_header_update
 .text.get32    0x00008456       0x46 build/sky/obj/rpl-icmp6.o
 .text.set32    0x0000849c       0x2a build/sky/obj/rpl-icmp6.o
 .text.get16    0x000084c6        0xe build/sky/obj/rpl-icmp6.o
 .text.set16    0x000084d4       0x10 build/sky/obj/rpl-icmp6.o
 .text.dao_ack_input
                0x000084e4       0x30 build/sky/obj/rpl-icmp6.o
 .text.dao_input
                0x00008514      0x13c build/sky/obj/rpl-icmp6.o
 .text.dio_input
                0x00008650      0x29c build/sky/obj/rpl-icmp6.o
 .text.dis_input
                0x000088ec       0x1e build/sky/obj/rpl-icmp6.o
 .text.rpl_icmp6_update_nbr_table
                0x0000890a       0x36 build/sky/obj/rpl-icmp6.o
                0x0000890a                rpl_icmp6_update_nbr_table
 .text.rpl_icmp6_dis_output
                0x00008940       0x34 build/sky/obj/rpl-icmp6.o
                0x00008940                rpl_icmp6_dis_output
 .text.rpl_icmp6_dio_output
                0x00008974      0x23a build/sky/obj/rpl-icmp6.o
                0x00008974                rpl_icmp6_dio_output
 .text.rpl_icmp6_dao_output
                0x00008bae       0xe2 build/sky/obj/rpl-icmp6.o
                0x00008bae                rpl_icmp6_dao_output
 .text.rpl_icmp6_dao_ack_output
                0x00008c90       0x4e build/sky/obj/rpl-icmp6.o
                0x00008c90                rpl_icmp6_dao_ack_output
 .text.rpl_icmp6_init
                0x00008cde       0x22 build/sky/obj/rpl-icmp6.o
                0x00008cde                rpl_icmp6_init
 .text.reset    0x00008d00        0x2 build/sky/obj/rpl-mrhof.o
 .text.update_metric_container
                0x00008d02        0x6 build/sky/obj/rpl-mrhof.o
 .text.nbr_link_metric
                0x00008d08       0x12 build/sky/obj/rpl-mrhof.o
 .text.nbr_has_usable_link
                0x00008d1a       0x14 build/sky/obj/rpl-mrhof.o
 .text.nbr_path_cost
                0x00008d2e       0x38 build/sky/obj/rpl-mrhof.o
 .text.within_hysteresis
                0x00008d66       0x54 build/sky/obj/rpl-mrhof.o
 .text.nbr_is_acceptable_parent
                0x00008dba       0x2c build/sky/obj/rpl-mrhof.o
 .text.rank_via_nbr
                0x00008de6       0x48 build/sky/obj/rpl-mrhof.o
 .text.best_parent
                0x00008e2e       0x7c build/sky/obj/rpl-mrhof.o
 .text.get_rank
                0x00008eaa       0x16 build/sky/obj/rpl-nbr-policy.o
 .text.rpl_nbr_gc_get_worst
                0x00008ec0       0x28 build/sky/obj/rpl-nbr-policy.o
                0x00008ec0                rpl_nbr_gc_get_worst
 .text.remove_neighbor
                0x00008ee8       0x24 build/sky/obj/rpl-neighbor.o
 .text.rpl_neighbor_get_from_lladdr
                0x00008f0c        0xc build/sky/obj/rpl-neighbor.o
                0x00008f0c                rpl_neighbor_get_from_lladdr
 .text.rpl_neighbor_rank_via_nbr
                0x00008f18       0x18 build/sky/obj/rpl-neighbor.o
                0x00008f18                rpl_neighbor_rank_via_nbr
 .text.rpl_neighbor_get_lladdr
                0x00008f30        0xc build/sky/obj/rpl-neighbor.o
                0x00008f30                rpl_neighbor_get_lladdr
 .text.rpl_neighbor_get_ipaddr
                0x00008f3c        0xa build/sky/obj/rpl-neighbor.o
                0x00008f3c                rpl_neighbor_get_ipaddr
 .text.rpl_neighbor_get_link_stats
                0x00008f46        0xa build/sky/obj/rpl-neighbor.o
                0x00008f46                rpl_neighbor_get_link_stats
 .text.rpl_neighbor_is_fresh
                0x00008f50        0xa build/sky/obj/rpl-neighbor.o
                0x00008f50                rpl_neighbor_is_fresh
 .text.best_parent
                0x00008f5a       0xb4 build/sky/obj/rpl-neighbor.o
 .text.rpl_neighbor_set_preferred_parent
                0x0000900e       0x48 build/sky/obj/rpl-neighbor.o
                0x0000900e                rpl_neighbor_set_preferred_parent
 .text.rpl_neighbor_remove_all
                0x00009056       0x30 build/sky/obj/rpl-neighbor.o
                0x00009056                rpl_neighbor_remove_all
 .text.rpl_neighbor_get_from_ipaddr
                0x00009086       0x14 build/sky/obj/rpl-neighbor.o
                0x00009086                rpl_neighbor_get_from_ipaddr
 .text.rpl_neighbor_select_best
                0x0000909a       0x54 build/sky/obj/rpl-neighbor.o
                0x0000909a                rpl_neighbor_select_best
 .text.rpl_neighbor_init
                0x000090ee        0xe build/sky/obj/rpl-neighbor.o
                0x000090ee                rpl_neighbor_init
 .text.handle_state_update
                0x000090fc        0x6 build/sky/obj/rpl-timers.o
 .text.handle_leaving_timer
                0x00009102        0xc build/sky/obj/rpl-timers.o
 .text.schedule_dao_retransmission
                0x0000910e       0x34 build/sky/obj/rpl-timers.o
 .text.new_dio_interval
                0x00009142       0x8a build/sky/obj/rpl-timers.o
 .text.handle_unicast_dio_timer
                0x000091cc       0x12 build/sky/obj/rpl-timers.o
 .text.send_new_dao
                0x000091de       0x28 build/sky/obj/rpl-timers.o
 .text.resend_dao
                0x00009206       0x24 build/sky/obj/rpl-timers.o
 .text.handle_dao_ack_timer
                0x0000922a       0x12 build/sky/obj/rpl-timers.o
 .text.handle_dio_timer
                0x0000923c       0x6e build/sky/obj/rpl-timers.o
 .text.rpl_timers_schedule_periodic_dis
                0x000092aa       0x40 build/sky/obj/rpl-timers.o
                0x000092aa                rpl_timers_schedule_periodic_dis
 .text.handle_periodic_timer
                0x000092ea       0x3a build/sky/obj/rpl-timers.o
 .text.handle_dis_timer
                0x00009324       0x26 build/sky/obj/rpl-timers.o
 .text.rpl_timers_dio_reset
                0x0000934a       0x2e build/sky/obj/rpl-timers.o
                0x0000934a                rpl_timers_dio_reset
 .text.rpl_timers_schedule_unicast_dio
                0x00009378       0x20 build/sky/obj/rpl-timers.o
                0x00009378                rpl_timers_schedule_unicast_dio
 .text.rpl_timers_schedule_dao
                0x00009398       0x3c build/sky/obj/rpl-timers.o
                0x00009398                rpl_timers_schedule_dao
 .text.rpl_timers_schedule_dao_ack
                0x000093d4       0x34 build/sky/obj/rpl-timers.o
                0x000093d4                rpl_timers_schedule_dao_ack
 .text.rpl_timers_notify_dao_ack
                0x00009408       0x82 build/sky/obj/rpl-timers.o
                0x00009408                rpl_timers_notify_dao_ack
 .text.get_probing_delay
                0x0000948a       0x1c build/sky/obj/rpl-timers.o
                0x0000948a                get_probing_delay
 .text.get_probing_target
                0x000094a6       0xee build/sky/obj/rpl-timers.o
                0x000094a6                get_probing_target
 .text.rpl_schedule_probing
                0x00009594       0x20 build/sky/obj/rpl-timers.o
                0x00009594                rpl_schedule_probing
 .text.handle_probing_timer
                0x000095b4       0x2a build/sky/obj/rpl-timers.o
 .text.rpl_schedule_probing_now
                0x000095de       0x24 build/sky/obj/rpl-timers.o
                0x000095de                rpl_schedule_probing_now
 .text.rpl_timers_unschedule_leaving
                0x00009602       0x1c build/sky/obj/rpl-timers.o
                0x00009602                rpl_timers_unschedule_leaving
 .text.rpl_timers_schedule_leaving
                0x0000961e       0x2a build/sky/obj/rpl-timers.o
                0x0000961e                rpl_timers_schedule_leaving
 .text.rpl_timers_init
                0x00009648       0x1c build/sky/obj/rpl-timers.o
                0x00009648                rpl_timers_init
 .text.rpl_timers_stop_dag_timers
                0x00009664       0x4c build/sky/obj/rpl-timers.o
                0x00009664                rpl_timers_stop_dag_timers
 .text.rpl_timers_unschedule_state_update
                0x000096b0       0x10 build/sky/obj/rpl-timers.o
                0x000096b0                rpl_timers_unschedule_state_update
 .text.rpl_timers_schedule_state_update
                0x000096c0       0x1c build/sky/obj/rpl-timers.o
                0x000096c0                rpl_timers_schedule_state_update
 .text.rpl_has_joined
                0x000096dc       0x12 build/sky/obj/rpl.o
                0x000096dc                rpl_has_joined
 .text.rpl_is_reachable
                0x000096ee       0x12 build/sky/obj/rpl.o
                0x000096ee                rpl_is_reachable
 .text.neighbor_state_changed
                0x00009700        0x2 build/sky/obj/rpl.o
 .text.drop_route
                0x00009702        0x2 build/sky/obj/rpl.o
 .text.rpl_get_leaf_only
                0x00009704        0x6 build/sky/obj/rpl.o
                0x00009704                rpl_get_leaf_only
 .text.get_sr_node_ipaddr
                0x0000970a       0x34 build/sky/obj/rpl.o
 .text.init     0x0000973e       0x42 build/sky/obj/rpl.o
 .text.set_ip_from_prefix
                0x00009780       0x38 build/sky/obj/rpl.o
 .text.rpl_link_callback
                0x000097b8       0x1e build/sky/obj/rpl.o
                0x000097b8                rpl_link_callback
 .text.rpl_lollipop_greater_than
                0x000097d6       0x3c build/sky/obj/rpl.o
                0x000097d6                rpl_lollipop_greater_than
 .text.rpl_get_global_address
                0x00009812       0xbe build/sky/obj/rpl.o
                0x00009812                rpl_get_global_address
 .text.rpl_reset_prefix
                0x000098d0       0x24 build/sky/obj/rpl.o
                0x000098d0                rpl_reset_prefix
 .text.rpl_set_prefix_from_addr
                0x000098f4       0x92 build/sky/obj/rpl.o
                0x000098f4                rpl_set_prefix_from_addr
 .text.timera0  0x00009986       0x2e build/sky/obj/rtimer-arch.o
                0x00009986                __isr_6
                0x00009986                timera0
 .text.rtimer_arch_init
                0x000099b4        0xe build/sky/obj/rtimer-arch.o
                0x000099b4                rtimer_arch_init
 .text.rtimer_arch_now
                0x000099c2        0xe build/sky/obj/rtimer-arch.o
                0x000099c2                rtimer_arch_now
 .text.rtimer_arch_schedule
                0x000099d0        0x6 build/sky/obj/rtimer-arch.o
                0x000099d0                rtimer_arch_schedule
 .text.rtimer_init
                0x000099d6        0x6 build/sky/obj/rtimer.o
                0x000099d6                rtimer_init
 .text.rtimer_run_next
                0x000099dc       0x26 build/sky/obj/rtimer.o
                0x000099dc                rtimer_run_next
 .text.process_thread_sensors_process
                0x00009a02       0xc2 build/sky/obj/sensors.o
 .text.sensors_changed
                0x00009ac4       0x2a build/sky/obj/sensors.o
                0x00009ac4                sensors_changed
 .text.clear_fragments
                0x00009aee       0x40 build/sky/obj/sicslowpan.o
 .text.addr_context_lookup_by_number
                0x00009b2e       0x16 build/sky/obj/sicslowpan.o
 .text.sicslowpan_init
                0x00009b44       0x18 build/sky/obj/sicslowpan.o
                0x00009b44                sicslowpan_init
 .text.set_packet_attrs
                0x00009b5c       0x66 build/sky/obj/sicslowpan.o
 .text.compress_addr_64
                0x00009bc2       0xae build/sky/obj/sicslowpan.o
 .text.addr_context_lookup_by_prefix
                0x00009c70       0x20 build/sky/obj/sicslowpan.o
 .text.send_packet
                0x00009c90       0x10 build/sky/obj/sicslowpan.o
 .text.fragment_copy_payload_and_send
                0x00009ca0       0x58 build/sky/obj/sicslowpan.o
 .text.packet_sent
                0x00009cf8       0x56 build/sky/obj/sicslowpan.o
 .text.store_fragment
                0x00009d4e       0xb8 build/sky/obj/sicslowpan.o
 .text.add_fragment
                0x00009e06      0x1fc build/sky/obj/sicslowpan.o
 .text.uncompress_addr
                0x0000a002       0xb4 build/sky/obj/sicslowpan.o
 .text.output   0x0000a0b6      0x7b2 build/sky/obj/sicslowpan.o
 .text.input    0x0000a868      0xa10 build/sky/obj/sicslowpan.o
 .text.process_thread_simple_udp_process
                0x0000b278       0xb8 build/sky/obj/simple-udp.o
 .text.simple_udp_sendto
                0x0000b330       0x36 build/sky/obj/simple-udp.o
                0x0000b330                simple_udp_sendto
 .text.simple_udp_register
                0x0000b366       0x9a build/sky/obj/simple-udp.o
                0x0000b366                simple_udp_register
 .text.spi_init
                0x0000b400       0x30 build/sky/obj/spi-legacy.o
                0x0000b400                spi_init
 .text.stack_check_init
                0x0000b430       0x2e build/sky/obj/stack-check.o
                0x0000b430                stack_check_init
 .text.stack_check_get_usage
                0x0000b45e       0x54 build/sky/obj/stack-check.o
                0x0000b45e                stack_check_get_usage
 .text.process_thread_stack_check_process
                0x0000b4b2       0xea build/sky/obj/stack-check.o
 .text.stimer_set
                0x0000b59c       0x1c build/sky/obj/stimer.o
                0x0000b59c                stimer_set
 .text.stimer_expired
                0x0000b5b8       0x30 build/sky/obj/stimer.o
                0x0000b5b8                stimer_expired
 .text.tcpip_output
                0x0000b5e8       0x22 build/sky/obj/tcpip.o
                0x0000b5e8                tcpip_output
 .text.udp_new  0x0000b60a       0x1a build/sky/obj/tcpip.o
                0x0000b60a                udp_new
 .text.tcpip_input
                0x0000b624       0x1e build/sky/obj/tcpip.o
                0x0000b624                tcpip_input
 .text.tcpip_ipv6_output
                0x0000b642      0x114 build/sky/obj/tcpip.o
                0x0000b642                tcpip_ipv6_output
 .text.packet_input.part.3
                0x0000b756       0x12 build/sky/obj/tcpip.o
 .text.process_thread_tcpip_process
                0x0000b768       0xcc build/sky/obj/tcpip.o
 .text.tcpip_uipcall
                0x0000b834       0x2a build/sky/obj/tcpip.o
                0x0000b834                tcpip_uipcall
 .text.timer_set
                0x0000b85e       0x1c build/sky/obj/timer.o
                0x0000b85e                timer_set
 .text.timer_expired
                0x0000b87a       0x2a build/sky/obj/timer.o
                0x0000b87a                timer_expired
 .text.timer_reset
                0x0000b8a4       0x1c build/sky/obj/timer.o
                0x0000b8a4                timer_reset
 .text.putchar  0x0000b8c0       0x10 build/sky/obj/uart1-putchar.o
                0x0000b8c0                putchar
 .text.uart1_active
                0x0000b8d0       0x18 build/sky/obj/uart1.o
                0x0000b8d0                uart1_active
 .text.uart1_writeb
                0x0000b8e8       0x18 build/sky/obj/uart1.o
                0x0000b8e8                uart1_writeb
 .text.uart1_init
                0x0000b900       0xf4 build/sky/obj/uart1.o
                0x0000b900                uart1_init
 .text.udp_rx_callback
                0x0000b9f4       0x46 build/sky/obj/udp-client.o
 .text.process_thread_udp_client_process
                0x0000ba3a      0x1ca build/sky/obj/udp-client.o
 .text.uip_ds6_nbr_rm
                0x0000bc04       0x1e build/sky/obj/uip-ds6-nbr.o
                0x0000bc04                uip_ds6_nbr_rm
 .text.uip_ds6_neighbors_init
                0x0000bc22       0x12 build/sky/obj/uip-ds6-nbr.o
                0x0000bc22                uip_ds6_neighbors_init
 .text.uip_ds6_nbr_add
                0x0000bc34       0x3e build/sky/obj/uip-ds6-nbr.o
                0x0000bc34                uip_ds6_nbr_add
 .text.uip_ds6_nbr_get_ll
                0x0000bc72        0xc build/sky/obj/uip-ds6-nbr.o
                0x0000bc72                uip_ds6_nbr_get_ll
 .text.uip_ds6_nbr_head
                0x0000bc7e        0xa build/sky/obj/uip-ds6-nbr.o
                0x0000bc7e                uip_ds6_nbr_head
 .text.uip_ds6_nbr_next
                0x0000bc88        0xc build/sky/obj/uip-ds6-nbr.o
                0x0000bc88                uip_ds6_nbr_next
 .text.uip_ds6_nbr_lookup
                0x0000bc94       0x3a build/sky/obj/uip-ds6-nbr.o
                0x0000bc94                uip_ds6_nbr_lookup
 .text.uip_ds6_nbr_ll_lookup
                0x0000bcce        0xc build/sky/obj/uip-ds6-nbr.o
                0x0000bcce                uip_ds6_nbr_ll_lookup
 .text.uip_ds6_nbr_update_ll
                0x0000bcda       0x76 build/sky/obj/uip-ds6-nbr.o
                0x0000bcda                uip_ds6_nbr_update_ll
 .text.uip_ds6_nbr_ipaddr_from_lladdr
                0x0000bd50        0x6 build/sky/obj/uip-ds6-nbr.o
                0x0000bd50                uip_ds6_nbr_ipaddr_from_lladdr
 .text.uip_ds6_nbr_lladdr_from_ipaddr
                0x0000bd56       0x12 build/sky/obj/uip-ds6-nbr.o
                0x0000bd56                uip_ds6_nbr_lladdr_from_ipaddr
 .text.uip_ds6_link_callback
                0x0000bd68        0x2 build/sky/obj/uip-ds6-nbr.o
                0x0000bd68                uip_ds6_link_callback
 .text.uip_ds6_route_init
                0x0000bd6a       0x12 build/sky/obj/uip-ds6-route.o
                0x0000bd6a                uip_ds6_route_init
 .text.uip_ds6_route_nexthop
                0x0000bd7c        0x4 build/sky/obj/uip-ds6-route.o
                0x0000bd7c                uip_ds6_route_nexthop
 .text.uip_ds6_route_lookup
                0x0000bd80        0x4 build/sky/obj/uip-ds6-route.o
                0x0000bd80                uip_ds6_route_lookup
 .text.uip_ds6_route_rm
                0x0000bd84        0x2 build/sky/obj/uip-ds6-route.o
                0x0000bd84                uip_ds6_route_rm
 .text.uip_ds6_defrt_rm
                0x0000bd86       0x3c build/sky/obj/uip-ds6-route.o
                0x0000bd86                uip_ds6_defrt_rm
 .text.uip_ds6_defrt_lookup
                0x0000bdc2       0x40 build/sky/obj/uip-ds6-route.o
                0x0000bdc2                uip_ds6_defrt_lookup
 .text.uip_ds6_defrt_add
                0x0000be02       0x72 build/sky/obj/uip-ds6-route.o
                0x0000be02                uip_ds6_defrt_add
 .text.uip_ds6_defrt_choose
                0x0000be74       0x3a build/sky/obj/uip-ds6-route.o
                0x0000be74                uip_ds6_defrt_choose
 .text.uip_ds6_defrt_periodic
                0x0000beae       0x38 build/sky/obj/uip-ds6-route.o
                0x0000beae                uip_ds6_defrt_periodic
 .text.uip_ds6_default_prefix
                0x0000bee6        0x6 build/sky/obj/uip-ds6.o
                0x0000bee6                uip_ds6_default_prefix
 .text.uip_ds6_list_loop
                0x0000beec       0x92 build/sky/obj/uip-ds6.o
                0x0000beec                uip_ds6_list_loop
 .text.uip_ds6_prefix_add
                0x0000bf7e       0x80 build/sky/obj/uip-ds6.o
                0x0000bf7e                uip_ds6_prefix_add
 .text.uip_ds6_is_addr_onlink
                0x0000bffe       0x54 build/sky/obj/uip-ds6.o
                0x0000bffe                uip_ds6_is_addr_onlink
 .text.uip_ds6_addr_lookup
                0x0000c052       0x2a build/sky/obj/uip-ds6.o
                0x0000c052                uip_ds6_addr_lookup
 .text.uip_ds6_get_link_local
                0x0000c07c       0x3e build/sky/obj/uip-ds6.o
                0x0000c07c                uip_ds6_get_link_local
 .text.uip_ds6_maddr_add
                0x0000c0ba       0x4c build/sky/obj/uip-ds6.o
                0x0000c0ba                uip_ds6_maddr_add
 .text.uip_ds6_addr_add
                0x0000c106       0xc4 build/sky/obj/uip-ds6.o
                0x0000c106                uip_ds6_addr_add
 .text.uip_ds6_maddr_rm
                0x0000c1ca        0xa build/sky/obj/uip-ds6.o
                0x0000c1ca                uip_ds6_maddr_rm
 .text.uip_ds6_maddr_lookup
                0x0000c1d4       0x2a build/sky/obj/uip-ds6.o
                0x0000c1d4                uip_ds6_maddr_lookup
 .text.uip_ds6_addr_rm
                0x0000c1fe       0x54 build/sky/obj/uip-ds6.o
                0x0000c1fe                uip_ds6_addr_rm
 .text.uip_ds6_periodic
                0x0000c252       0x46 build/sky/obj/uip-ds6.o
                0x0000c252                uip_ds6_periodic
 .text.uip_ds6_set_addr_iid
                0x0000c298       0x14 build/sky/obj/uip-ds6.o
                0x0000c298                uip_ds6_set_addr_iid
 .text.uip_ds6_set_lladdr_from_iid
                0x0000c2ac       0x14 build/sky/obj/uip-ds6.o
                0x0000c2ac                uip_ds6_set_lladdr_from_iid
 .text.get_match_length
                0x0000c2c0       0x44 build/sky/obj/uip-ds6.o
                0x0000c2c0                get_match_length
 .text.uip_ds6_select_src
                0x0000c304       0xaa build/sky/obj/uip-ds6.o
                0x0000c304                uip_ds6_select_src
 .text.uip_ds6_compute_reachable_time
                0x0000c3ae       0x3e build/sky/obj/uip-ds6.o
                0x0000c3ae                uip_ds6_compute_reachable_time
 .text.uip_ds6_init
                0x0000c3ec      0x164 build/sky/obj/uip-ds6.o
                0x0000c3ec                uip_ds6_init
 .text.echo_reply_input
                0x0000c550       0x68 build/sky/obj/uip-icmp6.o
 .text.echo_request_input
                0x0000c5b8       0x86 build/sky/obj/uip-icmp6.o
 .text.uip_icmp6_input
                0x0000c63e       0x48 build/sky/obj/uip-icmp6.o
                0x0000c63e                uip_icmp6_input
 .text.uip_icmp6_register_input_handler
                0x0000c686        0xc build/sky/obj/uip-icmp6.o
                0x0000c686                uip_icmp6_register_input_handler
 .text.uip_icmp6_error_output
                0x0000c692      0x146 build/sky/obj/uip-icmp6.o
                0x0000c692                uip_icmp6_error_output
 .text.uip_icmp6_send
                0x0000c7d8       0x8e build/sky/obj/uip-icmp6.o
                0x0000c7d8                uip_icmp6_send
 .text.uip_icmp6_init
                0x0000c866       0x12 build/sky/obj/uip-icmp6.o
                0x0000c866                uip_icmp6_init
 .text.ns_input
                0x0000c878      0x29a build/sky/obj/uip-nd6.o
 .text.uip_nd6_init
                0x0000cb12        0xa build/sky/obj/uip-nd6.o
                0x0000cb12                uip_nd6_init
 .text.node_matches_address.part.0
                0x0000cb1c       0x2e build/sky/obj/uip-sr.o
 .text.uip_sr_get_node
                0x0000cb4a       0x44 build/sky/obj/uip-sr.o
                0x0000cb4a                uip_sr_get_node
 .text.uip_sr_is_addr_reachable
                0x0000cb8e       0x4e build/sky/obj/uip-sr.o
                0x0000cb8e                uip_sr_is_addr_reachable
 .text.uip_sr_expire_parent
                0x0000cbdc       0x50 build/sky/obj/uip-sr.o
                0x0000cbdc                uip_sr_expire_parent
 .text.uip_sr_update_node
                0x0000cc2c       0xbc build/sky/obj/uip-sr.o
                0x0000cc2c                uip_sr_update_node
 .text.uip_sr_init
                0x0000cce8       0x16 build/sky/obj/uip-sr.o
                0x0000cce8                uip_sr_init
 .text.uip_sr_periodic
                0x0000ccfe       0x9e build/sky/obj/uip-sr.o
                0x0000ccfe                uip_sr_periodic
 .text.uip_sr_free_all
                0x0000cd9c       0x3c build/sky/obj/uip-sr.o
                0x0000cd9c                uip_sr_free_all
 .text.uip_udp_packet_send
                0x0000cdd8       0x2a build/sky/obj/uip-udp-packet.o
                0x0000cdd8                uip_udp_packet_send
 .text.uip_udp_packet_sendto
                0x0000ce02       0x66 build/sky/obj/uip-udp-packet.o
                0x0000ce02                uip_udp_packet_sendto
 .text.chksum   0x0000ce68       0x32 build/sky/obj/uip6.o
 .text.upper_layer_chksum
                0x0000ce9a       0x58 build/sky/obj/uip6.o
 .text.ext_hdr_options_process
                0x0000cef2       0xa4 build/sky/obj/uip6.o
 .text.uip_check_mtu
                0x0000cf96       0x1e build/sky/obj/uip6.o
 .text.uip_update_ttl
                0x0000cfb4       0x24 build/sky/obj/uip6.o
 .text.uip_icmp6chksum
                0x0000cfd8        0xa build/sky/obj/uip6.o
                0x0000cfd8                uip_icmp6chksum
 .text.uip_udpchksum
                0x0000cfe2        0xa build/sky/obj/uip6.o
                0x0000cfe2                uip_udpchksum
 .text.uip_init
                0x0000cfec       0x3c build/sky/obj/uip6.o
                0x0000cfec                uip_init
 .text.uip_remove_ext_hdr
                0x0000d028       0x5e build/sky/obj/uip6.o
                0x0000d028                uip_remove_ext_hdr
 .text.uip_udp_new
                0x0000d086       0xac build/sky/obj/uip6.o
                0x0000d086                uip_udp_new
 .text.uip_process
                0x0000d132      0x4be build/sky/obj/uip6.o
                0x0000d132                uip_process
 .text.uip_htonl
                0x0000d5f0       0x2e build/sky/obj/uip6.o
                0x0000d5f0                uip_htonl
 .text.uipbuf_add_ext_hdr
                0x0000d61e       0x1c build/sky/obj/uipbuf.o
                0x0000d61e                uipbuf_add_ext_hdr
 .text.uipbuf_set_len
                0x0000d63a       0x12 build/sky/obj/uipbuf.o
                0x0000d63a                uipbuf_set_len
 .text.uipbuf_set_len_field
                0x0000d64c        0xe build/sky/obj/uipbuf.o
                0x0000d64c                uipbuf_set_len_field
 .text.uipbuf_get_len_field
                0x0000d65a        0xe build/sky/obj/uipbuf.o
                0x0000d65a                uipbuf_get_len_field
 .text.uipbuf_get_next_header
                0x0000d668       0x6a build/sky/obj/uipbuf.o
                0x0000d668                uipbuf_get_next_header
 .text.uipbuf_get_last_header
                0x0000d6d2       0x3e build/sky/obj/uipbuf.o
                0x0000d6d2                uipbuf_get_last_header
 .text.uipbuf_search_header
                0x0000d710       0x4e build/sky/obj/uipbuf.o
                0x0000d710                uipbuf_search_header
 .text.uipbuf_get_attr
                0x0000d75e       0x12 build/sky/obj/uipbuf.o
                0x0000d75e                uipbuf_get_attr
 .text.uipbuf_set_attr
                0x0000d770       0x14 build/sky/obj/uipbuf.o
                0x0000d770                uipbuf_set_attr
 .text.uipbuf_clear_attr
                0x0000d784       0x12 build/sky/obj/uipbuf.o
                0x0000d784                uipbuf_clear_attr
 .text.uipbuf_clear
                0x0000d796       0x12 build/sky/obj/uipbuf.o
                0x0000d796                uipbuf_clear
 .text.uipbuf_init
                0x0000d7a8       0x1a build/sky/obj/uipbuf.o
                0x0000d7a8                uipbuf_init
 .text.uiplib_ipaddr_snprint
                0x0000d7c2      0x12c build/sky/obj/uiplib.o
                0x0000d7c2                uiplib_ipaddr_snprint
 .text.watchdog_interrupt
                0x0000d8ee        0x6 build/sky/obj/watchdog.o
                0x0000d8ee                __isr_10
                0x0000d8ee                watchdog_interrupt
 .text.watchdog_start
                0x0000d8f4       0x14 build/sky/obj/watchdog.o
                0x0000d8f4                watchdog_start
 .text.watchdog_periodic
                0x0000d908       0x12 build/sky/obj/watchdog.o
                0x0000d908                watchdog_periodic
 .text.watchdog_stop
                0x0000d91a       0x16 build/sky/obj/watchdog.o
                0x0000d91a                watchdog_stop
 .text.watchdog_init
                0x0000d930       0x12 build/sky/obj/watchdog.o
                0x0000d930                watchdog_init
 .text.xmem_init
                0x0000d942       0x3c build/sky/obj/xmem.o
                0x0000d942                xmem_init
 .text.printf   0x0000d97e       0x10 /usr/local/bin/../lib/gcc/msp430/4.7.2/../../../../msp430/lib/mmpy-16/libc.a(printf.o)
                0x0000d97e                printf
 .text.append   0x0000d98e       0x22 /usr/local/bin/../lib/gcc/msp430/4.7.2/../../../../msp430/lib/mmpy-16/libc.a(sprintf.o)
 .text.call_vuprintf
                0x0000d9b0       0x3a /usr/local/bin/../lib/gcc/msp430/4.7.2/../../../../msp430/lib/mmpy-16/libc.a(sprintf.o)
 .text.snprintf
                0x0000d9ea       0x1a /usr/local/bin/../lib/gcc/msp430/4.7.2/../../../../msp430/lib/mmpy-16/libc.a(sprintf.o)
                0x0000d9ea                snprintf
 .text.print_field
                0x0000da04      0x194 /usr/local/bin/../lib/gcc/msp430/4.7.2/../../../../msp430/lib/mmpy-16/libc.a(vuprintf.o)
 .text.vuprintf
                0x0000db98      0x63e /usr/local/bin/../lib/gcc/msp430/4.7.2/../../../../msp430/lib/mmpy-16/libc.a(vuprintf.o)
                0x0000db98                vuprintf
 .text.puts     0x0000e1d6       0x2c /usr/local/bin/../lib/gcc/msp430/4.7.2/../../../../msp430/lib/mmpy-16/libc.a(puts.o)
                0x0000e1d6                puts
 .text.rand     0x0000e202       0x26 /usr/local/bin/../lib/gcc/msp430/4.7.2/../../../../msp430/lib/mmpy-16/libc.a(rand.o)
                0x0000e202                rand
 .text.srand    0x0000e228        0xa /usr/local/bin/../lib/gcc/msp430/4.7.2/../../../../msp430/lib/mmpy-16/libc.a(rand.o)
                0x0000e228                srand
 .text.memcmp   0x0000e232       0x30 /usr/local/bin/../lib/gcc/msp430/4.7.2/../../../../msp430/lib/mmpy-16/libc.a(memcmp.o)
                0x0000e232                memcmp
 .text.memcpy   0x0000e262       0xfa /usr/local/bin/../lib/gcc/msp430/4.7.2/../../../../msp430/lib/mmpy-16/libc.a(memcpy.o)
                0x0000e262                memcpy
 .text.memmove  0x0000e35c       0xfa /usr/local/bin/../lib/gcc/msp430/4.7.2/../../../../msp430/lib/mmpy-16/libc.a(memmove.o)
                0x0000e35c                memmove
 .text.memset   0x0000e456       0x6a /usr/local/bin/../lib/gcc/msp430/4.7.2/../../../../msp430/lib/mmpy-16/libc.a(memset.o)
                0x0000e456                memset
 .text.crt0     0x0000e4c0        0x2 /usr/local/bin/../lib/gcc/msp430/4.7.2/mmpy-16/libcrt0.a(_unexpected_.o)
                0x0000e4c0                _unexpected_
 .text.libgcc   0x0000e4c2       0x2c /usr/local/bin/../lib/gcc/msp430/4.7.2/mmpy-16/libgcc.a(_mulsi3.o)
                0x0000e4c2                __mulsi3
 .text.libgcc   0x0000e4ee       0x22 /usr/local/bin/../lib/gcc/msp430/4.7.2/mmpy-16/libgcc.a(_udivmod16.o)
                0x0000e4ee                __udivhi3
                0x0000e4ee                __ext_udivmod16
                0x0000e508                __umodhi3
 .text.libgcc   0x0000e510       0x3a /usr/local/bin/../lib/gcc/msp430/4.7.2/mmpy-16/libgcc.a(_divmod16.o)
                0x0000e510                __ext_divmod16
                0x0000e510                __divhi3
                0x0000e542                __modhi3
 .text.libgcc   0x0000e54a       0x40 /usr/local/bin/../lib/gcc/msp430/4.7.2/mmpy-16/libgcc.a(_udivmod32.o)
                0x0000e54a                __udivsi3
                0x0000e54a                __ext_udivmod32
                0x0000e580                __umodsi3
 .text.libgcc   0x0000e58a       0x4c /usr/local/bin/../lib/gcc/msp430/4.7.2/mmpy-16/libgcc.a(_divmod32.o)
                0x0000e58a                __ext_divmod32
                0x0000e58a                __divsi3
                0x0000e5cc                __modsi3
 .text.libgcc   0x0000e5d6       0xf0 /usr/local/bin/../lib/gcc/msp430/4.7.2/mmpy-16/libgcc.a(_udivmod64.o)
                0x0000e5d6                __xabi_udivmod64
                0x0000e634                __udivdi3
                0x0000e65a                __umoddi3
                0x0000e688                __udivmoddi4
 *(SORT(.near.text) SORT(.near.text.*))

.rodata         0x0000e6c8      0x588
                0x0000e6c8                . = ALIGN (0x2)
 *(SORT(.rodata) SORT(.rodata.*) SORT(.gnu.linkonce.r.*))
 .rodata.get_value
                0x0000e6c8       0x34 build/sky/obj/cc2420.o
 .rodata.set_value
                0x0000e6fc       0x10 build/sky/obj/cc2420.o
 .rodata        0x0000e70c       0x10 build/sky/obj/button-sensor.o
                0x0000e714                button_sensor
 .rodata        0x0000e71c       0x3e build/sky/obj/cc2420.o
                0x0000e71c                cc2420_aes_128_driver
                0x0000e720                cc2420_driver
 .rodata        0x0000e75a       0x22 build/sky/obj/csma.o
                0x0000e76e                csma_driver
 .rodata        0x0000e77c        0x6 build/sky/obj/framer-802154.o
                0x0000e77c                framer_802154
 .rodata        0x0000e782        0x8 build/sky/obj/linkaddr.o
                0x0000e782                linkaddr_null
 .rodata        0x0000e78a       0xb6 build/sky/obj/log.o
 .rodata        0x0000e840       0xe0 build/sky/obj/rpl-dag.o
 .rodata        0x0000e920       0x34 build/sky/obj/rpl.o
                0x0000e92a                rpl_lite_driver
 .rodata        0x0000e954       0x26 build/sky/obj/sicslowpan.o
                0x0000e960                sicslowpan_driver
                0x0000e968                llprefix
                0x0000e96a                unc_mxconf
                0x0000e96e                unc_ctxconf
                0x0000e972                unc_llconf
 .rodata        0x0000e97a       0x9a build/sky/obj/udp-client.o
                0x0000ea04                autostart_processes
 .rodata        0x0000ea14       0xf4 build/sky/obj/contiki-main.o
 .rodata        0x0000eb08        0xf build/sky/obj/ctimer.o
 .rodata        0x0000eb17        0xc build/sky/obj/etimer.o
 .rodata        0x0000eb23        0x2 build/sky/obj/frame802154.o
 .rodata        0x0000eb25       0x31 build/sky/obj/platform.o
 .rodata        0x0000eb56       0x28 build/sky/obj/rpl-ext-header.o
 .rodata        0x0000eb7e        0xc build/sky/obj/rpl-timers.o
 .rodata        0x0000eb8a        0x8 build/sky/obj/sensors.o
 .rodata        0x0000eb92       0x13 build/sky/obj/simple-udp.o
 .rodata        0x0000eba5       0x6a build/sky/obj/stack-check.o
 .rodata        0x0000ec0f        0xd build/sky/obj/tcpip.o
 .rodata        0x0000ec1c       0x2d build/sky/obj/uiplib.o
 .rodata.vuprintf
                0x0000ec49        0x7 /usr/local/bin/../lib/gcc/msp430/4.7.2/../../../../msp430/lib/mmpy-16/libc.a(vuprintf.o)
 *(SORT(.near.rodata) SORT(.near.rodata.*))
                0x0000ec50                . = ALIGN (0x2)
                0x0000ec50                _etext = .

.data           0x00001100      0x144 load address 0x0000ec50
                0x00001100                . = ALIGN (0x2)
                0x00001100                __data_start = .
 *(SORT(.data) SORT(.data.*) SORT(.gnu.linkonce.d.*))
 .data          0x00001100        0xc build/sky/obj/cc2420.o
                0x00001100                cc2420_process
 .data          0x0000110c        0x4 build/sky/obj/contiki-sky-platform.o
                0x0000110c                sensors
 .data          0x00001110       0x18 build/sky/obj/csma-output.o
 .data          0x00001128        0xa build/sky/obj/ctimer.o
                0x00001128                ctimer_process
 .data          0x00001132        0xa build/sky/obj/etimer.o
                0x00001132                etimer_process
 .data          0x0000113c        0x2 build/sky/obj/frame802154.o
 .data          0x0000113e        0x8 build/sky/obj/link-stats.o
 .data          0x00001146       0x50 build/sky/obj/log.o
                0x00001146                all_modules
                0x00001194                curr_log_level_main
 .data          0x00001196        0x2 build/sky/obj/msp430.o
 .data          0x00001198        0x8 build/sky/obj/nbr-table.o
 .data          0x000011a0       0x10 build/sky/obj/queuebuf.o
 .data          0x000011b0       0x18 build/sky/obj/rpl-icmp6.o
 .data          0x000011c8       0x12 build/sky/obj/rpl-mrhof.o
                0x000011c8                rpl_mrhof
 .data          0x000011da        0xa build/sky/obj/rpl-neighbor.o
                0x000011da                rpl_neighbors
 .data          0x000011e4        0xa build/sky/obj/sensors.o
                0x000011e4                sensors_process
 .data          0x000011ee        0xa build/sky/obj/simple-udp.o
                0x000011ee                simple_udp_process
 .data          0x000011f8        0xa build/sky/obj/stack-check.o
                0x000011f8                stack_check_process
 .data          0x00001202        0xa build/sky/obj/tcpip.o
                0x00001202                tcpip_process
 .data          0x0000120c        0xa build/sky/obj/udp-client.o
                0x0000120c                udp_client_process
 .data          0x00001216        0x8 build/sky/obj/uip-ds6-nbr.o
 .data          0x0000121e        0x8 build/sky/obj/uip-ds6-route.o
 .data          0x00001226        0xc build/sky/obj/uip-icmp6.o
 .data          0x00001232        0x6 build/sky/obj/uip-nd6.o
 .data          0x00001238        0x8 build/sky/obj/uip-sr.o
 .data.next     0x00001240        0x4 /usr/local/bin/../lib/gcc/msp430/4.7.2/../../../../msp430/lib/mmpy-16/libc.a(rand.o)
 *(SORT(.near.data) SORT(.near.data.*))
                0x00001244                . = ALIGN (0x2)
                0x00001244                _edata = .
                0x0000ec50                __data_load_start = LOADADDR (.data)
                0x00000144                __data_size = SIZEOF (.data)

.bss            0x00001244     0x1d6e load address 0x0000ed94
                0x00001244                __bss_start = .
 *(SORT(.bss) SORT(.bss.*))
 .bss           0x00001244        0x8 build/sky/obj/button-sensor.o
 .bss           0x0000124c       0x10 build/sky/obj/cc2420.o
 .bss           0x0000125c        0xa build/sky/obj/clock.o
 .bss           0x00001266       0xbc build/sky/obj/csma-output.o
 .bss           0x00001322        0x4 build/sky/obj/ctimer.o
 .bss           0x00001326        0x6 build/sky/obj/etimer.o
 .bss           0x0000132c       0xa0 build/sky/obj/link-stats.o
 .bss           0x000013cc       0x16 build/sky/obj/log.o
                0x000013cc                curr_log_level_lwm2m
                0x000013ce                curr_log_level_snmp
                0x000013d0                curr_log_level_coap
                0x000013d2                curr_log_level_6top
                0x000013d4                curr_log_level_framer
                0x000013d6                curr_log_level_mac
                0x000013d8                curr_log_level_nullnet
                0x000013da                curr_log_level_6lowpan
                0x000013dc                curr_log_level_ipv6
                0x000013de                curr_log_level_tcpip
                0x000013e0                curr_log_level_rpl
 .bss           0x000013e2       0xe2 build/sky/obj/mac-sequence.o
 .bss           0x000014c4       0xe4 build/sky/obj/nbr-table.o
 .bss           0x000015a8        0x2 build/sky/obj/netstack.o
 .bss           0x000015aa        0x2 build/sky/obj/node-id.o
                0x000015aa                node_id
 .bss           0x000015ac       0x86 build/sky/obj/packetbuf.o
 .bss           0x00001632        0x8 build/sky/obj/platform.o
 .bss           0x0000163a       0xc8 build/sky/obj/process.o
                0x0000163a                process_current
                0x0000163c                process_list
 .bss           0x00001702      0x570 build/sky/obj/queuebuf.o
 .bss           0x00001c72       0x12 build/sky/obj/rpl-dag-root.o
 .bss           0x00001c84       0x80 build/sky/obj/rpl-neighbor.o
 .bss           0x00001d04       0x28 build/sky/obj/rpl-timers.o
 .bss           0x00001d2c        0x2 build/sky/obj/rtimer.o
 .bss           0x00001d2e        0x6 build/sky/obj/sensors.o
 .bss           0x00001d34      0x6de build/sky/obj/sicslowpan.o
 .bss           0x00002412        0xe build/sky/obj/stack-check.o
 .bss           0x00002420        0xc build/sky/obj/tcpip.o
 .bss           0x0000242c       0x9a build/sky/obj/uart1.o
 .bss           0x000024c6       0x54 build/sky/obj/udp-client.o
 .bss           0x0000251a      0x120 build/sky/obj/uip-ds6-nbr.o
 .bss           0x0000263a       0x3c build/sky/obj/uip-ds6-route.o
 .bss           0x00002676       0x28 build/sky/obj/uip-ds6.o
 .bss           0x0000269e       0x14 build/sky/obj/uip-icmp6.o
 .bss           0x000026b2        0x8 build/sky/obj/uip-nd6.o
 .bss           0x000026ba      0x134 build/sky/obj/uip-sr.o
 .bss           0x000027ee        0x8 build/sky/obj/uip6.o
                0x000027ee                uip_last_proto
                0x000027f0                uip_ext_len
                0x000027f2                uip_ext_bitmap
 .bss           0x000027f6       0x20 build/sky/obj/uipbuf.o
 .bss           0x00002816        0x2 build/sky/obj/watchdog.o
 .bss.destination_
                0x00002818        0x2 /usr/local/bin/../lib/gcc/msp430/4.7.2/../../../../msp430/lib/mmpy-16/libc.a(sprintf.o)
 .bss.available_
                0x0000281a        0x2 /usr/local/bin/../lib/gcc/msp430/4.7.2/../../../../msp430/lib/mmpy-16/libc.a(sprintf.o)
 .bss           0x0000281c        0x1 build/sky/obj/rpl.o
 .bss           0x0000281d      0x1e1 build/sky/obj/simple-udp.o
 *(SORT(.near.bss) SORT(.near.bss.*))
 *(SORT(COMMON))
 COMMON         0x000029fe        0xc build/sky/obj/cc2420.o
                0x000029fe                cc2420_last_rssi
                0x00002a00                cc2420_sfd_start_time
                0x00002a02                cc2420_last_correlation
                0x00002a04                cc2420_authority_level_of_sender
                0x00002a06                cc2420_sfd_counter
                0x00002a08                cc2420_sfd_end_time
 COMMON         0x00002a0a       0x14 build/sky/obj/link-stats.o
                0x00002a0a                periodic_timer
 COMMON         0x00002a1e        0x8 build/sky/obj/linkaddr.o
                0x00002a1e                linkaddr_node_addr
 COMMON         0x00002a26        0x2 build/sky/obj/msp430.o
                0x00002a26                msp430_dco_required
 COMMON         0x00002a28       0x28 build/sky/obj/packetbuf.o
                0x00002a28                packetbuf_addrs
                0x00002a38                packetbuf_attrs
 COMMON         0x00002a50       0xfe build/sky/obj/rpl-dag.o
                0x00002a50                curr_instance
 COMMON         0x00002b4e       0x10 build/sky/obj/rpl.o
                0x00002b4e                rpl_multicast_addr
 COMMON         0x00002b5e      0x180 build/sky/obj/uip-ds6.o
                0x00002b5e                uip_ds6_timer_ra
                0x00002b66                uip_ds6_if
                0x00002c76                uip_ds6_netif_addr_list_offset
                0x00002c77                uip_ds6_addr_size
                0x00002c78                uip_ds6_prefix_list
                0x00002cd2                uip_ds6_timer_periodic
 COMMON         0x00002cde      0x2c6 build/sky/obj/uip6.o
                0x00002cde                uip_len
                0x00002ce0                uip_sappdata
                0x00002ce2                uip_lladdr
                0x00002cea                uip_aligned_buf
                0x00002eca                uip_flags
                0x00002ecc                uip_udp_conn
                0x00002ece                uip_appdata
                0x00002ed0                uip_conn
                0x00002ed2                uip_slen
                0x00002ed4                uip_udp_conns
 COMMON         0x00002fa4        0x2 build/sky/obj/cc2420-arch.o
                0x00002fa4                bufferPointer
 COMMON         0x00002fa6        0x2 build/sky/obj/contiki-sky-platform.o
                0x00002fa6                sensors_flags
 COMMON         0x00002fa8        0x8 build/sky/obj/ds2411.o
                0x00002fa8                ds2411_id
 COMMON         0x00002fb0        0x1 build/sky/obj/sensors.o
                0x00002fb0                sensors_event
 COMMON         0x00002fb1        0x1 build/sky/obj/tcpip.o
                0x00002fb1                tcpip_event
                0x00002fb2                . = ALIGN (0x2)
                0x00002fb2                __bss_end = .
                0x00001d6e                __bss_size = SIZEOF (.bss)

.noinit         0x00002fb2        0x2 load address 0x0000ed94
                0x00002fb2                . = ALIGN (0x2)
                0x00002fb2                __noinit_start = .
 *(SORT(.noinit) SORT(.noinit.*))
 .noinit.crt0   0x00002fb2        0x2 /usr/local/bin/../lib/gcc/msp430/4.7.2/mmpy-16/libcrt0.a(__watchdog_support.o)
                0x00002fb2                __wdt_clear_value
                0x00002fb4                . = ALIGN (0x2)
                0x00002fb4                __noinit_end = .
                0x00002fb4                . = ALIGN (0x2)
                0x00002fb4                _end = .

.infomem        0x00001000        0x0
                0x00001000                . = ALIGN (0x2)
 *(SORT(.infomem) SORT(.infomem.*))

.infomemnobits  0x00001000        0x0
                0x00001000                . = ALIGN (0x2)
 *(SORT(.infomemnobits) SORT(.infomemnobits.*))

.infoa          0x00001080        0x0
                0x00001080                . = ALIGN (0x2)
 *(SORT(.infoa) SORT(.infoa.*))

.infob          0x00001000        0x0
                0x00001000                . = ALIGN (0x2)
 *(SORT(.infob) SORT(.infob.*))

.infoc          0x00000000        0x0
                0x00000000                . = ALIGN (0x2)
 *(SORT(.infoc) SORT(.infoc.*))

.infod          0x00000000        0x0