Archive member included because of file (symbol)

/usr/local/bin/../lib/gcc/msp430/4.7.4/mcpu-430x/mmpy-16/msr20/mc20/libgcc.a(_mulsi3.o)
                              build/z1/obj/cfs-coffee.o (__mulsi3)
/usr/local/bin/../lib/gcc/msp430/4.7.4/mcpu-430x/mmpy-16/msr20/mc20/libgcc.a(_udivmod16.o)
                              build/z1/obj/cfs-coffee.o (__udivhi3)
/usr/local/bin/../lib/gcc/msp430/4.7.4/mcpu-430x/mmpy-16/msr20/mc20/libgcc.a(_divmod16.o)
                              build/z1/obj/link-stats.o (__divhi3)
/usr/local/bin/../lib/gcc/msp430/4.7.4/mcpu-430x/mmpy-16/msr20/mc20/libgcc.a(_udivmod32.o)
                              build/z1/obj/ifft.o (__udivsi3)
/usr/local/bin/../lib/gcc/msp430/4.7.4/mcpu-430x/mmpy-16/msr20/mc20/libgcc.a(_divmod32.o)
                              build/z1/obj/cfs-coffee.o (__divsi3)
/usr/local/bin/../lib/gcc/msp430/4.7.4/../../../../msp430/lib/mcpu-430x/mmpy-16/msr20/mc20/libc.a(printf.o)
                              build/z1/obj/assert.o (printf)
/usr/local/bin/../lib/gcc/msp430/4.7.4/../../../../msp430/lib/mcpu-430x/mmpy-16/msr20/mc20/libc.a(sprintf.o)
                              build/z1/obj/log.o (snprintf)
/usr/local/bin/../lib/gcc/msp430/4.7.4/../../../../msp430/lib/mcpu-430x/mmpy-16/msr20/mc20/libc.a(vuprintf.o)
                              /usr/local/bin/../lib/gcc/msp430/4.7.4/../../../../msp430/lib/mcpu-430x/mmpy-16/msr20/mc20/libc.a(printf.o) (vuprintf)
/usr/local/bin/../lib/gcc/msp430/4.7.4/../../../../msp430/lib/mcpu-430x/mmpy-16/msr20/mc20/libc.a(puts.o)
                              build/z1/obj/assert.o (puts)
/usr/local/bin/../lib/gcc/msp430/4.7.4/../../../../msp430/lib/mcpu-430x/mmpy-16/msr20/mc20/libc.a(strcmp.o)
                              build/z1/obj/cfs-coffee.o (strcmp)
/usr/local/bin/../lib/gcc/msp430/4.7.4/../../../../msp430/lib/mcpu-430x/mmpy-16/msr20/mc20/libc.a(strncmp.o)
                              build/z1/obj/sensors.o (strncmp)
/usr/local/bin/../lib/gcc/msp430/4.7.4/../../../../msp430/lib/mcpu-430x/mmpy-16/msr20/mc20/libc.a(memcmp.o)
                              build/z1/obj/ip64-addr.o (memcmp)
/usr/local/bin/../lib/gcc/msp430/4.7.4/../../../../msp430/lib/mcpu-430x/mmpy-16/msr20/mc20/libc.a(strncpy.o)
                              build/z1/obj/cfs-coffee.o (strncpy)
/usr/local/bin/../lib/gcc/msp430/4.7.4/../../../../msp430/lib/mcpu-430x/mmpy-16/msr20/mc20/libc.a(memcpy.o)
                              build/z1/obj/aes-128.o (memcpy)
/usr/local/bin/../lib/gcc/msp430/4.7.4/../../../../msp430/lib/mcpu-430x/mmpy-16/msr20/mc20/libc.a(memmove.o)
                              build/z1/obj/cbor.o (memmove)
/usr/local/bin/../lib/gcc/msp430/4.7.4/../../../../msp430/lib/mcpu-430x/mmpy-16/msr20/mc20/libc.a(memset.o)
                              build/z1/obj/cfs-coffee.o (memset)
/usr/local/bin/../lib/gcc/msp430/4.7.4/mcpu-430x/mmpy-16/msr20/mc20/libgcc.a(_udivmod64.o)
                              /usr/local/bin/../lib/gcc/msp430/4.7.4/../../../../msp430/lib/mcpu-430x/mmpy-16/msr20/mc20/libc.a(vuprintf.o) (__udivdi3)
/usr/local/bin/../lib/gcc/msp430/4.7.4/mcpu-430x/mmpy-16/msr20/mc20/libcrt0.a(_reset_vector__.o)
                              /usr/local/bin/../lib/gcc/msp430/4.7.4/mcpu-430x/mmpy-16/msr20/mc20/crt0ivtbl32.o (_reset_vector__)
/usr/local/bin/../lib/gcc/msp430/4.7.4/mcpu-430x/mmpy-16/msr20/mc20/libcrt0.a(__watchdog_support.o)
                              /usr/local/bin/../lib/gcc/msp430/4.7.4/mcpu-430x/mmpy-16/msr20/mc20/libcrt0.a(_reset_vector__.o) (__watchdog_support)
/usr/local/bin/../lib/gcc/msp430/4.7.4/mcpu-430x/mmpy-16/msr20/mc20/libcrt0.a(__init_stack.o)
                              /usr/local/bin/../lib/gcc/msp430/4.7.4/mcpu-430x/mmpy-16/msr20/mc20/libcrt0.a(_reset_vector__.o) (__init_stack)
/usr/local/bin/../lib/gcc/msp430/4.7.4/mcpu-430x/mmpy-16/msr20/mc20/libcrt0.a(__low_level_init.o)
                              /usr/local/bin/../lib/gcc/msp430/4.7.4/mcpu-430x/mmpy-16/msr20/mc20/libcrt0.a(_reset_vector__.o) (__low_level_init)
/usr/local/bin/../lib/gcc/msp430/4.7.4/mcpu-430x/mmpy-16/msr20/mc20/libcrt0.a(_copy_data.o)
                              /usr/local/bin/../lib/gcc/msp430/4.7.4/mcpu-430x/mmpy-16/msr20/mc20/libcrt0.a(_reset_vector__.o) (__do_copy_data)
/usr/local/bin/../lib/gcc/msp430/4.7.4/mcpu-430x/mmpy-16/msr20/mc20/libcrt0.a(_clear_bss.o)
                              /usr/local/bin/../lib/gcc/msp430/4.7.4/mcpu-430x/mmpy-16/msr20/mc20/libcrt0.a(_reset_vector__.o) (__do_clear_bss)
/usr/local/bin/../lib/gcc/msp430/4.7.4/mcpu-430x/mmpy-16/msr20/mc20/libcrt0.a(__stop_progExec__.o)
                              /usr/local/bin/../lib/gcc/msp430/4.7.4/mcpu-430x/mmpy-16/msr20/mc20/libcrt0.a(_reset_vector__.o) (__stop_progExec__)
/usr/local/bin/../lib/gcc/msp430/4.7.4/mcpu-430x/mmpy-16/msr20/mc20/libcrt0.a(_endless_loop__.o)
                              /usr/local/bin/../lib/gcc/msp430/4.7.4/mcpu-430x/mmpy-16/msr20/mc20/libcrt0.a(_reset_vector__.o) (_endless_loop__)
[...]
Memory Configuration

Name             Origin             Length             Attributes
sfr              0x0000000000000000 0x0000000000000010
peripheral_8bit  0x0000000000000010 0x00000000000000f0
peripheral_16bit 0x0000000000000100 0x0000000000000100
ram_mirror       0x0000000000000200 0x0000000000000800 xw
infomem          0x0000000000001000 0x0000000000000100
infod            0x0000000000001000 0x0000000000000040
infoc            0x0000000000001040 0x0000000000000040
infob            0x0000000000001080 0x0000000000000040
infoa            0x00000000000010c0 0x0000000000000040
ram              0x0000000000001100 0x0000000000002000 xw
rom              0x0000000000003100 0x000000000000cebe xr
vectors          0x000000000000ffc0 0x0000000000000040
far_rom          0x0000000000010000 0x000000000000a000
bsl              0x0000000000000000 0x0000000000000000
ram2             0x0000000000000000 0x0000000000000000 xw
usbram           0x0000000000000000 0x0000000000000000 xw
*default*        0x0000000000000000 0xffffffffffffffff

Linker script and memory map

LOAD /usr/local/bin/../lib/gcc/msp430/4.7.4/mcpu-430x/mmpy-16/msr20/mc20/crt0ivtbl32.o
                0x0000000000000041                __P1SEL2 = 0x41
                0x0000000000000045                __P5SEL2 = 0x45
                0x0000000000002ad2                _stack = _end
LOAD build/z1/obj/adxl345.o
LOAD build/z1/obj/aes-128.o
LOAD build/z1/obj/anti-replay.o
LOAD build/z1/obj/assert.o
LOAD build/z1/obj/atomic.o
LOAD build/z1/obj/autostart.o
LOAD build/z1/obj/battery-sensor.o
LOAD build/z1/obj/bitrev.o
LOAD build/z1/obj/button-hal.o
LOAD build/z1/obj/button-sensor.o
LOAD build/z1/obj/cbor.o
LOAD build/z1/obj/cc2420-arch-sfd.o
LOAD build/z1/obj/cc2420-arch.o
LOAD build/z1/obj/cc2420-tsch-15ms.o
LOAD build/z1/obj/cc2420.o
LOAD build/z1/obj/ccm-star-packetbuf.o
LOAD build/z1/obj/ccm-star.o
LOAD build/z1/obj/cfs-coffee.o
LOAD build/z1/obj/circular-list.o
LOAD build/z1/obj/clock.o
LOAD build/z1/obj/compower.o
LOAD build/z1/obj/contiki-main.o
LOAD build/z1/obj/crc16.o
LOAD build/z1/obj/csma-output.o
LOAD build/z1/obj/csma-security.o
LOAD build/z1/obj/csma.o
LOAD build/z1/obj/csprng.o
LOAD build/z1/obj/ctimer.o
LOAD build/z1/obj/dbl-circ-list.o
LOAD build/z1/obj/dbl-list.o
LOAD build/z1/obj/ecc-curve.o
LOAD build/z1/obj/energest.o
LOAD build/z1/obj/etimer.o
LOAD build/z1/obj/flash.o
LOAD build/z1/obj/frame802154.o
LOAD build/z1/obj/frame802154e-ie.o
LOAD build/z1/obj/framer-802154.o
LOAD build/z1/obj/gpio-hal.o
LOAD build/z1/obj/heapmem.o
LOAD build/z1/obj/hexconv.o
LOAD build/z1/obj/i2cmaster.o
LOAD build/z1/obj/ifft.o
LOAD build/z1/obj/int-master.o
LOAD build/z1/obj/ip64-addr.o
LOAD build/z1/obj/iq-seeder.o
LOAD build/z1/obj/leds-arch.o
LOAD build/z1/obj/leds.o
LOAD build/z1/obj/light-sensor.o
LOAD build/z1/obj/link-stats.o
LOAD build/z1/obj/linkaddr.o
LOAD build/z1/obj/list.o
LOAD build/z1/obj/log.o
LOAD build/z1/obj/lpm.o
LOAD build/z1/obj/mac-sequence.o
LOAD build/z1/obj/memb.o
LOAD build/z1/obj/msp430.o
LOAD build/z1/obj/mutex.o
LOAD build/z1/obj/nbr-table.o
LOAD build/z1/obj/net-debug.o
LOAD build/z1/obj/netstack.o
LOAD build/z1/obj/node-id-z1.o
LOAD build/z1/obj/node-id.o
LOAD build/z1/obj/nullframer.o
LOAD build/z1/obj/nullradio.o
LOAD build/z1/obj/ota-metadata.o
LOAD build/z1/obj/packetbuf.o
LOAD build/z1/obj/platform.o
LOAD build/z1/obj/process-mutex.o
LOAD build/z1/obj/process.o
LOAD build/z1/obj/psock.o
LOAD build/z1/obj/queuebuf.o
LOAD build/z1/obj/random.o
LOAD build/z1/obj/ringbuf.o
LOAD build/z1/obj/ringbufindex.o
LOAD build/z1/obj/rpl-dag-root.o
LOAD build/z1/obj/rpl-dag.o
LOAD build/z1/obj/rpl-ext-header.o
LOAD build/z1/obj/rpl-icmp6.o
LOAD build/z1/obj/rpl-mrhof.o
LOAD build/z1/obj/rpl-nbr-policy.o
LOAD build/z1/obj/rpl-neighbor.o
LOAD build/z1/obj/rpl-of0.o
LOAD build/z1/obj/rpl-timers.o
LOAD build/z1/obj/rpl.o
LOAD build/z1/obj/rtimer-arch.o
LOAD build/z1/obj/rtimer.o
LOAD build/z1/obj/sensors.o
LOAD build/z1/obj/serial-line.o
LOAD build/z1/obj/sfc16-prng.o
LOAD build/z1/obj/sfc32-prng.o
LOAD build/z1/obj/sha-256.o
LOAD build/z1/obj/sicslowpan.o
LOAD build/z1/obj/simple-udp.o
LOAD build/z1/obj/sky-sensors.o
LOAD build/z1/obj/slip.o
LOAD build/z1/obj/slip_uart0.o
LOAD build/z1/obj/spi-legacy.o
LOAD build/z1/obj/spi.o
LOAD build/z1/obj/stack-check.o
LOAD build/z1/obj/stimer.o
LOAD build/z1/obj/tcp-socket.o
LOAD build/z1/obj/tcpip.o
LOAD build/z1/obj/temperature-sensor.o
LOAD build/z1/obj/timer.o
LOAD build/z1/obj/tmp102.o
LOAD build/z1/obj/trickle-timer.o
LOAD build/z1/obj/uart-putchar.o
LOAD build/z1/obj/uart0.o
LOAD build/z1/obj/udp-client.o
LOAD build/z1/obj/udp-socket.o
LOAD build/z1/obj/uip-ds6-nbr.o
LOAD build/z1/obj/uip-ds6-route.o
LOAD build/z1/obj/uip-ds6.o
LOAD build/z1/obj/uip-icmp6.o
LOAD build/z1/obj/uip-ipchksum.o
LOAD build/z1/obj/uip-nameserver.o
LOAD build/z1/obj/uip-nd6.o
LOAD build/z1/obj/uip-packetqueue.o
LOAD build/z1/obj/uip-sr.o
LOAD build/z1/obj/uip-udp-packet.o
LOAD build/z1/obj/uip6.o
LOAD build/z1/obj/uipbuf.o
LOAD build/z1/obj/uiplib.o
LOAD build/z1/obj/watchdog.o
LOAD build/z1/obj/xmem.o
LOAD build/z1/obj/z1-phidgets.o
LOAD build/z1/obj/z1-sensors.o
LOAD /usr/local/bin/../lib/gcc/msp430/4.7.4/mcpu-430x/mmpy-16/msr20/mc20/libgcc.a
LOAD /usr/local/bin/../lib/gcc/msp430/4.7.4/../../../../msp430/lib/mcpu-430x/mmpy-16/msr20/mc20/libc.a
LOAD /usr/local/bin/../lib/gcc/msp430/4.7.4/mcpu-430x/mmpy-16/msr20/mc20/libgcc.a
LOAD /usr/local/bin/../lib/gcc/msp430/4.7.4/mcpu-430x/mmpy-16/msr20/mc20/libcrt0.a
                0x0000000000000040                PROVIDE (__info_segment_size, 0x40)
                0x0000000000001000                PROVIDE (__infod, 0x1000)
                0x0000000000001040                PROVIDE (__infoc, 0x1040)
                0x0000000000001080                PROVIDE (__infob, 0x1080)
                0x00000000000010c0                PROVIDE (__infoa, 0x10c0)
                0x0000000000000000                __IE1 = 0x0
                0x0000000000000002                __IFG1 = 0x2
                0x0000000000000001                __IE2 = 0x1
                0x0000000000000003                __IFG2 = 0x3
                0x0000000000000006                __UC1IE = 0x6
                0x0000000000000007                __UC1IFG = 0x7
                0x00000000000001a0                __ADC12CTL0 = 0x1a0
                0x00000000000001a2                __ADC12CTL1 = 0x1a2
                0x00000000000001a4                __ADC12IFG = 0x1a4
                0x00000000000001a6                __ADC12IE = 0x1a6
                0x00000000000001a8                __ADC12IV = 0x1a8
                0x0000000000000140                __ADC12MEM0 = 0x140
                0x0000000000000142                __ADC12MEM1 = 0x142
                0x0000000000000144                __ADC12MEM2 = 0x144
                0x0000000000000146                __ADC12MEM3 = 0x146
                0x0000000000000148                __ADC12MEM4 = 0x148
                0x000000000000014a                __ADC12MEM5 = 0x14a
                0x000000000000014c                __ADC12MEM6 = 0x14c
                0x000000000000014e                __ADC12MEM7 = 0x14e
                0x0000000000000150                __ADC12MEM8 = 0x150
                0x0000000000000152                __ADC12MEM9 = 0x152
                0x0000000000000154                __ADC12MEM10 = 0x154
                0x0000000000000156                __ADC12MEM11 = 0x156
                0x0000000000000158                __ADC12MEM12 = 0x158
                0x000000000000015a                __ADC12MEM13 = 0x15a
                0x000000000000015c                __ADC12MEM14 = 0x15c
                0x000000000000015e                __ADC12MEM15 = 0x15e
                0x0000000000000080                __ADC12MCTL0 = 0x80
                0x0000000000000081                __ADC12MCTL1 = 0x81
                0x0000000000000082                __ADC12MCTL2 = 0x82
                0x0000000000000083                __ADC12MCTL3 = 0x83
                0x0000000000000084                __ADC12MCTL4 = 0x84
                0x0000000000000085                __ADC12MCTL5 = 0x85
                0x0000000000000086                __ADC12MCTL6 = 0x86
                0x0000000000000087                __ADC12MCTL7 = 0x87
                0x0000000000000088                __ADC12MCTL8 = 0x88
                0x0000000000000089                __ADC12MCTL9 = 0x89
                0x000000000000008a                __ADC12MCTL10 = 0x8a
                0x000000000000008b                __ADC12MCTL11 = 0x8b
                0x000000000000008c                __ADC12MCTL12 = 0x8c
                0x000000000000008d                __ADC12MCTL13 = 0x8d
                0x000000000000008e                __ADC12MCTL14 = 0x8e
                0x000000000000008f                __ADC12MCTL15 = 0x8f
                0x0000000000000056                __DCOCTL = 0x56
                0x0000000000000057                __BCSCTL1 = 0x57
                0x0000000000000058                __BCSCTL2 = 0x58
                0x0000000000000053                __BCSCTL3 = 0x53
                0x0000000000000059                __CACTL1 = 0x59
                0x000000000000005a                __CACTL2 = 0x5a
                0x000000000000005b                __CAPD = 0x5b
                0x00000000000001c0                __DAC12_0CTL = 0x1c0
                0x00000000000001c2                __DAC12_1CTL = 0x1c2
                0x00000000000001c8                __DAC12_0DAT = 0x1c8
                0x00000000000001ca                __DAC12_1DAT = 0x1ca
                0x0000000000000122                __DMACTL0 = 0x122
                0x0000000000000124                __DMACTL1 = 0x124
                0x0000000000000126                __DMAIV = 0x126
                0x00000000000001d0                __DMA0CTL = 0x1d0
                0x00000000000001dc                __DMA1CTL = 0x1dc
                0x00000000000001e8                __DMA2CTL = 0x1e8
                0x00000000000001d2                __DMA0SA = 0x1d2
                0x00000000000001d2                __DMA0SAL = 0x1d2
                0x00000000000001d6                __DMA0DA = 0x1d6
                0x00000000000001d6                __DMA0DAL = 0x1d6
                0x00000000000001da                __DMA0SZ = 0x1da
                0x00000000000001de                __DMA1SA = 0x1de
                0x00000000000001de                __DMA1SAL = 0x1de
                0x00000000000001e2                __DMA1DA = 0x1e2
                0x00000000000001e2                __DMA1DAL = 0x1e2
                0x00000000000001e6                __DMA1SZ = 0x1e6
                0x00000000000001ea                __DMA2SA = 0x1ea
                0x00000000000001ea                __DMA2SAL = 0x1ea
                0x00000000000001ee                __DMA2DA = 0x1ee
                0x00000000000001ee                __DMA2DAL = 0x1ee
                0x00000000000001f2                __DMA2SZ = 0x1f2
                0x0000000000000128                __FCTL1 = 0x128
                0x000000000000012a                __FCTL2 = 0x12a
                0x000000000000012c                __FCTL3 = 0x12c
                0x00000000000001be                __FCTL4 = 0x1be
                0x0000000000000130                __MPY = 0x130
                0x0000000000000132                __MPYS = 0x132
                0x0000000000000134                __MAC = 0x134
                0x0000000000000136                __MACS = 0x136
                0x0000000000000138                __OP2 = 0x138
                0x000000000000013a                __RESLO = 0x13a
                0x000000000000013c                __RESHI = 0x13c
                0x000000000000013e                __SUMEXT = 0x13e
                0x0000000000000020                __P1IN = 0x20
                0x0000000000000021                __P1OUT = 0x21
                0x0000000000000022                __P1DIR = 0x22
                0x0000000000000023                __P1IFG = 0x23
                0x0000000000000024                __P1IES = 0x24
                0x0000000000000025                __P1IE = 0x25
                0x0000000000000026                __P1SEL = 0x26
                0x0000000000000027                __P1REN = 0x27
                0x0000000000000028                __P2IN = 0x28
                0x0000000000000029                __P2OUT = 0x29
                0x000000000000002a                __P2DIR = 0x2a
                0x000000000000002b                __P2IFG = 0x2b
                0x000000000000002c                __P2IES = 0x2c
                0x000000000000002d                __P2IE = 0x2d
                0x000000000000002e                __P2SEL = 0x2e
                0x000000000000002f                __P2REN = 0x2f
                0x0000000000000018                __P3IN = 0x18
                0x0000000000000019                __P3OUT = 0x19
                0x000000000000001a                __P3DIR = 0x1a
                0x000000000000001b                __P3SEL = 0x1b
                0x0000000000000010                __P3REN = 0x10
                0x000000000000001c                __P4IN = 0x1c
                0x000000000000001d                __P4OUT = 0x1d
                0x000000000000001e                __P4DIR = 0x1e
                0x000000000000001f                __P4SEL = 0x1f
                0x0000000000000011                __P4REN = 0x11
                0x0000000000000030                __P5IN = 0x30
                0x0000000000000031                __P5OUT = 0x31
                0x0000000000000032                __P5DIR = 0x32
                0x0000000000000033                __P5SEL = 0x33
                0x0000000000000012                __P5REN = 0x12
                0x0000000000000034                __P6IN = 0x34
                0x0000000000000035                __P6OUT = 0x35
                0x0000000000000036                __P6DIR = 0x36
                0x0000000000000037                __P6SEL = 0x37
                0x0000000000000013                __P6REN = 0x13
                0x0000000000000038                __P7IN = 0x38
                0x000000000000003a                __P7OUT = 0x3a
                0x000000000000003c                __P7DIR = 0x3c
                0x000000000000003e                __P7SEL = 0x3e
                0x0000000000000014                __P7REN = 0x14
                0x0000000000000039                __P8IN = 0x39
                0x000000000000003b                __P8OUT = 0x3b
                0x000000000000003d                __P8DIR = 0x3d
                0x000000000000003f                __P8SEL = 0x3f
                0x0000000000000015                __P8REN = 0x15
                0x0000000000000038                __PAIN = 0x38
                0x000000000000003a                __PAOUT = 0x3a
                0x000000000000003c                __PADIR = 0x3c
                0x000000000000003e                __PASEL = 0x3e
                0x0000000000000014                __PAREN = 0x14
                0x0000000000000055                __SVSCTL = 0x55
                0x000000000000012e                __TAIV = 0x12e
                0x0000000000000160                __TACTL = 0x160
                0x0000000000000162                __TACCTL0 = 0x162
                0x0000000000000164                __TACCTL1 = 0x164
                0x0000000000000166                __TACCTL2 = 0x166
                0x0000000000000170                __TAR = 0x170
                0x0000000000000172                __TACCR0 = 0x172
                0x0000000000000174                __TACCR1 = 0x174
                0x0000000000000176                __TACCR2 = 0x176
                0x000000000000011e                __TBIV = 0x11e
                0x0000000000000180                __TBCTL = 0x180
                0x0000000000000182                __TBCCTL0 = 0x182
                0x0000000000000184                __TBCCTL1 = 0x184
                0x0000000000000186                __TBCCTL2 = 0x186
                0x0000000000000188                __TBCCTL3 = 0x188
                0x000000000000018a                __TBCCTL4 = 0x18a
                0x000000000000018c                __TBCCTL5 = 0x18c
                0x000000000000018e                __TBCCTL6 = 0x18e
                0x0000000000000190                __TBR = 0x190
                0x0000000000000192                __TBCCR0 = 0x192
                0x0000000000000194                __TBCCR1 = 0x194
                0x0000000000000196                __TBCCR2 = 0x196
                0x0000000000000198                __TBCCR3 = 0x198
                0x000000000000019a                __TBCCR4 = 0x19a
                0x000000000000019c                __TBCCR5 = 0x19c
                0x000000000000019e                __TBCCR6 = 0x19e
                0x0000000000000060                __UCA0CTL0 = 0x60
                0x0000000000000061                __UCA0CTL1 = 0x61
                0x0000000000000062                __UCA0BR0 = 0x62
                0x0000000000000063                __UCA0BR1 = 0x63
                0x0000000000000064                __UCA0MCTL = 0x64
                0x0000000000000065                __UCA0STAT = 0x65
                0x0000000000000066                __UCA0RXBUF = 0x66
                0x0000000000000067                __UCA0TXBUF = 0x67
                0x000000000000005d                __UCA0ABCTL = 0x5d
                0x000000000000005e                __UCA0IRTCTL = 0x5e
                0x000000000000005f                __UCA0IRRCTL = 0x5f
                0x0000000000000068                __UCB0CTL0 = 0x68
                0x0000000000000069                __UCB0CTL1 = 0x69
                0x000000000000006a                __UCB0BR0 = 0x6a
                0x000000000000006b                __UCB0BR1 = 0x6b
                0x000000000000006c                __UCB0I2CIE = 0x6c
                0x000000000000006d                __UCB0STAT = 0x6d
                0x000000000000006e                __UCB0RXBUF = 0x6e
                0x000000000000006f                __UCB0TXBUF = 0x6f
                0x0000000000000118                __UCB0I2COA = 0x118
                0x000000000000011a                __UCB0I2CSA = 0x11a
                0x00000000000000d0                __UCA1CTL0 = 0xd0
                0x00000000000000d1                __UCA1CTL1 = 0xd1
                0x00000000000000d2                __UCA1BR0 = 0xd2
                0x00000000000000d3                __UCA1BR1 = 0xd3
                0x00000000000000d4                __UCA1MCTL = 0xd4
                0x00000000000000d5                __UCA1STAT = 0xd5
                0x00000000000000d6                __UCA1RXBUF = 0xd6
                0x00000000000000d7                __UCA1TXBUF = 0xd7
                0x00000000000000cd                __UCA1ABCTL = 0xcd
                0x00000000000000ce                __UCA1IRTCTL = 0xce
                0x00000000000000cf                __UCA1IRRCTL = 0xcf
                0x00000000000000d8                __UCB1CTL0 = 0xd8
                0x00000000000000d9                __UCB1CTL1 = 0xd9
                0x00000000000000da                __UCB1BR0 = 0xda
                0x00000000000000db                __UCB1BR1 = 0xdb
                0x00000000000000dc                __UCB1I2CIE = 0xdc
                0x00000000000000dd                __UCB1STAT = 0xdd
                0x00000000000000de                __UCB1RXBUF = 0xde
                0x00000000000000df                __UCB1TXBUF = 0xdf
                0x000000000000017c                __UCB1I2COA = 0x17c
                0x000000000000017e                __UCB1I2CSA = 0x17e
                0x0000000000000120                __WDTCTL = 0x120
                0x00000000000010c0                __TLV_CHECKSUM = 0x10c0
                0x00000000000010f6                __TLV_DCO_30_TAG = 0x10f6
                0x00000000000010f7                __TLV_DCO_30_LEN = 0x10f7
                0x00000000000010da                __TLV_ADC12_1_TAG = 0x10da
                0x00000000000010db                __TLV_ADC12_1_LEN = 0x10db
                0x00000000000010f8                __CALDCO_16MHZ = 0x10f8
                0x00000000000010f9                __CALBC1_16MHZ = 0x10f9
                0x00000000000010fa                __CALDCO_12MHZ = 0x10fa
                0x00000000000010fb                __CALBC1_12MHZ = 0x10fb
                0x00000000000010fc                __CALDCO_8MHZ = 0x10fc
                0x00000000000010fd                __CALBC1_8MHZ = 0x10fd
                0x00000000000010fe                __CALDCO_1MHZ = 0x10fe
                0x00000000000010ff                __CALBC1_1MHZ = 0x10ff

.hash
 *(SORT(.hash))

.dynsym
 *(SORT(.dynsym))

.dynstr
 *(SORT(.dynstr))

.gnu.version
 *(SORT(.gnu.version))

.gnu.version_d
 *(SORT(.gnu.version_d))

.gnu.version_r
 *(SORT(.gnu.version_r))

.rel.init
 *(SORT(.rel.init))

.rela.init
 *(SORT(.rela.init))

.rel.fini
 *(SORT(.rel.fini))

.rela.fini
 *(SORT(.rela.fini))

.rel.text
 *(SORT(.rel.text) SORT(.rel.text.*) SORT(.rel.gnu.linkonce.t.*))

.rela.text
 *(SORT(.rela.text) SORT(.rela.text.*) SORT(.rela.gnu.linkonce.t.*))

.rel.rodata
 *(SORT(.rel.rodata) SORT(.rel.rodata.*) SORT(.rel.gnu.linkonce.r.*))

.rela.rodata
 *(SORT(.rela.rodata) SORT(.rela.rodata.*) SORT(.rela.gnu.linkonce.r.*))

.rel.data
 *(SORT(.rel.data) SORT(.rel.data.*) SORT(.rel.gnu.linkonce.d.*))

.rela.data
 *(SORT(.rela.data) SORT(.rela.data.*) SORT(.rela.gnu.linkonce.d.*))

.rel.bss
 *(SORT(.rel.bss) SORT(.rel.bss.*) SORT(.rel.gnu.linkonce.b.*))

.rela.bss
 *(SORT(.rela.bss) SORT(.rela.bss.*) SORT(.rela.gnu.linkonce.b.*))

.rel.ctors
 *(SORT(.rel.ctors))

.rela.ctors
 *(SORT(.rela.ctors))

.rel.dtors
 *(SORT(.rel.dtors))

.rela.dtors
 *(SORT(.rela.dtors))

.rel.got
 *(SORT(.rel.got))

.rela.got
 *(SORT(.rela.got))

.rel.plt
 *(SORT(.rel.plt))

.rela.plt
 *(SORT(.rela.plt))

.text           0x0000000000003100     0xc48a
                0x0000000000003100                . = ALIGN (0x2)
 *(SORT(.init) SORT(.init.*))
 *(SORT(.init0))
 .init0         0x0000000000003100        0x0 /usr/local/bin/../lib/gcc/msp430/4.7.4/mcpu-430x/mmpy-16/msr20/mc20/libcrt0.a(_reset_vector__.o)
                0x0000000000003100                _reset_vector__
 *(SORT(.init1))
 .init1         0x0000000000003100        0xc /usr/local/bin/../lib/gcc/msp430/4.7.4/mcpu-430x/mmpy-16/msr20/mc20/libcrt0.a(__watchdog_support.o)
                0x0000000000003100                __watchdog_support
 *(SORT(.init2))
 .init2         0x000000000000310c        0x4 /usr/local/bin/../lib/gcc/msp430/4.7.4/mcpu-430x/mmpy-16/msr20/mc20/libcrt0.a(__init_stack.o)
                0x000000000000310c                __init_stack
 *(SORT(.init3))
 .init3         0x0000000000003110        0x0 /usr/local/bin/../lib/gcc/msp430/4.7.4/mcpu-430x/mmpy-16/msr20/mc20/libcrt0.a(__low_level_init.o)
                0x0000000000003110                __low_level_init
 *(SORT(.init4))
 .init4         0x0000000000003110       0x18 /usr/local/bin/../lib/gcc/msp430/4.7.4/mcpu-430x/mmpy-16/msr20/mc20/libcrt0.a(_copy_data.o)
                0x0000000000003110                __do_copy_data
 .init4         0x0000000000003128       0x16 /usr/local/bin/../lib/gcc/msp430/4.7.4/mcpu-430x/mmpy-16/msr20/mc20/libcrt0.a(_clear_bss.o)
                0x0000000000003128                __do_clear_bss
 *(SORT(.init5))
 *(SORT(.init6))
 *(SORT(.init7))
 *(SORT(.init8))
 *(SORT(.init9))
 .init9         0x000000000000313e      0x23c build/z1/obj/contiki-main.o
                0x000000000000313e                main
 *(SORT(.fini9))
 .fini9         0x000000000000337a        0x0 /usr/local/bin/../lib/gcc/msp430/4.7.4/mcpu-430x/mmpy-16/msr20/mc20/libcrt0.a(__stop_progExec__.o)
                0x000000000000337a                __stop_progExec__
 *(SORT(.fini8))
 *(SORT(.fini7))
 *(SORT(.fini6))
 *(SORT(.fini5))
 *(SORT(.fini4))
 *(SORT(.fini3))
 *(SORT(.fini2))
 *(SORT(.fini1))
 *(SORT(.fini0))
 .fini0         0x000000000000337a        0x6 /usr/local/bin/../lib/gcc/msp430/4.7.4/mcpu-430x/mmpy-16/msr20/mc20/libcrt0.a(_endless_loop__.o)
                0x000000000000337a                _endless_loop__
 *(SORT(.fini) SORT(.fini.*))
                0x0000000000003380                . = ALIGN (0x2)
                0x0000000000003380                __ctors_start = .
 *(SORT(.ctors))
                0x0000000000003380                __ctors_end = .
                0x0000000000003380                __dtors_start = .
 *(SORT(.dtors))
                0x0000000000003380                __dtors_end = .
                0x0000000000003380                . = ALIGN (0x2)
 *(SORT(.text) SORT(.text.*) SORT(.gnu.linkonce.t.*))
 .text          0x0000000000003380        0x4 /usr/local/bin/../lib/gcc/msp430/4.7.4/mcpu-430x/mmpy-16/msr20/mc20/crt0ivtbl32.o
                0x0000000000003380                __isr_14
                0x0000000000003380                __isr_4
                0x0000000000003380                __isr_29
                0x0000000000003380                __isr_11
                0x0000000000003380                __isr_5
                0x0000000000003380                __isr_2
                0x0000000000003380                __isr_10
                0x0000000000003380                __isr_7
                0x0000000000003380                __isr_0
                0x0000000000003380                __isr_8
                0x0000000000003380                __isr_20
                0x0000000000003380                __isr_3
                0x0000000000003380                __isr_12
                0x0000000000003380                __isr_13
                0x0000000000003380                __isr_27
                0x0000000000003380                __isr_9
                0x0000000000003380                __isr_30
                0x0000000000003380                __isr_6
                0x0000000000003380                __isr_22
                0x0000000000003380                __isr_1
                0x0000000000003380                __isr_15
                0x0000000000003380                __isr_21
 .text.crt0     0x0000000000003384        0x2 /usr/local/bin/../lib/gcc/msp430/4.7.4/mcpu-430x/mmpy-16/msr20/mc20/libcrt0.a(_unexpected_.o)
                0x0000000000003384                _unexpected_
 .text.libgcc   0x0000000000003386       0x26 /usr/local/bin/../lib/gcc/msp430/4.7.4/mcpu-430x/mmpy-16/msr20/mc20/libgcc.a(_mulsi3.o)
                0x0000000000003386                __mulsi3
 .text.libgcc   0x00000000000033ac       0x22 /usr/local/bin/../lib/gcc/msp430/4.7.4/mcpu-430x/mmpy-16/msr20/mc20/libgcc.a(_udivmod16.o)
                0x00000000000033ac                __udivhi3
                0x00000000000033ac                __ext_udivmod16
                0x00000000000033c6                __umodhi3
 .text.libgcc   0x00000000000033ce       0x3a /usr/local/bin/../lib/gcc/msp430/4.7.4/mcpu-430x/mmpy-16/msr20/mc20/libgcc.a(_divmod16.o)
                0x00000000000033ce                __ext_divmod16
                0x00000000000033ce                __divhi3
                0x0000000000003400                __modhi3
 .text.libgcc   0x0000000000003408       0x38 /usr/local/bin/../lib/gcc/msp430/4.7.4/mcpu-430x/mmpy-16/msr20/mc20/libgcc.a(_udivmod32.o)
                0x0000000000003408                __udivsi3
                0x0000000000003408                __ext_udivmod32
                0x0000000000003436                __umodsi3
 .text.libgcc   0x0000000000003440       0x4c /usr/local/bin/../lib/gcc/msp430/4.7.4/mcpu-430x/mmpy-16/msr20/mc20/libgcc.a(_divmod32.o)
                0x0000000000003440                __ext_divmod32
                0x0000000000003440                __divsi3
                0x0000000000003482                __modsi3
 .text.libgcc   0x000000000000348c       0xbc /usr/local/bin/../lib/gcc/msp430/4.7.4/mcpu-430x/mmpy-16/msr20/mc20/libgcc.a(_udivmod64.o)
                0x000000000000348c                __xabi_udivmod64
                0x00000000000034de                __udivdi3
                0x00000000000034f8                __umoddi3
                0x000000000000351a                __udivmoddi4
 *(SORT(.near.text) SORT(.near.text.*))
 .near.text.port1_isr
                0x0000000000003548       0x84 build/z1/obj/adxl345.o
                0x0000000000003548                port1_isr
                0x0000000000003548                __isr_18
 .near.text.irq_p2
                0x00000000000035cc       0x3c build/z1/obj/button-sensor.o
                0x00000000000035cc                irq_p2
                0x00000000000035cc                __isr_19
 .near.text.cc2420_timerb1_interrupt
                0x0000000000003608       0x26 build/z1/obj/cc2420-arch-sfd.o
                0x0000000000003608                cc2420_timerb1_interrupt
                0x0000000000003608                __isr_28
 .near.text.timera1
                0x000000000000362e       0xcc build/z1/obj/clock.o
                0x000000000000362e                __isr_24
                0x000000000000362e                timera1
 .near.text.i2c_tx_interrupt
                0x00000000000036fa       0x84 build/z1/obj/i2cmaster.o
                0x00000000000036fa                __isr_16
                0x00000000000036fa                i2c_tx_interrupt
 .near.text.i2c_rx_interrupt
                0x000000000000377e       0x14 build/z1/obj/i2cmaster.o
                0x000000000000377e                i2c_rx_interrupt
                0x000000000000377e                __isr_17
 .near.text.timera0
                0x0000000000003792       0x20 build/z1/obj/rtimer-arch.o
                0x0000000000003792                __isr_25
                0x0000000000003792                timera0
 .near.text.uart0_rx_interrupt
                0x00000000000037b2       0x2a build/z1/obj/uart0.o
                0x00000000000037b2                __isr_23
                0x00000000000037b2                uart0_rx_interrupt
 .near.text.watchdog_interrupt
                0x00000000000037dc        0x6 build/z1/obj/watchdog.o
                0x00000000000037dc                __isr_26
                0x00000000000037dc                watchdog_interrupt
 .any.text.status
                0x00000000000037e2       0x12 build/z1/obj/adxl345.o
 .any.text.accm_write_reg
                0x00000000000037f4       0x2e build/z1/obj/adxl345.o
 .any.text.accm_write_stream
                0x0000000000003822       0x2a build/z1/obj/adxl345.o
 .any.text.accm_read_reg
                0x000000000000384c       0x54 build/z1/obj/adxl345.o
 .any.text.process_thread_accmeter_process
                0x00000000000038a0       0x56 build/z1/obj/adxl345.o
 .any.text.accm_read_axis.part.0
                0x00000000000038f6       0x5a build/z1/obj/adxl345.o
 .any.text.value
                0x0000000000003950       0x1e build/z1/obj/adxl345.o
 .any.text.accm_init
                0x000000000000396e       0x78 build/z1/obj/adxl345.o
                0x000000000000396e                accm_init
 .any.text.accm_stop
                0x00000000000039e6       0x32 build/z1/obj/adxl345.o
                0x00000000000039e6                accm_stop
 .any.text.configure
                0x0000000000003a18       0x26 build/z1/obj/adxl345.o
 .any.text.autostart_start
                0x0000000000003a3e       0x16 build/z1/obj/autostart.o
                0x0000000000003a3e                autostart_start
 .any.text.status
                0x0000000000003a54       0x18 build/z1/obj/button-sensor.o
 .any.text.value
                0x0000000000003a6c       0x1a build/z1/obj/button-sensor.o
 .any.text.configure
                0x0000000000003a86       0x4e build/z1/obj/button-sensor.o
 .any.text.cc2420_arch_init
                0x0000000000003ad4       0x1a build/z1/obj/cc2420-arch.o
                0x0000000000003ad4                cc2420_arch_init
 .any.text.get_object
                0x0000000000003aee        0x4 build/z1/obj/cc2420.o
 .any.text.set_object
                0x0000000000003af2        0x4 build/z1/obj/cc2420.o
 .any.text.strobe
                0x0000000000003af6       0x1a build/z1/obj/cc2420.o
 .any.text.getreg
                0x0000000000003b10       0x46 build/z1/obj/cc2420.o
 .any.text.setreg
                0x0000000000003b56       0x44 build/z1/obj/cc2420.o
 .any.text.write_ram
                0x0000000000003b9a       0x72 build/z1/obj/cc2420.o
 .any.text.write_fifo_buf
                0x0000000000003c0c       0x38 build/z1/obj/cc2420.o
 .any.text.get_status
                0x0000000000003c44       0x1e build/z1/obj/cc2420.o
 .any.text.on   0x0000000000003c62       0x1a build/z1/obj/cc2420.o
 .any.text.cc2420_receiving_packet
                0x0000000000003c7c        0xa build/z1/obj/cc2420.o
 .any.text.pending_packet
                0x0000000000003c86        0xa build/z1/obj/cc2420.o
 .any.text.wait_for_transmission
                0x0000000000003c90       0x22 build/z1/obj/cc2420.o
 .any.text.wait_for_status
                0x0000000000003cb2       0x24 build/z1/obj/cc2420.o
 .any.text.getrxdata
                0x0000000000003cd6       0x4c build/z1/obj/cc2420.o
 .any.text.flushrx
                0x0000000000003d22       0x1a build/z1/obj/cc2420.o
 .any.text.off  0x0000000000003d3c       0x28 build/z1/obj/cc2420.o
 .any.text.RELEASE_LOCK
                0x0000000000003d64       0x28 build/z1/obj/cc2420.o
 .any.text.set_frame_filtering
                0x0000000000003d8c       0x30 build/z1/obj/cc2420.o
 .any.text.set_auto_ack
                0x0000000000003dbc       0x30 build/z1/obj/cc2420.o
 .any.text.set_poll_mode
                0x0000000000003dec       0x2c build/z1/obj/cc2420.o
 .any.text.cc2420_prepare
                0x0000000000003e18       0x42 build/z1/obj/cc2420.o
 .any.text.cc2420_on
                0x0000000000003e5a       0x22 build/z1/obj/cc2420.o
                0x0000000000003e5a                cc2420_on
 .any.text.cc2420_transmit
                0x0000000000003e7c       0x66 build/z1/obj/cc2420.o
 .any.text.cc2420_send
                0x0000000000003ee2       0x12 build/z1/obj/cc2420.o
 .any.text.cc2420_off
                0x0000000000003ef4       0x30 build/z1/obj/cc2420.o
                0x0000000000003ef4                cc2420_off
 .any.text.cc2420_cca
                0x0000000000003f24       0x54 build/z1/obj/cc2420.o
 .any.text.cc2420_read
                0x0000000000003f78       0xba build/z1/obj/cc2420.o
 .any.text.process_thread_cc2420_process
                0x0000000000004032       0x56 build/z1/obj/cc2420.o
 .any.text.cc2420_set_channel
                0x0000000000004088       0x3a build/z1/obj/cc2420.o
                0x0000000000004088                cc2420_set_channel
 .any.text.cc2420_set_pan_addr
                0x00000000000040c2       0x4c build/z1/obj/cc2420.o
                0x00000000000040c2                cc2420_set_pan_addr
 .any.text.cc2420_interrupt
                0x000000000000410e       0x16 build/z1/obj/cc2420.o
                0x000000000000410e                cc2420_interrupt
 .any.text.cc2420_set_txpower
                0x0000000000004124       0x2c build/z1/obj/cc2420.o
                0x0000000000004124                cc2420_set_txpower
 .any.text.cc2420_get_txpower
                0x0000000000004150       0x1e build/z1/obj/cc2420.o
                0x0000000000004150                cc2420_get_txpower
 .any.text.cc2420_rssi
                0x000000000000416e       0x48 build/z1/obj/cc2420.o
                0x000000000000416e                cc2420_rssi
 .any.text.get_value
                0x00000000000041b6      0x11e build/z1/obj/cc2420.o
 .any.text.cc2420_set_cca_threshold
                0x00000000000042d4       0x16 build/z1/obj/cc2420.o
                0x00000000000042d4                cc2420_set_cca_threshold
 .any.text.set_value
                0x00000000000042ea      0x14a build/z1/obj/cc2420.o
 .any.text.cc2420_init
                0x0000000000004434       0xea build/z1/obj/cc2420.o
                0x0000000000004434                cc2420_init
 .any.text.next_file
                0x000000000000451e       0x38 build/z1/obj/cfs-coffee.o
 .any.text.load_file
                0x0000000000004556       0x64 build/z1/obj/cfs-coffee.o
 .any.text.read_header
                0x00000000000045ba       0x30 build/z1/obj/cfs-coffee.o
 .any.text.write_header
                0x00000000000045ea       0x2a build/z1/obj/cfs-coffee.o
 .any.text.header_is_valid
                0x0000000000004614       0x3e build/z1/obj/cfs-coffee.o
 .any.text.find_file
                0x0000000000004652       0xbc build/z1/obj/cfs-coffee.o
 .any.text.find_contiguous_pages
                0x000000000000470e       0x8c build/z1/obj/cfs-coffee.o
 .any.text.file_end
                0x000000000000479a       0xd6 build/z1/obj/cfs-coffee.o
 .any.text.remove_by_page.isra.1
                0x0000000000004870       0xbc build/z1/obj/cfs-coffee.o
 .any.text.reserve
                0x000000000000492c      0x21a build/z1/obj/cfs-coffee.o
 .any.text.read_log_page
                0x0000000000004b46      0x1d6 build/z1/obj/cfs-coffee.o
 .any.text.cfs_open
                0x0000000000004d1c       0xa8 build/z1/obj/cfs-coffee.o
                0x0000000000004d1c                cfs_open
 .any.text.cfs_close
                0x0000000000004dc4       0x28 build/z1/obj/cfs-coffee.o
                0x0000000000004dc4                cfs_close
 .any.text.cfs_seek
                0x0000000000004dec       0x92 build/z1/obj/cfs-coffee.o
                0x0000000000004dec                cfs_seek
 .any.text.cfs_read
                0x0000000000004e7e      0x158 build/z1/obj/cfs-coffee.o
                0x0000000000004e7e                cfs_read
 .any.text.merge_log
                0x0000000000004fd6      0x1bc build/z1/obj/cfs-coffee.o
 .any.text.cfs_write
                0x0000000000005192      0x578 build/z1/obj/cfs-coffee.o
                0x0000000000005192                cfs_write
 .any.text.clock_time
                0x000000000000570a       0x1a build/z1/obj/clock.o
                0x000000000000570a                clock_time
 .any.text.clock_init
                0x0000000000005724       0x28 build/z1/obj/clock.o
                0x0000000000005724                clock_init
 .any.text.clock_delay
                0x000000000000574c        0xc build/z1/obj/clock.o
                0x000000000000574c                clock_delay
 .any.text.clock_wait
                0x0000000000005758       0x24 build/z1/obj/clock.o
                0x0000000000005758                clock_wait
 .any.text.clock_seconds
                0x000000000000577c       0x1a build/z1/obj/clock.o
                0x000000000000577c                clock_seconds
 .any.text.crc16_add
                0x0000000000005796       0x32 build/z1/obj/crc16.o
                0x0000000000005796                crc16_add
 .any.text.crc16_data
                0x00000000000057c8       0x22 build/z1/obj/crc16.o
                0x00000000000057c8                crc16_data
 .any.text.schedule_transmission
                0x00000000000057ea       0x6a build/z1/obj/csma-output.o
 .any.text.tx_done
                0x0000000000005854       0x84 build/z1/obj/csma-output.o
 .any.text.transmit_from_queue
                0x00000000000058d8      0x1ac build/z1/obj/csma-output.o
 .any.text.csma_output_packet
                0x0000000000005a84      0x136 build/z1/obj/csma-output.o
                0x0000000000005a84                csma_output_packet
 .any.text.csma_output_init
                0x0000000000005bba       0x1a build/z1/obj/csma-output.o
                0x0000000000005bba                csma_output_init
 .any.text.on   0x0000000000005bd4        0x6 build/z1/obj/csma.o
 .any.text.off  0x0000000000005bda        0x6 build/z1/obj/csma.o
 .any.text.max_payload
                0x0000000000005be0       0x38 build/z1/obj/csma.o
 .any.text.send_packet
                0x0000000000005c18        0x6 build/z1/obj/csma.o
 .any.text.input_packet
                0x0000000000005c1e       0x58 build/z1/obj/csma.o
 .any.text.init
                0x0000000000005c76       0x20 build/z1/obj/csma.o
 .any.text.process_thread_ctimer_process
                0x0000000000005c96       0x92 build/z1/obj/ctimer.o
 .any.text.ctimer_init
                0x0000000000005d28       0x10 build/z1/obj/ctimer.o
                0x0000000000005d28                ctimer_init
 .any.text.ctimer_set_with_process
                0x0000000000005d38       0x4a build/z1/obj/ctimer.o
                0x0000000000005d38                ctimer_set_with_process
 .any.text.ctimer_reset
                0x0000000000005d82       0x2c build/z1/obj/ctimer.o
                0x0000000000005d82                ctimer_reset
 .any.text.ctimer_stop
                0x0000000000005dae       0x28 build/z1/obj/ctimer.o
                0x0000000000005dae                ctimer_stop
 .any.text.ctimer_expired
                0x0000000000005dd6       0x20 build/z1/obj/ctimer.o
                0x0000000000005dd6                ctimer_expired
 .any.text.update_time
                0x0000000000005df6       0x70 build/z1/obj/etimer.o
 .any.text.etimer_request_poll
                0x0000000000005e66        0xa build/z1/obj/etimer.o
                0x0000000000005e66                etimer_request_poll
 .any.text.process_thread_etimer_process
                0x0000000000005e70       0xc4 build/z1/obj/etimer.o
 .any.text.add_timer
                0x0000000000005f34       0x40 build/z1/obj/etimer.o
 .any.text.etimer_set
                0x0000000000005f74       0x12 build/z1/obj/etimer.o
                0x0000000000005f74                etimer_set
 .any.text.etimer_reset
                0x0000000000005f86       0x12 build/z1/obj/etimer.o
                0x0000000000005f86                etimer_reset
 .any.text.etimer_pending
                0x0000000000005f98        0xc build/z1/obj/etimer.o
                0x0000000000005f98                etimer_pending
 .any.text.etimer_next_expiration_time
                0x0000000000005fa4       0x16 build/z1/obj/etimer.o
                0x0000000000005fa4                etimer_next_expiration_time
 .any.text.etimer_stop
                0x0000000000005fba       0x3e build/z1/obj/etimer.o
                0x0000000000005fba                etimer_stop
 .any.text.frame802154_get_pan_id
                0x0000000000005ff8        0x6 build/z1/obj/frame802154.o
                0x0000000000005ff8                frame802154_get_pan_id
 .any.text.frame802154_has_panid
                0x0000000000005ffe       0xe4 build/z1/obj/frame802154.o
                0x0000000000005ffe                frame802154_has_panid
 .any.text.field_len
                0x00000000000060e2       0xa6 build/z1/obj/frame802154.o
 .any.text.frame802154_is_broadcast_addr
                0x0000000000006188       0x28 build/z1/obj/frame802154.o
                0x0000000000006188                frame802154_is_broadcast_addr
 .any.text.frame802154_hdrlen
                0x00000000000061b0       0x32 build/z1/obj/frame802154.o
                0x00000000000061b0                frame802154_hdrlen
 .any.text.frame802154_create_fcf
                0x00000000000061e2       0x6e build/z1/obj/frame802154.o
                0x00000000000061e2                frame802154_create_fcf
 .any.text.frame802154_create
                0x0000000000006250       0xbe build/z1/obj/frame802154.o
                0x0000000000006250                frame802154_create
 .any.text.frame802154_parse_fcf
                0x000000000000630e       0x8c build/z1/obj/frame802154.o
                0x000000000000630e                frame802154_parse_fcf
 .any.text.frame802154_parse
                0x000000000000639a      0x15c build/z1/obj/frame802154.o
                0x000000000000639a                frame802154_parse
 .any.text.parse
                0x00000000000064f6       0x9e build/z1/obj/framer-802154.o
 .any.text.framer_802154_setup_params
                0x0000000000006594       0xae build/z1/obj/framer-802154.o
                0x0000000000006594                framer_802154_setup_params
 .any.text.create_frame
                0x0000000000006642       0x9e build/z1/obj/framer-802154.o
 .any.text.create
                0x00000000000066e0        0x8 build/z1/obj/framer-802154.o
 .any.text.hdr_length
                0x00000000000066e8        0x8 build/z1/obj/framer-802154.o
 .any.text.i2c_receiveinit
                0x00000000000066f0       0x36 build/z1/obj/i2cmaster.o
                0x00000000000066f0                i2c_receiveinit
 .any.text.i2c_transmitinit
                0x0000000000006726       0x30 build/z1/obj/i2cmaster.o
                0x0000000000006726                i2c_transmitinit
 .any.text.i2c_receive_n
                0x0000000000006756       0x3e build/z1/obj/i2cmaster.o
                0x0000000000006756                i2c_receive_n
 .any.text.i2c_busy
                0x0000000000006794        0xa build/z1/obj/i2cmaster.o
                0x0000000000006794                i2c_busy
 .any.text.i2c_enable
                0x000000000000679e       0x22 build/z1/obj/i2cmaster.o
                0x000000000000679e                i2c_enable
 .any.text.i2c_transmit_n
                0x00000000000067c0       0x14 build/z1/obj/i2cmaster.o
                0x00000000000067c0                i2c_transmit_n
 .any.text.leds_arch_init
                0x00000000000067d4        0xe build/z1/obj/leds-arch.o
                0x00000000000067d4                leds_arch_init
 .any.text.leds_arch_get
                0x00000000000067e2       0x34 build/z1/obj/leds-arch.o
                0x00000000000067e2                leds_arch_get
 .any.text.leds_arch_set
                0x0000000000006816       0x3e build/z1/obj/leds-arch.o
                0x0000000000006816                leds_arch_set
 .any.text.leds_init
                0x0000000000006854        0x6 build/z1/obj/leds.o
                0x0000000000006854                leds_init
 .any.text.leds_on
                0x000000000000685a       0x12 build/z1/obj/leds.o
                0x000000000000685a                leds_on
 .any.text.leds_off
                0x000000000000686c       0x12 build/z1/obj/leds.o
                0x000000000000686c                leds_off
 .any.text.periodic
                0x000000000000687e       0x2c build/z1/obj/link-stats.o
 .any.text.link_stats_from_lladdr
                0x00000000000068aa        0xc build/z1/obj/link-stats.o
                0x00000000000068aa                link_stats_from_lladdr
 .any.text.link_stats_is_fresh
                0x00000000000068b6       0x30 build/z1/obj/link-stats.o
                0x00000000000068b6                link_stats_is_fresh
 .any.text.link_stats_packet_sent
                0x00000000000068e6       0xe2 build/z1/obj/link-stats.o
                0x00000000000068e6                link_stats_packet_sent
 .any.text.link_stats_input_callback
                0x00000000000069c8       0xf6 build/z1/obj/link-stats.o
                0x00000000000069c8                link_stats_input_callback
 .any.text.link_stats_reset
                0x0000000000006abe       0x2a build/z1/obj/link-stats.o
                0x0000000000006abe                link_stats_reset
 .any.text.link_stats_init
                0x0000000000006ae8       0x26 build/z1/obj/link-stats.o
                0x0000000000006ae8                link_stats_init
 .any.text.linkaddr_copy
                0x0000000000006b0e        0x8 build/z1/obj/linkaddr.o
                0x0000000000006b0e                linkaddr_copy
 .any.text.linkaddr_cmp
                0x0000000000006b16       0x12 build/z1/obj/linkaddr.o
                0x0000000000006b16                linkaddr_cmp
 .any.text.list_tail
                0x0000000000006b28       0x12 build/z1/obj/list.o
                0x0000000000006b28                list_tail
 .any.text.list_remove
                0x0000000000006b3a       0x34 build/z1/obj/list.o
                0x0000000000006b3a                list_remove
 .any.text.list_push
                0x0000000000006b6e       0x16 build/z1/obj/list.o
                0x0000000000006b6e                list_push
 .any.text.list_add
                0x0000000000006b84       0x26 build/z1/obj/list.o
                0x0000000000006b84                list_add
 .any.text.list_length
                0x0000000000006baa       0x10 build/z1/obj/list.o
                0x0000000000006baa                list_length
 .any.text.list_contains
                0x0000000000006bba       0x12 build/z1/obj/list.o
                0x0000000000006bba                list_contains
 .any.text.log_6addr
                0x0000000000006bcc       0x32 build/z1/obj/log.o
                0x0000000000006bcc                log_6addr
 .any.text.log_lladdr
                0x0000000000006bfe       0x40 build/z1/obj/log.o
                0x0000000000006bfe                log_lladdr
 .any.text.mac_sequence_init
                0x0000000000006c3e        0xa build/z1/obj/mac-sequence.o
                0x0000000000006c3e                mac_sequence_init
 .any.text.mac_sequence_set_dsn
                0x0000000000006c48       0x18 build/z1/obj/mac-sequence.o
                0x0000000000006c48                mac_sequence_set_dsn
 .any.text.mac_sequence_is_duplicate
                0x0000000000006c60       0x6e build/z1/obj/mac-sequence.o
                0x0000000000006c60                mac_sequence_is_duplicate
 .any.text.mac_sequence_register_seqno
                0x0000000000006cce       0x86 build/z1/obj/mac-sequence.o
                0x0000000000006cce                mac_sequence_register_seqno
 .any.text.memb_init
                0x0000000000006d54       0x36 build/z1/obj/memb.o
                0x0000000000006d54                memb_init
 .any.text.memb_alloc
                0x0000000000006d8a       0x3e build/z1/obj/memb.o
                0x0000000000006d8a                memb_alloc
 .any.text.memb_free
                0x0000000000006dc8       0x32 build/z1/obj/memb.o
                0x0000000000006dc8                memb_free
 .any.text.memb_inmemb
                0x0000000000006dfa       0x2a build/z1/obj/memb.o
                0x0000000000006dfa                memb_inmemb
 .any.text.memb_numfree
                0x0000000000006e24       0x26 build/z1/obj/memb.o
                0x0000000000006e24                memb_numfree
 .any.text.msp430_init_dco
                0x0000000000006e4a       0x28 build/z1/obj/msp430.o
                0x0000000000006e4a                msp430_init_dco
 .any.text.splhigh_
                0x0000000000006e72        0xa build/z1/obj/msp430.o
                0x0000000000006e72                splhigh_
 .any.text.msp430_sync_dco
                0x0000000000006e7c       0x6e build/z1/obj/msp430.o
                0x0000000000006e7c                msp430_sync_dco
 .any.text.msp430_cpu_init
                0x0000000000006eea       0x2e build/z1/obj/msp430.o
                0x0000000000006eea                msp430_cpu_init
 .any.text.item_from_index
                0x0000000000006f18       0x2a build/z1/obj/nbr-table.o
 .any.text.index_from_key
                0x0000000000006f42       0x26 build/z1/obj/nbr-table.o
 .any.text.index_from_item
                0x0000000000006f68       0x1e build/z1/obj/nbr-table.o
 .any.text.nbr_set_bit
                0x0000000000006f86       0x4c build/z1/obj/nbr-table.o
 .any.text.index_from_lladdr
                0x0000000000006fd2       0x34 build/z1/obj/nbr-table.o
 .any.text.nbr_get_bit.constprop.3
                0x0000000000007006       0x28 build/z1/obj/nbr-table.o
 .any.text.remove_key
                0x000000000000702e       0x70 build/z1/obj/nbr-table.o
 .any.text.nbr_table_is_registered
                0x000000000000709e       0x22 build/z1/obj/nbr-table.o
                0x000000000000709e                nbr_table_is_registered
 .any.text.nbr_table_register
                0x00000000000070c0       0x3c build/z1/obj/nbr-table.o
                0x00000000000070c0                nbr_table_register
 .any.text.nbr_table_next
                0x00000000000070fc       0x4e build/z1/obj/nbr-table.o
                0x00000000000070fc                nbr_table_next
 .any.text.nbr_table_head
                0x000000000000714a       0x32 build/z1/obj/nbr-table.o
                0x000000000000714a                nbr_table_head
 .any.text.nbr_table_get_from_lladdr
                0x000000000000717c       0x28 build/z1/obj/nbr-table.o
                0x000000000000717c                nbr_table_get_from_lladdr
 .any.text.entry_is_allowed.isra.2
                0x00000000000071a4       0x6c build/z1/obj/nbr-table.o
 .any.text.nbr_table_add_lladdr
                0x0000000000007210       0xb2 build/z1/obj/nbr-table.o
                0x0000000000007210                nbr_table_add_lladdr
 .any.text.nbr_table_remove
                0x00000000000072c2       0x2a build/z1/obj/nbr-table.o
                0x00000000000072c2                nbr_table_remove
 .any.text.nbr_table_lock
                0x00000000000072ec       0x10 build/z1/obj/nbr-table.o
                0x00000000000072ec                nbr_table_lock
 .any.text.nbr_table_unlock
                0x00000000000072fc       0x10 build/z1/obj/nbr-table.o
                0x00000000000072fc                nbr_table_unlock
 .any.text.nbr_table_get_lladdr
                0x000000000000730c       0x20 build/z1/obj/nbr-table.o
                0x000000000000730c                nbr_table_get_lladdr
 .any.text.netstack_process_ip_callback
                0x000000000000732c       0x40 build/z1/obj/netstack.o
                0x000000000000732c                netstack_process_ip_callback
 .any.text.node_id_z1_restore
                0x000000000000736c       0x4c build/z1/obj/node-id-z1.o
                0x000000000000736c                node_id_z1_restore
 .any.text.packetbuf_hdrreduce
                0x00000000000073b8       0x1a build/z1/obj/packetbuf.o
                0x00000000000073b8                packetbuf_hdrreduce
 .any.text.packetbuf_set_datalen
                0x00000000000073d2        0x6 build/z1/obj/packetbuf.o
                0x00000000000073d2                packetbuf_set_datalen
 .any.text.packetbuf_hdrptr
                0x00000000000073d8        0x6 build/z1/obj/packetbuf.o
                0x00000000000073d8                packetbuf_hdrptr
 .any.text.packetbuf_datalen
                0x00000000000073de        0x6 build/z1/obj/packetbuf.o
                0x00000000000073de                packetbuf_datalen
 .any.text.packetbuf_hdrlen
                0x00000000000073e4        0xa build/z1/obj/packetbuf.o
                0x00000000000073e4                packetbuf_hdrlen
 .any.text.packetbuf_dataptr
                0x00000000000073ee        0xc build/z1/obj/packetbuf.o
                0x00000000000073ee                packetbuf_dataptr
 .any.text.packetbuf_copyto
                0x00000000000073fa       0x3a build/z1/obj/packetbuf.o
                0x00000000000073fa                packetbuf_copyto
 .any.text.packetbuf_totlen
                0x0000000000007434        0xc build/z1/obj/packetbuf.o
                0x0000000000007434                packetbuf_totlen
 .any.text.packetbuf_hdralloc
                0x0000000000007440       0x3c build/z1/obj/packetbuf.o
                0x0000000000007440                packetbuf_hdralloc
 .any.text.packetbuf_attr_clear
                0x000000000000747c       0x28 build/z1/obj/packetbuf.o
                0x000000000000747c                packetbuf_attr_clear
 .any.text.packetbuf_clear
                0x00000000000074a4       0x12 build/z1/obj/packetbuf.o
                0x00000000000074a4                packetbuf_clear
 .any.text.packetbuf_copyfrom
                0x00000000000074b6       0x2a build/z1/obj/packetbuf.o
                0x00000000000074b6                packetbuf_copyfrom
 .any.text.packetbuf_attr_copyto
                0x00000000000074e0       0x22 build/z1/obj/packetbuf.o
                0x00000000000074e0                packetbuf_attr_copyto
 .any.text.packetbuf_attr_copyfrom
                0x0000000000007502       0x24 build/z1/obj/packetbuf.o
                0x0000000000007502                packetbuf_attr_copyfrom
 .any.text.packetbuf_set_attr
                0x0000000000007526        0xa build/z1/obj/packetbuf.o
                0x0000000000007526                packetbuf_set_attr
 .any.text.packetbuf_attr
                0x0000000000007530        0xa build/z1/obj/packetbuf.o
                0x0000000000007530                packetbuf_attr
 .any.text.packetbuf_set_addr
                0x000000000000753a       0x12 build/z1/obj/packetbuf.o
                0x000000000000753a                packetbuf_set_addr
 .any.text.packetbuf_addr
                0x000000000000754c        0xe build/z1/obj/packetbuf.o
                0x000000000000754c                packetbuf_addr
 .any.text.packetbuf_holds_broadcast
                0x000000000000755a        0xe build/z1/obj/packetbuf.o
                0x000000000000755a                packetbuf_holds_broadcast
 .any.text.platform_init_stage_one
                0x0000000000007568       0x12 build/z1/obj/platform.o
                0x0000000000007568                platform_init_stage_one
 .any.text.platform_init_stage_two
                0x000000000000757a       0xb0 build/z1/obj/platform.o
                0x000000000000757a                platform_init_stage_two
 .any.text.platform_init_stage_three
                0x000000000000762a       0x78 build/z1/obj/platform.o
                0x000000000000762a                platform_init_stage_three
 .any.text.platform_idle
                0x00000000000076a2       0x54 build/z1/obj/platform.o
                0x00000000000076a2                platform_idle
 .any.text.call_process
                0x00000000000076f6       0x40 build/z1/obj/process.o
 .any.text.exit_process
                0x0000000000007736       0x8e build/z1/obj/process.o
 .any.text.do_poll
                0x00000000000077c4       0x30 build/z1/obj/process.o
 .any.text.process_alloc_event
                0x00000000000077f4       0x18 build/z1/obj/process.o
                0x00000000000077f4                process_alloc_event
 .any.text.process_init
                0x000000000000780c        0x8 build/z1/obj/process.o
                0x000000000000780c                process_init
 .any.text.process_run
                0x0000000000007814       0x86 build/z1/obj/process.o
                0x0000000000007814                process_run
 .any.text.process_nevents
                0x000000000000789a        0xa build/z1/obj/process.o
                0x000000000000789a                process_nevents
 .any.text.process_post
                0x00000000000078a4       0x4a build/z1/obj/process.o
                0x00000000000078a4                process_post
 .any.text.process_post_synch
                0x00000000000078ee       0x12 build/z1/obj/process.o
                0x00000000000078ee                process_post_synch
 .any.text.process_start
                0x0000000000007900       0x36 build/z1/obj/process.o
                0x0000000000007900                process_start
 .any.text.process_poll
                0x0000000000007936       0x18 build/z1/obj/process.o
                0x0000000000007936                process_poll
 .any.text.queuebuf_init
                0x000000000000794e       0x12 build/z1/obj/queuebuf.o
                0x000000000000794e                queuebuf_init
 .any.text.queuebuf_numfree
                0x0000000000007960        0xa build/z1/obj/queuebuf.o
                0x0000000000007960                queuebuf_numfree
 .any.text.queuebuf_new_from_packetbuf
                0x000000000000796a       0x4e build/z1/obj/queuebuf.o
                0x000000000000796a                queuebuf_new_from_packetbuf
 .any.text.queuebuf_update_attr_from_packetbuf
                0x00000000000079b8       0x12 build/z1/obj/queuebuf.o
                0x00000000000079b8                queuebuf_update_attr_from_packetbuf
 .any.text.queuebuf_free
                0x00000000000079ca       0x2a build/z1/obj/queuebuf.o
                0x00000000000079ca                queuebuf_free
 .any.text.queuebuf_to_packetbuf
                0x00000000000079f4       0x32 build/z1/obj/queuebuf.o
                0x00000000000079f4                queuebuf_to_packetbuf
 .any.text.random_init
                0x0000000000007a26       0x16 build/z1/obj/random.o
                0x0000000000007a26                random_init
 .any.text.rpl_dag_root_set_prefix
                0x0000000000007a3c       0x5e build/z1/obj/rpl-dag-root.o
                0x0000000000007a3c                rpl_dag_root_set_prefix
 .any.text.rpl_dag_root_start
                0x0000000000007a9a       0x82 build/z1/obj/rpl-dag-root.o
                0x0000000000007a9a                rpl_dag_root_start
 .any.text.rpl_dag_root_is_root
                0x0000000000007b1c       0x14 build/z1/obj/rpl-dag-root.o
                0x0000000000007b1c                rpl_dag_root_is_root
 .any.text.init_dag
                0x0000000000007b30       0x78 build/z1/obj/rpl-dag.o
 .any.text.process_dio_init_dag
                0x0000000000007ba8       0xb0 build/z1/obj/rpl-dag.o
 .any.text.rpl_dag_get_root_ipaddr
                0x0000000000007c58       0x1e build/z1/obj/rpl-dag.o
                0x0000000000007c58                rpl_dag_get_root_ipaddr
 .any.text.rpl_dag_leave
                0x0000000000007c76       0x4a build/z1/obj/rpl-dag.o
                0x0000000000007c76                rpl_dag_leave
 .any.text.rpl_dag_poison_and_leave
                0x0000000000007cc0        0xc build/z1/obj/rpl-dag.o
                0x0000000000007cc0                rpl_dag_poison_and_leave
 .any.text.rpl_dag_periodic
                0x0000000000007ccc       0x6a build/z1/obj/rpl-dag.o
                0x0000000000007ccc                rpl_dag_periodic
 .any.text.rpl_is_addr_in_our_dag
                0x0000000000007d36       0x26 build/z1/obj/rpl-dag.o
                0x0000000000007d36                rpl_is_addr_in_our_dag
 .any.text.rpl_local_repair
                0x0000000000007d5c       0x2a build/z1/obj/rpl-dag.o
                0x0000000000007d5c                rpl_local_repair
 .any.text.rpl_global_repair
                0x0000000000007d86       0x2e build/z1/obj/rpl-dag.o
                0x0000000000007d86                rpl_global_repair
 .any.text.rpl_dag_ready_to_advertise
                0x0000000000007db4       0x22 build/z1/obj/rpl-dag.o
                0x0000000000007db4                rpl_dag_ready_to_advertise
 .any.text.rpl_dag_update_state
                0x0000000000007dd6      0x13c build/z1/obj/rpl-dag.o
                0x0000000000007dd6                rpl_dag_update_state
 .any.text.rpl_process_dio
                0x0000000000007f12      0x19e build/z1/obj/rpl-dag.o
                0x0000000000007f12                rpl_process_dio
 .any.text.rpl_process_dis
                0x00000000000080b0       0x2a build/z1/obj/rpl-dag.o
                0x00000000000080b0                rpl_process_dis
 .any.text.rpl_process_dao
                0x00000000000080da       0x66 build/z1/obj/rpl-dag.o
                0x00000000000080da                rpl_process_dao
 .any.text.rpl_process_dao_ack
                0x0000000000008140       0x50 build/z1/obj/rpl-dag.o
                0x0000000000008140                rpl_process_dao_ack
 .any.text.rpl_process_hbh
                0x0000000000008190       0x26 build/z1/obj/rpl-dag.o
                0x0000000000008190                rpl_process_hbh
 .any.text.rpl_dag_init_root
                0x00000000000081b6       0xac build/z1/obj/rpl-dag.o
                0x00000000000081b6                rpl_dag_init_root
 .any.text.rpl_dag_init
                0x0000000000008262       0x10 build/z1/obj/rpl-dag.o
                0x0000000000008262                rpl_dag_init
 .any.text.update_hbh_header
                0x0000000000008272       0x4a build/z1/obj/rpl-ext-header.o
 .any.text.rpl_ext_header_srh_get_next_hop
                0x00000000000082bc       0x7c build/z1/obj/rpl-ext-header.o
                0x00000000000082bc                rpl_ext_header_srh_get_next_hop
 .any.text.rpl_ext_header_srh_update
                0x0000000000008338      0x20e build/z1/obj/rpl-ext-header.o
                0x0000000000008338                rpl_ext_header_srh_update
 .any.text.rpl_ext_header_hbh_update
                0x0000000000008546       0x90 build/z1/obj/rpl-ext-header.o
                0x0000000000008546                rpl_ext_header_hbh_update
 .any.text.rpl_ext_header_remove
                0x00000000000085d6       0xc0 build/z1/obj/rpl-ext-header.o
                0x00000000000085d6                rpl_ext_header_remove
 .any.text.rpl_ext_header_update
                0x0000000000008696      0x266 build/z1/obj/rpl-ext-header.o
                0x0000000000008696                rpl_ext_header_update
 .any.text.get32
                0x00000000000088fc       0x3e build/z1/obj/rpl-icmp6.o
 .any.text.set32
                0x000000000000893a       0x2a build/z1/obj/rpl-icmp6.o
 .any.text.get16
                0x0000000000008964        0xe build/z1/obj/rpl-icmp6.o
 .any.text.set16
                0x0000000000008972       0x10 build/z1/obj/rpl-icmp6.o
 .any.text.dao_ack_input
                0x0000000000008982       0x30 build/z1/obj/rpl-icmp6.o
 .any.text.dao_input
                0x00000000000089b2      0x158 build/z1/obj/rpl-icmp6.o
 .any.text.dio_input
                0x0000000000008b0a      0x292 build/z1/obj/rpl-icmp6.o
 .any.text.dis_input
                0x0000000000008d9c       0x1e build/z1/obj/rpl-icmp6.o
 .any.text.rpl_icmp6_update_nbr_table
                0x0000000000008dba       0x2e build/z1/obj/rpl-icmp6.o
                0x0000000000008dba                rpl_icmp6_update_nbr_table
 .any.text.rpl_icmp6_dis_output
                0x0000000000008de8       0x34 build/z1/obj/rpl-icmp6.o
                0x0000000000008de8                rpl_icmp6_dis_output
 .any.text.rpl_icmp6_dio_output
                0x0000000000008e1c      0x20a build/z1/obj/rpl-icmp6.o
                0x0000000000008e1c                rpl_icmp6_dio_output
 .any.text.rpl_icmp6_dao_output
                0x0000000000009026       0xd6 build/z1/obj/rpl-icmp6.o
                0x0000000000009026                rpl_icmp6_dao_output
 .any.text.rpl_icmp6_dao_ack_output
                0x00000000000090fc       0x46 build/z1/obj/rpl-icmp6.o
                0x00000000000090fc                rpl_icmp6_dao_ack_output
 .any.text.rpl_icmp6_init
                0x0000000000009142       0x22 build/z1/obj/rpl-icmp6.o
                0x0000000000009142                rpl_icmp6_init
 .any.text.reset
                0x0000000000009164        0x2 build/z1/obj/rpl-mrhof.o
 .any.text.update_metric_container
                0x0000000000009166        0x6 build/z1/obj/rpl-mrhof.o
 .any.text.nbr_link_metric
                0x000000000000916c       0x12 build/z1/obj/rpl-mrhof.o
 .any.text.nbr_has_usable_link
                0x000000000000917e       0x14 build/z1/obj/rpl-mrhof.o
 .any.text.nbr_path_cost
                0x0000000000009192       0x34 build/z1/obj/rpl-mrhof.o
 .any.text.within_hysteresis
                0x00000000000091c6       0x4c build/z1/obj/rpl-mrhof.o
 .any.text.nbr_is_acceptable_parent
                0x0000000000009212       0x28 build/z1/obj/rpl-mrhof.o
 .any.text.rank_via_nbr
                0x000000000000923a       0x40 build/z1/obj/rpl-mrhof.o
 .any.text.best_parent
                0x000000000000927a       0x74 build/z1/obj/rpl-mrhof.o
 .any.text.get_rank
                0x00000000000092ee       0x16 build/z1/obj/rpl-nbr-policy.o
 .any.text.rpl_nbr_gc_get_worst
                0x0000000000009304       0x20 build/z1/obj/rpl-nbr-policy.o
                0x0000000000009304                rpl_nbr_gc_get_worst
 .any.text.remove_neighbor
                0x0000000000009324       0x24 build/z1/obj/rpl-neighbor.o
 .any.text.rpl_neighbor_get_from_lladdr
                0x0000000000009348        0xc build/z1/obj/rpl-neighbor.o
                0x0000000000009348                rpl_neighbor_get_from_lladdr
 .any.text.rpl_neighbor_rank_via_nbr
                0x0000000000009354       0x18 build/z1/obj/rpl-neighbor.o
                0x0000000000009354                rpl_neighbor_rank_via_nbr
 .any.text.rpl_neighbor_get_lladdr
                0x000000000000936c        0xc build/z1/obj/rpl-neighbor.o
                0x000000000000936c                rpl_neighbor_get_lladdr
 .any.text.rpl_neighbor_get_ipaddr
                0x0000000000009378        0xa build/z1/obj/rpl-neighbor.o
                0x0000000000009378                rpl_neighbor_get_ipaddr
 .any.text.rpl_neighbor_get_link_stats
                0x0000000000009382        0xa build/z1/obj/rpl-neighbor.o
                0x0000000000009382                rpl_neighbor_get_link_stats
 .any.text.rpl_neighbor_is_fresh
                0x000000000000938c        0xa build/z1/obj/rpl-neighbor.o
                0x000000000000938c                rpl_neighbor_is_fresh
 .any.text.best_parent
                0x0000000000009396       0x9c build/z1/obj/rpl-neighbor.o
 .any.text.rpl_neighbor_set_preferred_parent
                0x0000000000009432       0x48 build/z1/obj/rpl-neighbor.o
                0x0000000000009432                rpl_neighbor_set_preferred_parent
 .any.text.rpl_neighbor_remove_all
                0x000000000000947a       0x30 build/z1/obj/rpl-neighbor.o
                0x000000000000947a                rpl_neighbor_remove_all
 .any.text.rpl_neighbor_get_from_ipaddr
                0x00000000000094aa       0x14 build/z1/obj/rpl-neighbor.o
                0x00000000000094aa                rpl_neighbor_get_from_ipaddr
 .any.text.rpl_neighbor_select_best
                0x00000000000094be       0x54 build/z1/obj/rpl-neighbor.o
                0x00000000000094be                rpl_neighbor_select_best
 .any.text.rpl_neighbor_init
                0x0000000000009512        0xe build/z1/obj/rpl-neighbor.o
                0x0000000000009512                rpl_neighbor_init
 .any.text.random_rand
                0x0000000000009520        0x6 build/z1/obj/rpl-timers.o
 .any.text.handle_state_update
                0x0000000000009526        0x6 build/z1/obj/rpl-timers.o
 .any.text.handle_leaving_timer
                0x000000000000952c        0xc build/z1/obj/rpl-timers.o
 .any.text.handle_unicast_dio_timer
                0x0000000000009538       0x12 build/z1/obj/rpl-timers.o
 .any.text.handle_dao_ack_timer
                0x000000000000954a       0x12 build/z1/obj/rpl-timers.o
 .any.text.ctimer_set.constprop.3
                0x000000000000955c        0xe build/z1/obj/rpl-timers.o
 .any.text.new_dio_interval
                0x000000000000956a       0x82 build/z1/obj/rpl-timers.o
 .any.text.handle_dio_timer
                0x00000000000095ec       0x6a build/z1/obj/rpl-timers.o
 .any.text.schedule_dao_retransmission
                0x0000000000009656       0x2c build/z1/obj/rpl-timers.o
 .any.text.send_new_dao
                0x0000000000009682       0x28 build/z1/obj/rpl-timers.o
 .any.text.resend_dao
                0x00000000000096aa       0x24 build/z1/obj/rpl-timers.o
 .any.text.rpl_timers_schedule_periodic_dis
                0x00000000000096ce       0x38 build/z1/obj/rpl-timers.o
                0x00000000000096ce                rpl_timers_schedule_periodic_dis
 .any.text.handle_periodic_timer
                0x0000000000009706       0x3a build/z1/obj/rpl-timers.o
 .any.text.handle_dis_timer
                0x0000000000009740       0x26 build/z1/obj/rpl-timers.o
 .any.text.rpl_timers_dio_reset
                0x0000000000009766       0x2e build/z1/obj/rpl-timers.o
                0x0000000000009766                rpl_timers_dio_reset
 .any.text.rpl_timers_schedule_unicast_dio
                0x0000000000009794       0x1c build/z1/obj/rpl-timers.o
                0x0000000000009794                rpl_timers_schedule_unicast_dio
 .any.text.rpl_timers_schedule_dao
                0x00000000000097b0       0x34 build/z1/obj/rpl-timers.o
                0x00000000000097b0                rpl_timers_schedule_dao
 .any.text.rpl_timers_schedule_dao_ack
                0x00000000000097e4       0x30 build/z1/obj/rpl-timers.o
                0x00000000000097e4                rpl_timers_schedule_dao_ack
 .any.text.rpl_timers_notify_dao_ack
                0x0000000000009814       0x7a build/z1/obj/rpl-timers.o
                0x0000000000009814                rpl_timers_notify_dao_ack
 .any.text.get_probing_delay
                0x000000000000988e       0x1c build/z1/obj/rpl-timers.o
                0x000000000000988e                get_probing_delay
 .any.text.get_probing_target
                0x00000000000098aa       0xda build/z1/obj/rpl-timers.o
                0x00000000000098aa                get_probing_target
 .any.text.rpl_schedule_probing
                0x0000000000009984       0x1c build/z1/obj/rpl-timers.o
                0x0000000000009984                rpl_schedule_probing
 .any.text.handle_probing_timer
                0x00000000000099a0       0x26 build/z1/obj/rpl-timers.o
 .any.text.rpl_schedule_probing_now
                0x00000000000099c6       0x20 build/z1/obj/rpl-timers.o
                0x00000000000099c6                rpl_schedule_probing_now
 .any.text.rpl_timers_unschedule_leaving
                0x00000000000099e6       0x1c build/z1/obj/rpl-timers.o
                0x00000000000099e6                rpl_timers_unschedule_leaving
 .any.text.rpl_timers_schedule_leaving
                0x0000000000009a02       0x26 build/z1/obj/rpl-timers.o
                0x0000000000009a02                rpl_timers_schedule_leaving
 .any.text.rpl_timers_init
                0x0000000000009a28       0x18 build/z1/obj/rpl-timers.o
                0x0000000000009a28                rpl_timers_init
 .any.text.rpl_timers_stop_dag_timers
                0x0000000000009a40       0x4c build/z1/obj/rpl-timers.o
                0x0000000000009a40                rpl_timers_stop_dag_timers
 .any.text.rpl_timers_schedule_state_update
                0x0000000000009a8c       0x18 build/z1/obj/rpl-timers.o
                0x0000000000009a8c                rpl_timers_schedule_state_update
 .any.text.rpl_has_joined
                0x0000000000009aa4       0x12 build/z1/obj/rpl.o
                0x0000000000009aa4                rpl_has_joined
 .any.text.rpl_is_reachable
                0x0000000000009ab6       0x12 build/z1/obj/rpl.o
                0x0000000000009ab6                rpl_is_reachable
 .any.text.neighbor_state_changed
                0x0000000000009ac8        0x2 build/z1/obj/rpl.o
 .any.text.drop_route
                0x0000000000009aca        0x2 build/z1/obj/rpl.o
 .any.text.rpl_get_leaf_only
                0x0000000000009acc        0x6 build/z1/obj/rpl.o
                0x0000000000009acc                rpl_get_leaf_only
 .any.text.get_sr_node_ipaddr
                0x0000000000009ad2       0x30 build/z1/obj/rpl.o
 .any.text.init
                0x0000000000009b02       0x42 build/z1/obj/rpl.o
 .any.text.set_ip_from_prefix
                0x0000000000009b44       0x30 build/z1/obj/rpl.o
 .any.text.rpl_link_callback
                0x0000000000009b74       0x1e build/z1/obj/rpl.o
                0x0000000000009b74                rpl_link_callback
 .any.text.rpl_lollipop_greater_than
                0x0000000000009b92       0x40 build/z1/obj/rpl.o
                0x0000000000009b92                rpl_lollipop_greater_than
 .any.text.rpl_get_global_address
                0x0000000000009bd2       0x8c build/z1/obj/rpl.o
                0x0000000000009bd2                rpl_get_global_address
 .any.text.rpl_reset_prefix
                0x0000000000009c5e       0x24 build/z1/obj/rpl.o
                0x0000000000009c5e                rpl_reset_prefix
 .any.text.rpl_set_prefix_from_addr
                0x0000000000009c82       0x80 build/z1/obj/rpl.o
                0x0000000000009c82                rpl_set_prefix_from_addr
 .any.text.rtimer_arch_init
                0x0000000000009d02        0xe build/z1/obj/rtimer-arch.o
                0x0000000000009d02                rtimer_arch_init
 .any.text.rtimer_arch_now
                0x0000000000009d10        0xe build/z1/obj/rtimer-arch.o
                0x0000000000009d10                rtimer_arch_now
 .any.text.rtimer_run_next
                0x0000000000009d1e       0x18 build/z1/obj/rtimer.o
                0x0000000000009d1e                rtimer_run_next
 .any.text.process_thread_sensors_process
                0x0000000000009d36       0xc2 build/z1/obj/sensors.o
 .any.text.sensors_changed
                0x0000000000009df8       0x2a build/z1/obj/sensors.o
                0x0000000000009df8                sensors_changed
 .any.text.rand
                0x0000000000009e22       0x46 build/z1/obj/sfc16-prng.o
 .any.text.seed
                0x0000000000009e68       0x22 build/z1/obj/sfc16-prng.o
 .any.text.init
                0x0000000000009e8a       0x7a build/z1/obj/sha-256.o
 .any.text.restore_checkpoint
                0x0000000000009f04       0x10 build/z1/obj/sha-256.o
 .any.text.create_checkpoint
                0x0000000000009f14        0xe build/z1/obj/sha-256.o
 .any.text.transform
                0x0000000000009f22     0x3076 build/z1/obj/sha-256.o
 .any.text.update
                0x000000000000cf98       0x9c build/z1/obj/sha-256.o
 .any.text.finalize
                0x000000000000d034       0xfc build/z1/obj/sha-256.o
 .any.text.sha_256_hash
                0x000000000000d130       0x28 build/z1/obj/sha-256.o
                0x000000000000d130                sha_256_hash
 .any.text.clear_fragments
                0x000000000000d158       0x40 build/z1/obj/sicslowpan.o
 .any.text.addr_context_lookup_by_number
                0x000000000000d198       0x16 build/z1/obj/sicslowpan.o
 .any.text.sicslowpan_init
                0x000000000000d1ae       0x18 build/z1/obj/sicslowpan.o
                0x000000000000d1ae                sicslowpan_init
 .any.text.set_packet_attrs
                0x000000000000d1c6       0x66 build/z1/obj/sicslowpan.o
 .any.text.compress_addr_64
                0x000000000000d22c       0x9a build/z1/obj/sicslowpan.o
 .any.text.addr_context_lookup_by_prefix
                0x000000000000d2c6       0x20 build/z1/obj/sicslowpan.o
 .any.text.send_packet
                0x000000000000d2e6       0x10 build/z1/obj/sicslowpan.o
 .any.text.fragment_copy_payload_and_send
                0x000000000000d2f6       0x54 build/z1/obj/sicslowpan.o
 .any.text.packet_sent
                0x000000000000d34a       0x4e build/z1/obj/sicslowpan.o
 .any.text.store_fragment
                0x000000000000d398       0x72 build/z1/obj/sicslowpan.o
 .any.text.add_fragment
                0x000000000000d40a      0x1e8 build/z1/obj/sicslowpan.o
 .any.text.uncompress_addr
                0x000000000000d5f2       0xb0 build/z1/obj/sicslowpan.o
 .any.text.output
                0x000000000000d6a2      0x742 build/z1/obj/sicslowpan.o
 .any.text.input
                0x000000000000dde4      0x99a build/z1/obj/sicslowpan.o
 .any.text.process_thread_simple_udp_process
                0x000000000000e77e       0xa8 build/z1/obj/simple-udp.o
 .any.text.simple_udp_sendto
                0x000000000000e826       0x28 build/z1/obj/simple-udp.o
                0x000000000000e826                simple_udp_sendto
 .any.text.simple_udp_register
                0x000000000000e84e       0x8c build/z1/obj/simple-udp.o
                0x000000000000e84e                simple_udp_register
 .any.text.spi_init
                0x000000000000e8da       0x32 build/z1/obj/spi-legacy.o
                0x000000000000e8da                spi_init
 .any.text.stack_check_init
                0x000000000000e90c       0x2e build/z1/obj/stack-check.o
                0x000000000000e90c                stack_check_init
 .any.text.stack_check_get_usage
                0x000000000000e93a       0x46 build/z1/obj/stack-check.o
                0x000000000000e93a                stack_check_get_usage
 .any.text.process_thread_stack_check_process
                0x000000000000e980       0x88 build/z1/obj/stack-check.o
 .any.text.stimer_expired
                0x000000000000ea08       0x30 build/z1/obj/stimer.o
                0x000000000000ea08                stimer_expired
 .any.text.tcpip_output
                0x000000000000ea38       0x22 build/z1/obj/tcpip.o
                0x000000000000ea38                tcpip_output
 .any.text.udp_new
                0x000000000000ea5a       0x1a build/z1/obj/tcpip.o
                0x000000000000ea5a                udp_new
 .any.text.tcpip_input
                0x000000000000ea74       0x1e build/z1/obj/tcpip.o
                0x000000000000ea74                tcpip_input
 .any.text.tcpip_ipv6_output
                0x000000000000ea92      0x10c build/z1/obj/tcpip.o
                0x000000000000ea92                tcpip_ipv6_output
 .any.text.packet_input.part.3
                0x000000000000eb9e       0x12 build/z1/obj/tcpip.o
 .any.text.process_thread_tcpip_process
                0x000000000000ebb0       0xb0 build/z1/obj/tcpip.o
 .any.text.tcpip_uipcall
                0x000000000000ec60       0x2a build/z1/obj/tcpip.o
                0x000000000000ec60                tcpip_uipcall
 .any.text.timer_set
                0x000000000000ec8a       0x1c build/z1/obj/timer.o
                0x000000000000ec8a                timer_set
 .any.text.timer_expired
                0x000000000000eca6       0x2a build/z1/obj/timer.o
                0x000000000000eca6                timer_expired
 .any.text.timer_reset
                0x000000000000ecd0       0x1c build/z1/obj/timer.o
                0x000000000000ecd0                timer_reset
 .any.text.status
                0x000000000000ecec       0x12 build/z1/obj/tmp102.o
 .any.text.tmp102_init
                0x000000000000ecfe       0x24 build/z1/obj/tmp102.o
                0x000000000000ecfe                tmp102_init
 .any.text.tmp102_stop
                0x000000000000ed22        0xa build/z1/obj/tmp102.o
                0x000000000000ed22                tmp102_stop
 .any.text.configure
                0x000000000000ed2c       0x26 build/z1/obj/tmp102.o
 .any.text.tmp102_read_reg
                0x000000000000ed52       0x5e build/z1/obj/tmp102.o
                0x000000000000ed52                tmp102_read_reg
 .any.text.tmp102_read_temp_x100
                0x000000000000edb0       0x58 build/z1/obj/tmp102.o
                0x000000000000edb0                tmp102_read_temp_x100
 .any.text.value
                0x000000000000ee08        0x6 build/z1/obj/tmp102.o
 .any.text.putchar
                0x000000000000ee0e       0x10 build/z1/obj/uart-putchar.o
                0x000000000000ee0e                putchar
 .any.text.uart0_active
                0x000000000000ee1e        0xe build/z1/obj/uart0.o
                0x000000000000ee1e                uart0_active
 .any.text.uart0_writeb
                0x000000000000ee2c       0x16 build/z1/obj/uart0.o
                0x000000000000ee2c                uart0_writeb
 .any.text.uart0_init
                0x000000000000ee42       0x4e build/z1/obj/uart0.o
                0x000000000000ee42                uart0_init
 .any.text.process_thread_udp_client_process
                0x000000000000ee90      0x400 build/z1/obj/udp-client.o
 .any.text.udp_rx_callback
                0x000000000000f290       0x98 build/z1/obj/udp-client.o
 .any.text.uip_ds6_nbr_rm
                0x000000000000f328       0x1e build/z1/obj/uip-ds6-nbr.o
                0x000000000000f328                uip_ds6_nbr_rm
 .any.text.uip_ds6_neighbors_init
                0x000000000000f346       0x12 build/z1/obj/uip-ds6-nbr.o
                0x000000000000f346                uip_ds6_neighbors_init
 .any.text.uip_ds6_nbr_add
                0x000000000000f358       0x36 build/z1/obj/uip-ds6-nbr.o
                0x000000000000f358                uip_ds6_nbr_add
 .any.text.uip_ds6_nbr_get_ll
                0x000000000000f38e        0xc build/z1/obj/uip-ds6-nbr.o
                0x000000000000f38e                uip_ds6_nbr_get_ll
 .any.text.uip_ds6_nbr_head
                0x000000000000f39a        0xa build/z1/obj/uip-ds6-nbr.o
                0x000000000000f39a                uip_ds6_nbr_head
 .any.text.uip_ds6_nbr_next
                0x000000000000f3a4        0xc build/z1/obj/uip-ds6-nbr.o
                0x000000000000f3a4                uip_ds6_nbr_next
 .any.text.uip_ds6_nbr_lookup
                0x000000000000f3b0       0x36 build/z1/obj/uip-ds6-nbr.o
                0x000000000000f3b0                uip_ds6_nbr_lookup
 .any.text.uip_ds6_nbr_ll_lookup
                0x000000000000f3e6        0xc build/z1/obj/uip-ds6-nbr.o
                0x000000000000f3e6                uip_ds6_nbr_ll_lookup
 .any.text.uip_ds6_nbr_update_ll
                0x000000000000f3f2       0x6e build/z1/obj/uip-ds6-nbr.o
                0x000000000000f3f2                uip_ds6_nbr_update_ll
 .any.text.uip_ds6_nbr_ipaddr_from_lladdr
                0x000000000000f460        0x6 build/z1/obj/uip-ds6-nbr.o
                0x000000000000f460                uip_ds6_nbr_ipaddr_from_lladdr
 .any.text.uip_ds6_nbr_lladdr_from_ipaddr
                0x000000000000f466       0x12 build/z1/obj/uip-ds6-nbr.o
                0x000000000000f466                uip_ds6_nbr_lladdr_from_ipaddr
 .any.text.uip_ds6_link_callback
                0x000000000000f478        0x2 build/z1/obj/uip-ds6-nbr.o
                0x000000000000f478                uip_ds6_link_callback
 .any.text.uip_ds6_route_init
                0x000000000000f47a        0xe build/z1/obj/uip-ds6-route.o
                0x000000000000f47a                uip_ds6_route_init
 .any.text.uip_ds6_route_nexthop
                0x000000000000f488        0x4 build/z1/obj/uip-ds6-route.o
                0x000000000000f488                uip_ds6_route_nexthop
 .any.text.uip_ds6_route_lookup
                0x000000000000f48c        0x4 build/z1/obj/uip-ds6-route.o
                0x000000000000f48c                uip_ds6_route_lookup
 .any.text.uip_ds6_route_rm
                0x000000000000f490        0x2 build/z1/obj/uip-ds6-route.o
                0x000000000000f490                uip_ds6_route_rm
 .any.text.uip_ds6_defrt_rm
                0x000000000000f492       0x2c build/z1/obj/uip-ds6-route.o
                0x000000000000f492                uip_ds6_defrt_rm
 .any.text.uip_ds6_defrt_lookup
                0x000000000000f4be       0x30 build/z1/obj/uip-ds6-route.o
                0x000000000000f4be                uip_ds6_defrt_lookup
 .any.text.uip_ds6_defrt_add
                0x000000000000f4ee       0x6c build/z1/obj/uip-ds6-route.o
                0x000000000000f4ee                uip_ds6_defrt_add
 .any.text.uip_ds6_defrt_choose
                0x000000000000f55a       0x2a build/z1/obj/uip-ds6-route.o
                0x000000000000f55a                uip_ds6_defrt_choose
 .any.text.uip_ds6_default_prefix
                0x000000000000f584        0x6 build/z1/obj/uip-ds6.o
                0x000000000000f584                uip_ds6_default_prefix

.rodata         0x000000000000f58c      0x8dc
                0x000000000000f58c                . = ALIGN (0x2)
 *(SORT(.rodata) SORT(.rodata.*) SORT(.gnu.linkonce.r.*))
 .rodata.get_value
                0x000000000000f58c       0x68 build/z1/obj/cc2420.o
 .rodata.set_value
                0x000000000000f5f4       0x20 build/z1/obj/cc2420.o
 .rodata.adxl345
                0x000000000000f614        0xe build/z1/obj/adxl345.o
                0x000000000000f614                adxl345
 .rodata.button_sensor
                0x000000000000f622        0xe build/z1/obj/button-sensor.o
                0x000000000000f622                button_sensor
 .rodata.cc2420_driver
                0x000000000000f630       0x38 build/z1/obj/cc2420.o
                0x000000000000f630                cc2420_driver
 .rodata.output_power
                0x000000000000f668       0x10 build/z1/obj/cc2420.o
 .rodata.csma_driver
                0x000000000000f678       0x1a build/z1/obj/csma.o
                0x000000000000f678                csma_driver
 .rodata.framer_802154
                0x000000000000f692        0xc build/z1/obj/framer-802154.o
                0x000000000000f692                framer_802154
 .rodata.linkaddr_null
                0x000000000000f69e        0x8 build/z1/obj/linkaddr.o
                0x000000000000f69e                linkaddr_null
 .rodata.rpl_lite_driver
                0x000000000000f6a6       0x52 build/z1/obj/rpl.o
                0x000000000000f6a6                rpl_lite_driver
 .rodata.sfc16_prng
                0x000000000000f6f8        0x8 build/z1/obj/sfc16-prng.o
                0x000000000000f6f8                sfc16_prng
 .rodata.sha_256_driver
                0x000000000000f700       0x18 build/z1/obj/sha-256.o
                0x000000000000f700                sha_256_driver
 .rodata.K      0x000000000000f718      0x100 build/z1/obj/sha-256.o
 .rodata.sicslowpan_driver
                0x000000000000f818        0xe build/z1/obj/sicslowpan.o
                0x000000000000f818                sicslowpan_driver
 .rodata.tmp102
                0x000000000000f826        0xe build/z1/obj/tmp102.o
                0x000000000000f826                tmp102
 .rodata.autostart_processes
                0x000000000000f834        0x4 build/z1/obj/udp-client.o
                0x000000000000f834                autostart_processes
 .rodata        0x000000000000f838       0x25 build/z1/obj/adxl345.o
 .rodata        0x000000000000f85d        0x7 build/z1/obj/button-sensor.o
 .rodata        0x000000000000f864        0xe build/z1/obj/cc2420.o
 .rodata        0x000000000000f872       0xf4 build/z1/obj/contiki-main.o
 .rodata        0x000000000000f966        0x5 build/z1/obj/csma.o
 .rodata        0x000000000000f96b        0xf build/z1/obj/ctimer.o
 .rodata        0x000000000000f97a        0xc build/z1/obj/etimer.o
 .rodata.CSWTCH.17
                0x000000000000f986        0x2 build/z1/obj/frame802154.o
 .rodata.log_6addr
                0x000000000000f988        0x3 build/z1/obj/log.o
 .rodata.log_lladdr
                0x000000000000f98b       0x14 build/z1/obj/log.o
 .rodata.platform_init_stage_three
                0x000000000000f99f       0x30 build/z1/obj/platform.o
 .rodata.process_dio_init_dag
                0x000000000000f9cf        0x5 build/z1/obj/rpl-dag.o
 .rodata.rpl_local_repair
                0x000000000000f9d4        0xd build/z1/obj/rpl-dag.o
 .rodata.rpl_global_repair
                0x000000000000f9e1        0xe build/z1/obj/rpl-dag.o
 .rodata.rpl_dag_update_state
                0x000000000000f9ef       0x31 build/z1/obj/rpl-dag.o
 .rodata.rpl_process_dio
                0x000000000000fa20       0x35 build/z1/obj/rpl-dag.o
 .rodata.rpl_process_dis
                0x000000000000fa55        0xe build/z1/obj/rpl-dag.o
 .rodata.rpl_process_dao_ack
                0x000000000000fa63        0xa build/z1/obj/rpl-dag.o
 .rodata.rpl_dag_init_root
                0x000000000000fa6d        0xa build/z1/obj/rpl-dag.o
 .rodata.resend_dao
                0x000000000000fa77        0xc build/z1/obj/rpl-timers.o
 .rodata        0x000000000000fa83        0x9 build/z1/obj/rpl.o
 .rodata        0x000000000000fa8c        0x8 build/z1/obj/sensors.o
 .rodata.PAD.2482
                0x000000000000fa94       0x40 build/z1/obj/sha-256.o
 .rodata        0x000000000000fad4        0xb build/z1/obj/sicslowpan.o
 .rodata.llprefix
                0x000000000000fadf        0x2 build/z1/obj/sicslowpan.o
                0x000000000000fadf                llprefix
 .rodata.unc_mxconf
                0x000000000000fae1        0x4 build/z1/obj/sicslowpan.o
                0x000000000000fae1                unc_mxconf
 .rodata.unc_ctxconf
                0x000000000000fae5        0x4 build/z1/obj/sicslowpan.o
                0x000000000000fae5                unc_ctxconf
 .rodata.unc_llconf
                0x000000000000fae9        0x4 build/z1/obj/sicslowpan.o
                0x000000000000fae9                unc_llconf
 .rodata.ttl_values
                0x000000000000faed        0x4 build/z1/obj/sicslowpan.o
 .rodata        0x000000000000faf1       0x13 build/z1/obj/simple-udp.o
 .rodata.process_thread_stack_check_process
                0x000000000000fb04       0x32 build/z1/obj/stack-check.o
 .rodata        0x000000000000fb36        0xc build/z1/obj/stack-check.o
 .rodata        0x000000000000fb42        0xd build/z1/obj/tcpip.o
 .rodata        0x000000000000fb4f        0xe build/z1/obj/tmp102.o
 .rodata.process_thread_udp_client_process
                0x000000000000fb5d      0x255 build/z1/obj/udp-client.o
 .rodata.udp_rx_callback
                0x000000000000fdb2       0x4e build/z1/obj/udp-client.o
 .rodata        0x000000000000fe00        0xb build/z1/obj/udp-client.o
 .rodata.uiplib_ipaddr_snprint
                0x000000000000fe0b       0x2a build/z1/obj/uiplib.o
 .rodata.xmem_erase
                0x000000000000fe35       0x2c build/z1/obj/xmem.o
 .rodata.vuprintf
                0x000000000000fe61        0x7 /usr/local/bin/../lib/gcc/msp430/4.7.4/../../../../msp430/lib/mcpu-430x/mmpy-16/msr20/mc20/libc.a(vuprintf.o)
 *(SORT(.near.rodata) SORT(.near.rodata.*))
                0x000000000000fe68                . = ALIGN (0x2)
                0x000000000000fe68                _etext = .

.data           0x0000000000001100      0x14e load address 0x000000000000fe68
                0x0000000000001100                . = ALIGN (0x2)
                0x0000000000001100                __data_start = .
 *(SORT(.data) SORT(.data.*) SORT(.gnu.linkonce.d.*))
 .data.accmeter_process
                0x0000000000001100        0xc build/z1/obj/adxl345.o
                0x0000000000001100                accmeter_process
 .data.cc2420_process
                0x000000000000110c        0xc build/z1/obj/cc2420.o
                0x000000000000110c                cc2420_process
 .data.neighbor_memb
                0x0000000000001118        0x8 build/z1/obj/csma-output.o
 .data.packet_memb
                0x0000000000001120        0x8 build/z1/obj/csma-output.o
 .data.metadata_memb
                0x0000000000001128        0x8 build/z1/obj/csma-output.o
 .data.ctimer_process
                0x0000000000001130        0xc build/z1/obj/ctimer.o
                0x0000000000001130                ctimer_process
 .data.etimer_process
                0x000000000000113c        0xc build/z1/obj/etimer.o
                0x000000000000113c                etimer_process
 .data.mac_pan_id